Component: ARM Compiler 5.06 update 7 (build 960) Tool: armlink [4d3601]

==============================================================================

Section Cross References

    startup_stm32f446xx.o(RESET) refers to startup_stm32f446xx.o(STACK) for __initial_sp
    startup_stm32f446xx.o(RESET) refers to startup_stm32f446xx.o(.text) for Reset_Handler
    startup_stm32f446xx.o(RESET) refers to stm32f4xx_it.o(i.NMI_Handler) for NMI_Handler
    startup_stm32f446xx.o(RESET) refers to stm32f4xx_it.o(i.HardFault_Handler) for HardFault_Handler
    startup_stm32f446xx.o(RESET) refers to stm32f4xx_it.o(i.MemManage_Handler) for MemManage_Handler
    startup_stm32f446xx.o(RESET) refers to stm32f4xx_it.o(i.BusFault_Handler) for BusFault_Handler
    startup_stm32f446xx.o(RESET) refers to stm32f4xx_it.o(i.UsageFault_Handler) for UsageFault_Handler
    startup_stm32f446xx.o(RESET) refers to port.o(.emb_text) for SVC_Handler
    startup_stm32f446xx.o(RESET) refers to stm32f4xx_it.o(i.DebugMon_Handler) for DebugMon_Handler
    startup_stm32f446xx.o(RESET) refers to stm32f4xx_it.o(i.SysTick_Handler) for SysTick_Handler
    startup_stm32f446xx.o(RESET) refers to stm32f4xx_it.o(i.EXTI2_IRQHandler) for EXTI2_IRQHandler
    startup_stm32f446xx.o(RESET) refers to stm32f4xx_it.o(i.EXTI3_IRQHandler) for EXTI3_IRQHandler
    startup_stm32f446xx.o(RESET) refers to stm32f4xx_it.o(i.DMA1_Stream3_IRQHandler) for DMA1_Stream3_IRQHandler
    startup_stm32f446xx.o(RESET) refers to stm32f4xx_it.o(i.DMA1_Stream4_IRQHandler) for DMA1_Stream4_IRQHandler
    startup_stm32f446xx.o(RESET) refers to stm32f4xx_it.o(i.OTG_FS_IRQHandler) for OTG_FS_IRQHandler
    startup_stm32f446xx.o(.text) refers to system_stm32f4xx.o(i.SystemInit) for SystemInit
    startup_stm32f446xx.o(.text) refers to entry.o(.ARM.Collect$$$$00000000) for __main
    bmi088driver.o(i.BMI088_init) refers to bmi088middleware.o(i.BMI088_GPIO_init) for BMI088_GPIO_init
    bmi088driver.o(i.BMI088_init) refers to bmi088middleware.o(i.BMI088_com_init) for BMI088_com_init
    bmi088driver.o(i.BMI088_init) refers to bmi088driver.o(i.bmi088_accel_init) for bmi088_accel_init
    bmi088driver.o(i.BMI088_init) refers to bmi088driver.o(i.bmi088_gyro_init) for bmi088_gyro_init
    bmi088driver.o(i.BMI088_read) refers to bmi088middleware.o(i.BMI088_ACCEL_NS_L) for BMI088_ACCEL_NS_L
    bmi088driver.o(i.BMI088_read) refers to bmi088middleware.o(i.BMI088_read_write_byte) for BMI088_read_write_byte
    bmi088driver.o(i.BMI088_read) refers to bmi088driver.o(i.BMI088_read_muli_reg) for BMI088_read_muli_reg
    bmi088driver.o(i.BMI088_read) refers to bmi088middleware.o(i.BMI088_ACCEL_NS_H) for BMI088_ACCEL_NS_H
    bmi088driver.o(i.BMI088_read) refers to bmi088middleware.o(i.BMI088_GYRO_NS_L) for BMI088_GYRO_NS_L
    bmi088driver.o(i.BMI088_read) refers to bmi088middleware.o(i.BMI088_GYRO_NS_H) for BMI088_GYRO_NS_H
    bmi088driver.o(i.BMI088_read) refers to bmi088driver.o(.data) for .data
    bmi088driver.o(i.BMI088_read_muli_reg) refers to bmi088middleware.o(i.BMI088_read_write_byte) for BMI088_read_write_byte
    bmi088driver.o(i.BMI088_read_single_reg) refers to bmi088middleware.o(i.BMI088_read_write_byte) for BMI088_read_write_byte
    bmi088driver.o(i.BMI088_write_single_reg) refers to bmi088middleware.o(i.BMI088_read_write_byte) for BMI088_read_write_byte
    bmi088driver.o(i.bmi088_accel_init) refers to bmi088middleware.o(i.BMI088_ACCEL_NS_L) for BMI088_ACCEL_NS_L
    bmi088driver.o(i.bmi088_accel_init) refers to bmi088middleware.o(i.BMI088_read_write_byte) for BMI088_read_write_byte
    bmi088driver.o(i.bmi088_accel_init) refers to bmi088middleware.o(i.BMI088_ACCEL_NS_H) for BMI088_ACCEL_NS_H
    bmi088driver.o(i.bmi088_accel_init) refers to bmi088middleware.o(i.BMI088_delay_us) for BMI088_delay_us
    bmi088driver.o(i.bmi088_accel_init) refers to bmi088driver.o(i.BMI088_write_single_reg) for BMI088_write_single_reg
    bmi088driver.o(i.bmi088_accel_init) refers to bmi088middleware.o(i.BMI088_delay_ms) for BMI088_delay_ms
    bmi088driver.o(i.bmi088_accel_init) refers to bmi088driver.o(.data) for .data
    bmi088driver.o(i.bmi088_gyro_init) refers to bmi088middleware.o(i.BMI088_GYRO_NS_L) for BMI088_GYRO_NS_L
    bmi088driver.o(i.bmi088_gyro_init) refers to bmi088driver.o(i.BMI088_read_single_reg) for BMI088_read_single_reg
    bmi088driver.o(i.bmi088_gyro_init) refers to bmi088middleware.o(i.BMI088_GYRO_NS_H) for BMI088_GYRO_NS_H
    bmi088driver.o(i.bmi088_gyro_init) refers to bmi088middleware.o(i.BMI088_delay_us) for BMI088_delay_us
    bmi088driver.o(i.bmi088_gyro_init) refers to bmi088driver.o(i.BMI088_write_single_reg) for BMI088_write_single_reg
    bmi088driver.o(i.bmi088_gyro_init) refers to bmi088middleware.o(i.BMI088_delay_ms) for BMI088_delay_ms
    bmi088driver.o(i.bmi088_gyro_init) refers to bmi088driver.o(.data) for .data
    bmi088middleware.o(i.BMI088_ACCEL_NS_H) refers to stm32f4xx_hal_gpio.o(i.HAL_GPIO_WritePin) for HAL_GPIO_WritePin
[...]
    i.HAL_PCD_ISOOUTIncompleteCallback       0x08001380   Section        0  usbd_conf.o(i.HAL_PCD_ISOOUTIncompleteCallback)
    i.HAL_PCD_ResetCallback                  0x08001388   Section        0  usbd_conf.o(i.HAL_PCD_ResetCallback)
    i.HAL_PCD_ResumeCallback                 0x080013b4   Section        0  usbd_conf.o(i.HAL_PCD_ResumeCallback)
    i.HAL_PCD_SOFCallback                    0x080013bc   Section        0  usbd_conf.o(i.HAL_PCD_SOFCallback)
    i.HAL_PCD_SetAddress                     0x080013c4   Section        0  stm32f4xx_hal_pcd.o(i.HAL_PCD_SetAddress)
    i.HAL_PCD_SetupStageCallback             0x080013ec   Section        0  usbd_conf.o(i.HAL_PCD_SetupStageCallback)
    i.HAL_PCD_SuspendCallback                0x080013fc   Section        0  usbd_conf.o(i.HAL_PCD_SuspendCallback)
    i.HAL_RCCEx_PeriphCLKConfig              0x0800142c   Section        0  stm32f4xx_hal_rcc_ex.o(i.HAL_RCCEx_PeriphCLKConfig)
    i.HAL_RCC_ClockConfig                    0x0800185c   Section        0  stm32f4xx_hal_rcc.o(i.HAL_RCC_ClockConfig)
    i.HAL_RCC_GetHCLKFreq                    0x08001990   Section        0  stm32f4xx_hal_rcc.o(i.HAL_RCC_GetHCLKFreq)
    i.HAL_RCC_GetSysClockFreq                0x0800199c   Section        0  stm32f4xx_hal_rcc_ex.o(i.HAL_RCC_GetSysClockFreq)
    i.HAL_RCC_OscConfig                      0x08001a34   Section        0  stm32f4xx_hal_rcc_ex.o(i.HAL_RCC_OscConfig)
    i.HAL_SPI_Init                           0x08001d78   Section        0  stm32f4xx_hal_spi.o(i.HAL_SPI_Init)
    i.HAL_SPI_MspInit                        0x08001df8   Section        0  spi.o(i.HAL_SPI_MspInit)
    i.HAL_SPI_TransmitReceive                0x08001ec8   Section        0  stm32f4xx_hal_spi.o(i.HAL_SPI_TransmitReceive)
    i.HAL_SYSTICK_Config                     0x080020aa   Section        0  stm32f4xx_hal_cortex.o(i.HAL_SYSTICK_Config)
    i.HAL_TIMEx_MasterConfigSynchronization  0x080020d4   Section        0  stm32f4xx_hal_tim_ex.o(i.HAL_TIMEx_MasterConfigSynchronization)
    i.HAL_TIM_Base_Start                     0x08002164   Section        0  stm32f4xx_hal_tim.o(i.HAL_TIM_Base_Start)
    i.HAL_TIM_MspPostInit                    0x08002188   Section        0  tim.o(i.HAL_TIM_MspPostInit)
    i.HAL_TIM_PWM_ConfigChannel              0x080021ec   Section        0  stm32f4xx_hal_tim.o(i.HAL_TIM_PWM_ConfigChannel)
    i.HAL_TIM_PWM_Init                       0x080022bc   Section        0  stm32f4xx_hal_tim.o(i.HAL_TIM_PWM_Init)
    i.HAL_TIM_PWM_MspInit                    0x080022f4   Section        0  tim.o(i.HAL_TIM_PWM_MspInit)
    i.HAL_TIM_PWM_Start                      0x0800231c   Section        0  stm32f4xx_hal_tim.o(i.HAL_TIM_PWM_Start)
    i.HardFault_Handler                      0x08002360   Section        0  stm32f4xx_it.o(i.HardFault_Handler)
    i.MX_DMA_Init                            0x08002364   Section        0  dma.o(i.MX_DMA_Init)
    i.MX_FREERTOS_Init                       0x080023a0   Section        0  freertos.o(i.MX_FREERTOS_Init)
    i.MX_GPIO_Init                           0x080023dc   Section        0  gpio.o(i.MX_GPIO_Init)
    i.MX_SPI2_Init                           0x080024b4   Section        0  spi.o(i.MX_SPI2_Init)
    i.MX_TIM3_Init                           0x080024fc   Section        0  tim.o(i.MX_TIM3_Init)
    i.MemManage_Handler                      0x0800256c   Section        0  stm32f4xx_it.o(i.MemManage_Handler)
    i.NMI_Handler                            0x0800256e   Section        0  stm32f4xx_it.o(i.NMI_Handler)
    i.OTG_FS_IRQHandler                      0x08002570   Section        0  stm32f4xx_it.o(i.OTG_FS_IRQHandler)
    i.PCD_EP_OutXfrComplete_int              0x0800257c   Section        0  stm32f4xx_hal_pcd.o(i.PCD_EP_OutXfrComplete_int)
    PCD_EP_OutXfrComplete_int                0x0800257d   Thumb Code   196  stm32f4xx_hal_pcd.o(i.PCD_EP_OutXfrComplete_int)
    i.PCD_WriteEmptyTxFifo                   0x08002648   Section        0  stm32f4xx_hal_pcd.o(i.PCD_WriteEmptyTxFifo)
    PCD_WriteEmptyTxFifo                     0x08002649   Thumb Code   162  stm32f4xx_hal_pcd.o(i.PCD_WriteEmptyTxFifo)
    i.PID_calc                               0x080026ec   Section        0  pid.o(i.PID_calc)
    i.PID_init                               0x08002814   Section        0  pid.o(i.PID_init)
    i.SPI_EndRxTxTransaction                 0x08002870   Section        0  stm32f4xx_hal_spi.o(i.SPI_EndRxTxTransaction)
    SPI_EndRxTxTransaction                   0x08002871   Thumb Code    80  stm32f4xx_hal_spi.o(i.SPI_EndRxTxTransaction)
    i.SPI_WaitFlagStateUntilTimeout          0x080028c8   Section        0  stm32f4xx_hal_spi.o(i.SPI_WaitFlagStateUntilTimeout)
    SPI_WaitFlagStateUntilTimeout            0x080028c9   Thumb Code   148  stm32f4xx_hal_spi.o(i.SPI_WaitFlagStateUntilTimeout)
    i.SWAPBYTE                               0x0800295c   Section        0  usbd_ctlreq.o(i.SWAPBYTE)
    SWAPBYTE                                 0x0800295d   Thumb Code    10  usbd_ctlreq.o(i.SWAPBYTE)
    i.SysTick_Handler                        0x08002966   Section        0  stm32f4xx_it.o(i.SysTick_Handler)
    i.SystemClock_Config                     0x08002980   Section        0  main.o(i.SystemClock_Config)
    i.SystemInit                             0x08002a1c   Section        0  system_stm32f4xx.o(i.SystemInit)
    i.TIM_Base_SetConfig                     0x08002a38   Section        0  stm32f4xx_hal_tim.o(i.TIM_Base_SetConfig)
    i.TIM_CCxChannelCmd                      0x08002b00   Section        0  stm32f4xx_hal_tim.o(i.TIM_CCxChannelCmd)
    i.TIM_OC1_SetConfig                      0x08002b1c   Section        0  stm32f4xx_hal_tim.o(i.TIM_OC1_SetConfig)
    TIM_OC1_SetConfig                        0x08002b1d   Thumb Code    88  stm32f4xx_hal_tim.o(i.TIM_OC1_SetConfig)
    i.TIM_OC2_SetConfig                      0x08002b7c   Section        0  stm32f4xx_hal_tim.o(i.TIM_OC2_SetConfig)
    i.TIM_OC3_SetConfig                      0x08002be8   Section        0  stm32f4xx_hal_tim.o(i.TIM_OC3_SetConfig)
    TIM_OC3_SetConfig                        0x08002be9   Thumb Code    96  stm32f4xx_hal_tim.o(i.TIM_OC3_SetConfig)
    i.TIM_OC4_SetConfig                      0x08002c50   Section        0  stm32f4xx_hal_tim.o(i.TIM_OC4_SetConfig)
    TIM_OC4_SetConfig                        0x08002c51   Thumb Code    70  stm32f4xx_hal_tim.o(i.TIM_OC4_SetConfig)
    i.USBD_ClrClassConfig                    0x08002ca0   Section        0  usbd_core.o(i.USBD_ClrClassConfig)
    i.USBD_CtlContinueRx                     0x08002cb0   Section        0  usbd_ioreq.o(i.USBD_CtlContinueRx)
    i.USBD_CtlContinueSendData               0x08002cc0   Section        0  usbd_ioreq.o(i.USBD_CtlContinueSendData)
    i.USBD_CtlError                          0x08002cd0   Section        0  usbd_ctlreq.o(i.USBD_CtlError)
    i.USBD_CtlReceiveStatus                  0x08002ce6   Section        0  usbd_ioreq.o(i.USBD_CtlReceiveStatus)
    i.USBD_CtlSendData                       0x08002cfc   Section        0  usbd_ioreq.o(i.USBD_CtlSendData)
    i.USBD_CtlSendStatus                     0x08002d16   Section        0  usbd_ioreq.o(i.USBD_CtlSendStatus)
    i.USBD_GetDescriptor                     0x08002d2c   Section        0  usbd_ctlreq.o(i.USBD_GetDescriptor)
    USBD_GetDescriptor                       0x08002d2d   Thumb Code   250  usbd_ctlreq.o(i.USBD_GetDescriptor)
    i.USBD_Get_USB_Status                    0x08002e26   Section        0  usbd_conf.o(i.USBD_Get_USB_Status)
    i.USBD_LL_ClearStallEP                   0x08002e3e   Section        0  usbd_conf.o(i.USBD_LL_ClearStallEP)
    i.USBD_LL_DataInStage                    0x08002e50   Section        0  usbd_core.o(i.USBD_LL_DataInStage)
    i.USBD_LL_DataOutStage                   0x08002efa   Section        0  usbd_core.o(i.USBD_LL_DataOutStage)
    i.USBD_LL_DevConnected                   0x08002f68   Section        0  usbd_core.o(i.USBD_LL_DevConnected)
    i.USBD_LL_DevDisconnected                0x08002f6c   Section        0  usbd_core.o(i.USBD_LL_DevDisconnected)
    i.USBD_LL_IsStallEP                      0x08002f84   Section        0  usbd_conf.o(i.USBD_LL_IsStallEP)
    i.USBD_LL_IsoINIncomplete                0x08002fa4   Section        0  usbd_core.o(i.USBD_LL_IsoINIncomplete)
    i.USBD_LL_IsoOUTIncomplete               0x08002fa8   Section        0  usbd_core.o(i.USBD_LL_IsoOUTIncomplete)
    i.USBD_LL_OpenEP                         0x08002fac   Section        0  usbd_conf.o(i.USBD_LL_OpenEP)
    i.USBD_LL_PrepareReceive                 0x08002fc4   Section        0  usbd_conf.o(i.USBD_LL_PrepareReceive)
    i.USBD_LL_Reset                          0x08002fd6   Section        0  usbd_core.o(i.USBD_LL_Reset)
    i.USBD_LL_Resume                         0x08003028   Section        0  usbd_core.o(i.USBD_LL_Resume)
    i.USBD_LL_SOF                            0x0800303c   Section        0  usbd_core.o(i.USBD_LL_SOF)
    i.USBD_LL_SetSpeed                       0x08003054   Section        0  usbd_core.o(i.USBD_LL_SetSpeed)
    i.USBD_LL_SetUSBAddress                  0x0800305a   Section        0  usbd_conf.o(i.USBD_LL_SetUSBAddress)
    i.USBD_LL_SetupStage                     0x0800306c   Section        0  usbd_core.o(i.USBD_LL_SetupStage)
    i.USBD_LL_StallEP                        0x080030cc   Section        0  usbd_conf.o(i.USBD_LL_StallEP)
    i.USBD_LL_Suspend                        0x080030de   Section        0  usbd_core.o(i.USBD_LL_Suspend)
    i.USBD_LL_Transmit                       0x080030f0   Section        0  usbd_conf.o(i.USBD_LL_Transmit)
    i.USBD_ParseSetupRequest                 0x08003102   Section        0  usbd_ctlreq.o(i.USBD_ParseSetupRequest)
    i.USBD_SetClassConfig                    0x0800312e   Section        0  usbd_core.o(i.USBD_SetClassConfig)
    i.USBD_SetConfig                         0x08003144   Section        0  usbd_ctlreq.o(i.USBD_SetConfig)
    USBD_SetConfig                           0x08003145   Thumb Code   182  usbd_ctlreq.o(i.USBD_SetConfig)
    i.USBD_StdDevReq                         0x08003200   Section        0  usbd_ctlreq.o(i.USBD_StdDevReq)
    i.USBD_StdEPReq                          0x08003314   Section        0  usbd_ctlreq.o(i.USBD_StdEPReq)
    i.USBD_StdItfReq                         0x08003460   Section        0  usbd_ctlreq.o(i.USBD_StdItfReq)
    i.USB_ActivateEndpoint                   0x080034b4   Section        0  stm32f4xx_ll_usb.o(i.USB_ActivateEndpoint)
    i.USB_ActivateSetup                      0x08003534   Section        0  stm32f4xx_ll_usb.o(i.USB_ActivateSetup)
    i.USB_EP0StartXfer                       0x08003550   Section        0  stm32f4xx_ll_usb.o(i.USB_EP0StartXfer)
    i.USB_EP0_OutStart                       0x08003668   Section        0  stm32f4xx_ll_usb.o(i.USB_EP0_OutStart)
    i.USB_EPClearStall                       0x080036c0   Section        0  stm32f4xx_ll_usb.o(i.USB_EPClearStall)
    i.USB_EPSetStall                         0x08003718   Section        0  stm32f4xx_ll_usb.o(i.USB_EPSetStall)
    i.USB_EPStartXfer                        0x08003770   Section        0  stm32f4xx_ll_usb.o(i.USB_EPStartXfer)
    i.USB_FlushTxFifo                        0x08003958   Section        0  stm32f4xx_ll_usb.o(i.USB_FlushTxFifo)
    i.USB_GetDevSpeed                        0x0800397c   Section        0  stm32f4xx_ll_usb.o(i.USB_GetDevSpeed)
    i.USB_GetMode                            0x08003996   Section        0  stm32f4xx_ll_usb.o(i.USB_GetMode)
    i.USB_ReadDevAllInEpInterrupt            0x0800399e   Section        0  stm32f4xx_ll_usb.o(i.USB_ReadDevAllInEpInterrupt)
    i.USB_ReadDevAllOutEpInterrupt           0x080039ac   Section        0  stm32f4xx_ll_usb.o(i.USB_ReadDevAllOutEpInterrupt)
    i.USB_ReadDevInEPInterrupt               0x080039ba   Section        0  stm32f4xx_ll_usb.o(i.USB_ReadDevInEPInterrupt)
    i.USB_ReadDevOutEPInterrupt              0x080039de   Section        0  stm32f4xx_ll_usb.o(i.USB_ReadDevOutEPInterrupt)
    i.USB_ReadInterrupts                     0x080039ee   Section        0  stm32f4xx_ll_usb.o(i.USB_ReadInterrupts)
    i.USB_ReadPacket                         0x080039f6   Section        0  stm32f4xx_ll_usb.o(i.USB_ReadPacket)
    i.USB_SetDevAddress                      0x08003a12   Section        0  stm32f4xx_ll_usb.o(i.USB_SetDevAddress)
    i.USB_SetTurnaroundTime                  0x08003a34   Section        0  stm32f4xx_ll_usb.o(i.USB_SetTurnaroundTime)
    i.USB_WritePacket                        0x08003b1c   Section        0  stm32f4xx_ll_usb.o(i.USB_WritePacket)
    i.UsageFault_Handler                     0x08003b40   Section        0  stm32f4xx_it.o(i.UsageFault_Handler)
    i.__NVIC_SetPriority                     0x08003b42   Section        0  stm32f4xx_hal_cortex.o(i.__NVIC_SetPriority)
    __NVIC_SetPriority                       0x08003b43   Thumb Code    32  stm32f4xx_hal_cortex.o(i.__NVIC_SetPriority)
    i.__scatterload_copy                     0x08003b62   Section       14  handlers.o(i.__scatterload_copy)
    i.__scatterload_null                     0x08003b70   Section        2  handlers.o(i.__scatterload_null)
    i.__scatterload_zeroinit                 0x08003b72   Section       14  handlers.o(i.__scatterload_zeroinit)
    i.bmi088_accel_init                      0x08003b80   Section        0  bmi088driver.o(i.bmi088_accel_init)
    i.bmi088_gyro_init                       0x08003c90   Section        0  bmi088driver.o(i.bmi088_gyro_init)
    i.imu_pwm_set                            0x08003d6c   Section        0  bsp_imu_pwm.o(i.imu_pwm_set)
    i.imu_temp_control_task                  0x08003d78   Section        0  imu_temp_control_task.o(i.imu_temp_control_task)
    i.led_task                               0x08003e3c   Section        0  led_task.o(i.led_task)
    i.main                                   0x08003e5c   Section        0  main.o(i.main)
    i.makeFreeRtosPriority                   0x08003e7e   Section        0  cmsis_os.o(i.makeFreeRtosPriority)
    makeFreeRtosPriority                     0x08003e7f   Thumb Code    12  cmsis_os.o(i.makeFreeRtosPriority)
    i.osDelay                                0x08003e8a   Section        0  cmsis_os.o(i.osDelay)
    i.osKernelStart                          0x08003e98   Section        0  cmsis_os.o(i.osKernelStart)
    i.osThreadCreate                         0x08003ea2   Section        0  cmsis_os.o(i.osThreadCreate)
    i.pcTaskGetName                          0x08003ef8   Section        0  tasks.o(i.pcTaskGetName)
    i.prvAddCurrentTaskToDelayedList         0x08003f18   Section        0  tasks.o(i.prvAddCurrentTaskToDelayedList)
    prvAddCurrentTaskToDelayedList           0x08003f19   Thumb Code   102  tasks.o(i.prvAddCurrentTaskToDelayedList)
    i.prvAddNewTaskToReadyList               0x08003f88   Section        0  tasks.o(i.prvAddNewTaskToReadyList)
    prvAddNewTaskToReadyList                 0x08003f89   Thumb Code   194  tasks.o(i.prvAddNewTaskToReadyList)
    i.prvDeleteTCB                           0x08004058   Section        0  tasks.o(i.prvDeleteTCB)
    prvDeleteTCB                             0x08004059   Thumb Code    52  tasks.o(i.prvDeleteTCB)
    i.prvHeapInit                            0x0800408c   Section        0  heap_4.o(i.prvHeapInit)
    prvHeapInit                              0x0800408d   Thumb Code    66  heap_4.o(i.prvHeapInit)
    i.prvIdleTask                            0x080040d8   Section        0  tasks.o(i.prvIdleTask)
    prvIdleTask                              0x080040d9   Thumb Code    82  tasks.o(i.prvIdleTask)
    i.prvInitialiseNewTask                   0x08004138   Section        0  tasks.o(i.prvInitialiseNewTask)
    prvInitialiseNewTask                     0x08004139   Thumb Code   152  tasks.o(i.prvInitialiseNewTask)
    i.prvInsertBlockIntoFreeList             0x080041d0   Section        0  heap_4.o(i.prvInsertBlockIntoFreeList)
    prvInsertBlockIntoFreeList               0x080041d1   Thumb Code    72  heap_4.o(i.prvInsertBlockIntoFreeList)
    i.prvResetNextTaskUnblockTime            0x0800421c   Section        0  tasks.o(i.prvResetNextTaskUnblockTime)
    prvResetNextTaskUnblockTime              0x0800421d   Thumb Code    26  tasks.o(i.prvResetNextTaskUnblockTime)
    i.prvSearchForNameWithinSingleList       0x0800423c   Section        0  tasks.o(i.prvSearchForNameWithinSingleList)
    prvSearchForNameWithinSingleList         0x0800423d   Thumb Code    88  tasks.o(i.prvSearchForNameWithinSingleList)
    i.prvTaskExitError                       0x08004294   Section        0  port.o(i.prvTaskExitError)
    prvTaskExitError                         0x08004295   Thumb Code    36  port.o(i.prvTaskExitError)
    i.pvPortMalloc                           0x080042bc   Section        0  heap_4.o(i.pvPortMalloc)
    i.pxPortInitialiseStack                  0x08004394   Section        0  port.o(i.pxPortInitialiseStack)
    i.ulTaskNotifyTake                       0x080043c0   Section        0  tasks.o(i.ulTaskNotifyTake)
    i.uxListRemove                           0x08004428   Section        0  list.o(i.uxListRemove)
    i.vApplicationGetIdleTaskMemory          0x08004450   Section        0  freertos.o(i.vApplicationGetIdleTaskMemory)
    i.vListInitialise                        0x08004464   Section        0  list.o(i.vListInitialise)
    i.vListInitialiseItem                    0x0800447a   Section        0  list.o(i.vListInitialiseItem)
    i.vListInsert                            0x08004480   Section        0  list.o(i.vListInsert)
    i.vListInsertEnd                         0x080044b0   Section        0  list.o(i.vListInsertEnd)
    i.vPortEnterCritical                     0x080044c8   Section        0  port.o(i.vPortEnterCritical)
    i.vPortExitCritical                      0x08004508   Section        0  port.o(i.vPortExitCritical)
    i.vPortFree                              0x08004530   Section        0  heap_4.o(i.vPortFree)
    i.vPortSetupTimerInterrupt               0x0800458c   Section        0  port.o(i.vPortSetupTimerInterrupt)
    i.vPortValidateInterruptPriority         0x080045b0   Section        0  port.o(i.vPortValidateInterruptPriority)
    i.vTaskDelay                             0x08004604   Section        0  tasks.o(i.vTaskDelay)
    i.vTaskNotifyGiveFromISR                 0x08004650   Section        0  tasks.o(i.vTaskNotifyGiveFromISR)
    i.vTaskStartScheduler                    0x08004704   Section        0  tasks.o(i.vTaskStartScheduler)
    i.vTaskSuspendAll                        0x08004770   Section        0  tasks.o(i.vTaskSuspendAll)
    i.vTaskSwitchContext                     0x08004780   Section        0  tasks.o(i.vTaskSwitchContext)
    i.xPortStartScheduler                    0x080047dc   Section        0  port.o(i.xPortStartScheduler)
    i.xPortSysTickHandler                    0x080048d0   Section        0  port.o(i.xPortSysTickHandler)
    i.xTaskCreate                            0x080048fc   Section        0  tasks.o(i.xTaskCreate)
    i.xTaskCreateStatic                      0x08004956   Section        0  tasks.o(i.xTaskCreateStatic)
    i.xTaskGetHandle                         0x080049ac   Section        0  tasks.o(i.xTaskGetHandle)
    i.xTaskGetSchedulerState                 0x08004a30   Section        0  tasks.o(i.xTaskGetSchedulerState)
    i.xTaskIncrementTick                     0x08004a4c   Section        0  tasks.o(i.xTaskIncrementTick)
    i.xTaskResumeAll                         0x08004b14   Section        0  tasks.o(i.xTaskResumeAll)
    .constdata                               0x08004bd8   Section       12  imu_temp_control_task.o(.constdata)
    .constdata                               0x08004be4   Section       56  freertos.o(.constdata)
    .constdata                               0x08004c1c   Section        8  stm32f4xx_hal_dma.o(.constdata)
    flagBitshiftOffset                       0x08004c1c   Data           8  stm32f4xx_hal_dma.o(.constdata)
    .constdata                               0x08004c24   Section       16  system_stm32f4xx.o(.constdata)
    .conststring                             0x08004c34   Section       13  freertos.o(.conststring)
    .data                                    0x20000000   Section       44  bmi088driver.o(.data)
    write_BMI088_accel_reg_data_error        0x20000008   Data          18  bmi088driver.o(.data)
    write_BMI088_gyro_reg_data_error         0x2000001a   Data          18  bmi088driver.o(.data)
    .data                                    0x2000002c   Section       16  imu_temp_control_task.o(.data)
    xHigherPriorityTaskWoken                 0x20000030   Data           4  imu_temp_control_task.o(.data)
    .data                                    0x2000003c   Section        8  freertos.o(.data)
    .data                                    0x20000044   Section       12  stm32f4xx_hal.o(.data)
    .data                                    0x20000050   Section        4  system_stm32f4xx.o(.data)
    .data                                    0x20000054   Section       60  tasks.o(.data)
    pxDelayedTaskList                        0x20000058   Data           4  tasks.o(.data)
    pxOverflowDelayedTaskList                0x2000005c   Data           4  tasks.o(.data)
    uxDeletedTasksWaitingCleanUp             0x20000060   Data           4  tasks.o(.data)
    uxCurrentNumberOfTasks                   0x20000064   Data           4  tasks.o(.data)
    xTickCount                               0x20000068   Data           4  tasks.o(.data)
    uxTopReadyPriority                       0x2000006c   Data           4  tasks.o(.data)
    xSchedulerRunning                        0x20000070   Data           4  tasks.o(.data)
    uxPendedTicks                            0x20000074   Data           4  tasks.o(.data)
    xYieldPending                            0x20000078   Data           4  tasks.o(.data)
    xNumOfOverflows                          0x2000007c   Data           4  tasks.o(.data)
    uxTaskNumber                             0x20000080   Data           4  tasks.o(.data)
    xNextTaskUnblockTime                     0x20000084   Data           4  tasks.o(.data)
    xIdleTaskHandle                          0x20000088   Data           4  tasks.o(.data)
    uxSchedulerSuspended                     0x2000008c   Data           4  tasks.o(.data)
    .data                                    0x20000090   Section       24  heap_4.o(.data)
    pxEnd                                    0x20000090   Data           4  heap_4.o(.data)
    xFreeBytesRemaining                      0x20000094   Data           4  heap_4.o(.data)
    xMinimumEverFreeBytesRemaining           0x20000098   Data           4  heap_4.o(.data)
    xBlockAllocatedBit                       0x2000009c   Data           4  heap_4.o(.data)
    xStart                                   0x200000a0   Data           8  heap_4.o(.data)
    .data                                    0x200000a8   Section       12  port.o(.data)
    ucMaxSysCallPriority                     0x200000a8   Data           1  port.o(.data)
    uxCriticalNesting                        0x200000ac   Data           4  port.o(.data)
    ulMaxPRIGROUPValue                       0x200000b0   Data           4  port.o(.data)
    .data                                    0x200000b4   Section        1  usbd_ctlreq.o(.data)
    cfgidx                                   0x200000b4   Data           1  usbd_ctlreq.o(.data)
    .bss                                     0x200000b8   Section       96  imu_temp_control_task.o(.bss)
    .bss                                     0x20000118   Section      596  freertos.o(.bss)
    xIdleTaskTCBBuffer                       0x20000118   Data          84  freertos.o(.bss)
    xIdleStack                               0x2000016c   Data         512  freertos.o(.bss)
    .bss                                     0x2000036c   Section      280  spi.o(.bss)
    .bss                                     0x20000484   Section       64  tim.o(.bss)
    .bss                                     0x200004c4   Section     1032  usbd_conf.o(.bss)
    .bss                                     0x200008cc   Section      240  tasks.o(.bss)
    pxReadyTasksLists                        0x200008cc   Data         140  tasks.o(.bss)
    xDelayedTaskList1                        0x20000958   Data          20  tasks.o(.bss)
    xDelayedTaskList2                        0x2000096c   Data          20  tasks.o(.bss)
    xPendingReadyList                        0x20000980   Data          20  tasks.o(.bss)
    xTasksWaitingTermination                 0x20000994   Data          20  tasks.o(.bss)
    xSuspendedTaskList                       0x200009a8   Data          20  tasks.o(.bss)
    .bss                                     0x200009bc   Section    15360  heap_4.o(.bss)
    ucHeap                                   0x200009bc   Data       15360  heap_4.o(.bss)
    STACK                                    0x200045c0   Section     8192  startup_stm32f446xx.o(STACK)

    Global Symbols

    Symbol Name                              Value     Ov Type        Size  Object(Section)

    BuildAttributes$$THM_ISAv4$E$P$D$K$B$S$7EM$VFPi3$EXTD16$VFPS$VFMA$PE$A:L22UL41UL21$X:L11$S22US41US21$IEEE1$IW$USESV6$~STKCKD$USESV7$~SHL$OSPACE$EBA8$MICROLIB$REQ8$PRES8$EABIv2 0x00000000   Number         0  anon$$obj.o ABSOLUTE
    __ARM_use_no_argv                        0x00000000   Number         0  main.o ABSOLUTE
    __arm_fini_                               - Undefined Weak Reference
    __cpp_initialize__aeabi_                  - Undefined Weak Reference
    __cxa_finalize                            - Undefined Weak Reference
    __decompress                              - Undefined Weak Reference
    _clock_init                               - Undefined Weak Reference
    _microlib_exit                            - Undefined Weak Reference
    __Vectors_Size                           0x000001c4   Number         0  startup_stm32f446xx.o ABSOLUTE
    __Vectors                                0x08000000   Data           4  startup_stm32f446xx.o(RESET)
    __Vectors_End                            0x080001c4   Data           0  startup_stm32f446xx.o(RESET)
    __main                                   0x080001c5   Thumb Code     0  entry.o(.ARM.Collect$$$$00000000)
    _main_stk                                0x080001c5   Thumb Code     0  entry2.o(.ARM.Collect$$$$00000001)
    _main_scatterload                        0x080001c9   Thumb Code     0  entry5.o(.ARM.Collect$$$$00000004)
    __main_after_scatterload                 0x080001cd   Thumb Code     0  entry5.o(.ARM.Collect$$$$00000004)
    _main_clock                              0x080001cd   Thumb Code     0  entry7b.o(.ARM.Collect$$$$00000008)
    _main_cpp_init                           0x080001cd   Thumb Code     0  entry8b.o(.ARM.Collect$$$$0000000A)
    _main_init                               0x080001cd   Thumb Code     0  entry9a.o(.ARM.Collect$$$$0000000B)
    __rt_lib_shutdown_fini                   0x080001d5   Thumb Code     0  entry12b.o(.ARM.Collect$$$$0000000E)
    __rt_final_cpp                           0x080001d9   Thumb Code     0  entry10a.o(.ARM.Collect$$$$0000000F)
    __rt_final_exit                          0x080001d9   Thumb Code     0  entry11a.o(.ARM.Collect$$$$00000011)
    SVC_Handler                              0x080001dd   Thumb Code    28  port.o(.emb_text)
    __asm___6_port_c_39a90d8d__prvStartFirstTask 0x080001fd   Thumb Code    36  port.o(.emb_text)
    __asm___6_port_c_39a90d8d__prvEnableVFP  0x08000225   Thumb Code    16  port.o(.emb_text)
    PendSV_Handler                           0x08000239   Thumb Code    88  port.o(.emb_text)
    vPortGetIPSR                             0x08000295   Thumb Code     6  port.o(.emb_text)
    Reset_Handler                            0x0800029d   Thumb Code     8  startup_stm32f446xx.o(.text)
    ADC_IRQHandler                           0x080002b7   Thumb Code     0  startup_stm32f446xx.o(.text)
    CAN1_RX0_IRQHandler                      0x080002b7   Thumb Code     0  startup_stm32f446xx.o(.text)
    CAN1_RX1_IRQHandler                      0x080002b7   Thumb Code     0  startup_stm32f446xx.o(.text)
    CAN1_SCE_IRQHandler                      0x080002b7   Thumb Code     0  startup_stm32f446xx.o(.text)
    CAN1_TX_IRQHandler                       0x080002b7   Thumb Code     0  startup_stm32f446xx.o(.text)
    CAN2_RX0_IRQHandler                      0x080002b7   Thumb Code     0  startup_stm32f446xx.o(.text)
    CAN2_RX1_IRQHandler                      0x080002b7   Thumb Code     0  startup_stm32f446xx.o(.text)
    CAN2_SCE_IRQHandler                      0x080002b7   Thumb Code     0  startup_stm32f446xx.o(.text)
    CAN2_TX_IRQHandler                       0x080002b7   Thumb Code     0  startup_stm32f446xx.o(.text)
    CEC_IRQHandler                           0x080002b7   Thumb Code     0  startup_stm32f446xx.o(.text)
    DCMI_IRQHandler                          0x080002b7   Thumb Code     0  startup_stm32f446xx.o(.text)
    DMA1_Stream0_IRQHandler                  0x080002b7   Thumb Code     0  startup_stm32f446xx.o(.text)
    DMA1_Stream1_IRQHandler                  0x080002b7   Thumb Code     0  startup_stm32f446xx.o(.text)
    DMA1_Stream2_IRQHandler                  0x080002b7   Thumb Code     0  startup_stm32f446xx.o(.text)
    DMA1_Stream5_IRQHandler                  0x080002b7   Thumb Code     0  startup_stm32f446xx.o(.text)
    DMA1_Stream6_IRQHandler                  0x080002b7   Thumb Code     0  startup_stm32f446xx.o(.text)
    DMA1_Stream7_IRQHandler                  0x080002b7   Thumb Code     0  startup_stm32f446xx.o(.text)
    DMA2_Stream0_IRQHandler                  0x080002b7   Thumb Code     0  startup_stm32f446xx.o(.text)
    DMA2_Stream1_IRQHandler                  0x080002b7   Thumb Code     0  startup_stm32f446xx.o(.text)
    DMA2_Stream2_IRQHandler                  0x080002b7   Thumb Code     0  startup_stm32f446xx.o(.text)
    DMA2_Stream3_IRQHandler                  0x080002b7   Thumb Code     0  startup_stm32f446xx.o(.text)
    DMA2_Stream4_IRQHandler                  0x080002b7   Thumb Code     0  startup_stm32f446xx.o(.text)
    DMA2_Stream5_IRQHandler                  0x080002b7   Thumb Code     0  startup_stm32f446xx.o(.text)
    DMA2_Stream6_IRQHandler                  0x080002b7   Thumb Code     0  startup_stm32f446xx.o(.text)
    DMA2_Stream7_IRQHandler                  0x080002b7   Thumb Code     0  startup_stm32f446xx.o(.text)
    EXTI0_IRQHandler                         0x080002b7   Thumb Code     0  startup_stm32f446xx.o(.text)
    EXTI15_10_IRQHandler                     0x080002b7   Thumb Code     0  startup_stm32f446xx.o(.text)
    EXTI1_IRQHandler                         0x080002b7   Thumb Code     0  startup_stm32f446xx.o(.text)
    EXTI4_IRQHandler                         0x080002b7   Thumb Code     0  startup_stm32f446xx.o(.text)
    EXTI9_5_IRQHandler                       0x080002b7   Thumb Code     0  startup_stm32f446xx.o(.text)
    FLASH_IRQHandler                         0x080002b7   Thumb Code     0  startup_stm32f446xx.o(.text)
    FMC_IRQHandler                           0x080002b7   Thumb Code     0  startup_stm32f446xx.o(.text)
    FMPI2C1_ER_IRQHandler                    0x080002b7   Thumb Code     0  startup_stm32f446xx.o(.text)
    FMPI2C1_EV_IRQHandler                    0x080002b7   Thumb Code     0  startup_stm32f446xx.o(.text)
    FPU_IRQHandler                           0x080002b7   Thumb Code     0  startup_stm32f446xx.o(.text)
    I2C1_ER_IRQHandler                       0x080002b7   Thumb Code     0  startup_stm32f446xx.o(.text)
    I2C1_EV_IRQHandler                       0x080002b7   Thumb Code     0  startup_stm32f446xx.o(.text)
    I2C2_ER_IRQHandler                       0x080002b7   Thumb Code     0  startup_stm32f446xx.o(.text)
    I2C2_EV_IRQHandler                       0x080002b7   Thumb Code     0  startup_stm32f446xx.o(.text)
    I2C3_ER_IRQHandler                       0x080002b7   Thumb Code     0  startup_stm32f446xx.o(.text)
    I2C3_EV_IRQHandler                       0x080002b7   Thumb Code     0  startup_stm32f446xx.o(.text)
    OTG_FS_WKUP_IRQHandler                   0x080002b7   Thumb Code     0  startup_stm32f446xx.o(.text)
    OTG_HS_EP1_IN_IRQHandler                 0x080002b7   Thumb Code     0  startup_stm32f446xx.o(.text)
    OTG_HS_EP1_OUT_IRQHandler                0x080002b7   Thumb Code     0  startup_stm32f446xx.o(.text)
    OTG_HS_IRQHandler                        0x080002b7   Thumb Code     0  startup_stm32f446xx.o(.text)
    OTG_HS_WKUP_IRQHandler                   0x080002b7   Thumb Code     0  startup_stm32f446xx.o(.text)
    PVD_IRQHandler                           0x080002b7   Thumb Code     0  startup_stm32f446xx.o(.text)
    QUADSPI_IRQHandler                       0x080002b7   Thumb Code     0  startup_stm32f446xx.o(.text)
    RCC_IRQHandler                           0x080002b7   Thumb Code     0  startup_stm32f446xx.o(.text)
    RTC_Alarm_IRQHandler                     0x080002b7   Thumb Code     0  startup_stm32f446xx.o(.text)
    RTC_WKUP_IRQHandler                      0x080002b7   Thumb Code     0  startup_stm32f446xx.o(.text)
    SAI1_IRQHandler                          0x080002b7   Thumb Code     0  startup_stm32f446xx.o(.text)
    SAI2_IRQHandler                          0x080002b7   Thumb Code     0  startup_stm32f446xx.o(.text)
    SDIO_IRQHandler                          0x080002b7   Thumb Code     0  startup_stm32f446xx.o(.text)
    SPDIF_RX_IRQHandler                      0x080002b7   Thumb Code     0  startup_stm32f446xx.o(.text)
    SPI1_IRQHandler                          0x080002b7   Thumb Code     0  startup_stm32f446xx.o(.text)
    SPI2_IRQHandler                          0x080002b7   Thumb Code     0  startup_stm32f446xx.o(.text)
    SPI3_IRQHandler                          0x080002b7   Thumb Code     0  startup_stm32f446xx.o(.text)
    SPI4_IRQHandler                          0x080002b7   Thumb Code     0  startup_stm32f446xx.o(.text)
    TAMP_STAMP_IRQHandler                    0x080002b7   Thumb Code     0  startup_stm32f446xx.o(.text)
    TIM1_BRK_TIM9_IRQHandler                 0x080002b7   Thumb Code     0  startup_stm32f446xx.o(.text)
    TIM1_CC_IRQHandler                       0x080002b7   Thumb Code     0  startup_stm32f446xx.o(.text)
    TIM1_TRG_COM_TIM11_IRQHandler            0x080002b7   Thumb Code     0  startup_stm32f446xx.o(.text)
    TIM1_UP_TIM10_IRQHandler                 0x080002b7   Thumb Code     0  startup_stm32f446xx.o(.text)
    TIM2_IRQHandler                          0x080002b7   Thumb Code     0  startup_stm32f446xx.o(.text)
    TIM3_IRQHandler                          0x080002b7   Thumb Code     0  startup_stm32f446xx.o(.text)
    TIM4_IRQHandler                          0x080002b7   Thumb Code     0  startup_stm32f446xx.o(.text)
    TIM5_IRQHandler                          0x080002b7   Thumb Code     0  startup_stm32f446xx.o(.text)
    TIM6_DAC_IRQHandler                      0x080002b7   Thumb Code     0  startup_stm32f446xx.o(.text)
    TIM7_IRQHandler                          0x080002b7   Thumb Code     0  startup_stm32f446xx.o(.text)
    TIM8_BRK_TIM12_IRQHandler                0x080002b7   Thumb Code     0  startup_stm32f446xx.o(.text)
    TIM8_CC_IRQHandler                       0x080002b7   Thumb Code     0  startup_stm32f446xx.o(.text)
    TIM8_TRG_COM_TIM14_IRQHandler            0x080002b7   Thumb Code     0  startup_stm32f446xx.o(.text)
    TIM8_UP_TIM13_IRQHandler                 0x080002b7   Thumb Code     0  startup_stm32f446xx.o(.text)
    UART4_IRQHandler                         0x080002b7   Thumb Code     0  startup_stm32f446xx.o(.text)
    UART5_IRQHandler                         0x080002b7   Thumb Code     0  startup_stm32f446xx.o(.text)
    USART1_IRQHandler                        0x080002b7   Thumb Code     0  startup_stm32f446xx.o(.text)
    USART2_IRQHandler                        0x080002b7   Thumb Code     0  startup_stm32f446xx.o(.text)
    USART3_IRQHandler                        0x080002b7   Thumb Code     0  startup_stm32f446xx.o(.text)
    USART6_IRQHandler                        0x080002b7   Thumb Code     0  startup_stm32f446xx.o(.text)
    WWDG_IRQHandler                          0x080002b7   Thumb Code     0  startup_stm32f446xx.o(.text)
    __aeabi_uldivmod                         0x080002c1   Thumb Code    98  uldiv.o(.text)
    __aeabi_memcpy                           0x08000323   Thumb Code    36  memcpya.o(.text)
    __aeabi_memcpy4                          0x08000323   Thumb Code     0  memcpya.o(.text)
    __aeabi_memcpy8                          0x08000323   Thumb Code     0  memcpya.o(.text)
    __aeabi_memset                           0x08000347   Thumb Code    14  memseta.o(.text)
    __aeabi_memset4                          0x08000347   Thumb Code     0  memseta.o(.text)
    __aeabi_memset8                          0x08000347   Thumb Code     0  memseta.o(.text)
    __aeabi_memclr                           0x08000355   Thumb Code     4  memseta.o(.text)
    __aeabi_memclr4                          0x08000355   Thumb Code     0  memseta.o(.text)
    __aeabi_memclr8                          0x08000355   Thumb Code     0  memseta.o(.text)
    memset                                   0x08000359   Thumb Code    18  memseta.o(.text)
    strlen                                   0x0800036b   Thumb Code    14  strlen.o(.text)
    __aeabi_llsl                             0x08000379   Thumb Code    30  llshl.o(.text)
    _ll_shift_l                              0x08000379   Thumb Code     0  llshl.o(.text)
    __aeabi_llsr                             0x08000397   Thumb Code    32  llushr.o(.text)
    _ll_ushift_r                             0x08000397   Thumb Code     0  llushr.o(.text)
    __scatterload                            0x080003b9   Thumb Code    28  init.o(.text)
    __scatterload_rt2                        0x080003b9   Thumb Code     0  init.o(.text)
    BMI088_ACCEL_NS_H                        0x080003dd   Thumb Code    10  bmi088middleware.o(i.BMI088_ACCEL_NS_H)
    BMI088_ACCEL_NS_L                        0x080003ed   Thumb Code    10  bmi088middleware.o(i.BMI088_ACCEL_NS_L)
    BMI088_GPIO_init                         0x080003fd   Thumb Code     2  bmi088middleware.o(i.BMI088_GPIO_init)
    BMI088_GYRO_NS_H                         0x08000401   Thumb Code    10  bmi088middleware.o(i.BMI088_GYRO_NS_H)
    BMI088_GYRO_NS_L                         0x08000411   Thumb Code    10  bmi088middleware.o(i.BMI088_GYRO_NS_L)
    BMI088_com_init                          0x08000421   Thumb Code     2  bmi088middleware.o(i.BMI088_com_init)
    BMI088_delay_ms                          0x08000423   Thumb Code    24  bmi088middleware.o(i.BMI088_delay_ms)
    BMI088_delay_us                          0x0800043b   Thumb Code    46  bmi088middleware.o(i.BMI088_delay_us)
    BMI088_init                              0x08000469   Thumb Code    24  bmi088driver.o(i.BMI088_init)
    BMI088_read                              0x08000481   Thumb Code   340  bmi088driver.o(i.BMI088_read)
    BMI088_read_write_byte                   0x08000615   Thumb Code    28  bmi088middleware.o(i.BMI088_read_write_byte)
    BusFault_Handler                         0x08000647   Thumb Code     2  stm32f4xx_it.o(i.BusFault_Handler)
    DMA1_Stream3_IRQHandler                  0x08000649   Thumb Code     6  stm32f4xx_it.o(i.DMA1_Stream3_IRQHandler)
    DMA1_Stream4_IRQHandler                  0x08000655   Thumb Code     6  stm32f4xx_it.o(i.DMA1_Stream4_IRQHandler)
    DebugMon_Handler                         0x080006dd   Thumb Code     2  stm32f4xx_it.o(i.DebugMon_Handler)
    EXTI2_IRQHandler                         0x080006df   Thumb Code     6  stm32f4xx_it.o(i.EXTI2_IRQHandler)
    EXTI3_IRQHandler                         0x080006e5   Thumb Code     6  stm32f4xx_it.o(i.EXTI3_IRQHandler)
    Error_Handler                            0x080006eb   Thumb Code     2  main.o(i.Error_Handler)
    HAL_DMA_IRQHandler                       0x080006ed   Thumb Code   412  stm32f4xx_hal_dma.o(i.HAL_DMA_IRQHandler)
    HAL_DMA_Init                             0x0800088d   Thumb Code   206  stm32f4xx_hal_dma.o(i.HAL_DMA_Init)
    HAL_GPIO_EXTI_Callback                   0x08000961   Thumb Code    54  imu_temp_control_task.o(i.HAL_GPIO_EXTI_Callback)
    HAL_GPIO_EXTI_IRQHandler                 0x080009a1   Thumb Code    18  stm32f4xx_hal_gpio.o(i.HAL_GPIO_EXTI_IRQHandler)
    HAL_GPIO_Init                            0x080009b9   Thumb Code   384  stm32f4xx_hal_gpio.o(i.HAL_GPIO_Init)
    HAL_GPIO_TogglePin                       0x08000b61   Thumb Code    14  stm32f4xx_hal_gpio.o(i.HAL_GPIO_TogglePin)
    HAL_GPIO_WritePin                        0x08000b6f   Thumb Code    10  stm32f4xx_hal_gpio.o(i.HAL_GPIO_WritePin)
    HAL_GetTick                              0x08000b79   Thumb Code     6  stm32f4xx_hal.o(i.HAL_GetTick)
    HAL_IncTick                              0x08000b85   Thumb Code    12  stm32f4xx_hal.o(i.HAL_IncTick)
    HAL_Init                                 0x08000b95   Thumb Code    48  stm32f4xx_hal.o(i.HAL_Init)
    HAL_InitTick                             0x08000bc9   Thumb Code    54  stm32f4xx_hal.o(i.HAL_InitTick)
    HAL_MspInit                              0x08000c09   Thumb Code    42  stm32f4xx_hal_msp.o(i.HAL_MspInit)
    HAL_NVIC_EnableIRQ                       0x08000c39   Thumb Code    26  stm32f4xx_hal_cortex.o(i.HAL_NVIC_EnableIRQ)
    HAL_NVIC_SetPriority                     0x08000c55   Thumb Code    60  stm32f4xx_hal_cortex.o(i.HAL_NVIC_SetPriority)
    HAL_NVIC_SetPriorityGrouping             0x08000c95   Thumb Code    26  stm32f4xx_hal_cortex.o(i.HAL_NVIC_SetPriorityGrouping)
    HAL_PCDEx_LPM_Callback                   0x08000cb9   Thumb Code    92  usbd_conf.o(i.HAL_PCDEx_LPM_Callback)
    HAL_PCD_ConnectCallback                  0x08000d19   Thumb Code     8  usbd_conf.o(i.HAL_PCD_ConnectCallback)
    HAL_PCD_DataInStageCallback              0x08000d21   Thumb Code    18  usbd_conf.o(i.HAL_PCD_DataInStageCallback)
    HAL_PCD_DataOutStageCallback             0x08000d33   Thumb Code    20  usbd_conf.o(i.HAL_PCD_DataOutStageCallback)
    HAL_PCD_DisconnectCallback               0x08000d47   Thumb Code     8  usbd_conf.o(i.HAL_PCD_DisconnectCallback)
    HAL_PCD_EP_ClrStall                      0x08000d4f   Thumb Code    92  stm32f4xx_hal_pcd.o(i.HAL_PCD_EP_ClrStall)
    HAL_PCD_EP_Open                          0x08000dab   Thumb Code    96  stm32f4xx_hal_pcd.o(i.HAL_PCD_EP_Open)
    HAL_PCD_EP_Receive                       0x08000e0b   Thumb Code    72  stm32f4xx_hal_pcd.o(i.HAL_PCD_EP_Receive)
    HAL_PCD_EP_SetStall                      0x08000e53   Thumb Code   116  stm32f4xx_hal_pcd.o(i.HAL_PCD_EP_SetStall)
    HAL_PCD_EP_Transmit                      0x08000ec7   Thumb Code    64  stm32f4xx_hal_pcd.o(i.HAL_PCD_EP_Transmit)
    HAL_PCD_IRQHandler                       0x08000f09   Thumb Code  1130  stm32f4xx_hal_pcd.o(i.HAL_PCD_IRQHandler)
    HAL_PCD_ISOINIncompleteCallback          0x08001379   Thumb Code     8  usbd_conf.o(i.HAL_PCD_ISOINIncompleteCallback)
    HAL_PCD_ISOOUTIncompleteCallback         0x08001381   Thumb Code     8  usbd_conf.o(i.HAL_PCD_ISOOUTIncompleteCallback)
    HAL_PCD_ResetCallback                    0x08001389   Thumb Code    44  usbd_conf.o(i.HAL_PCD_ResetCallback)
    HAL_PCD_ResumeCallback                   0x080013b5   Thumb Code     8  usbd_conf.o(i.HAL_PCD_ResumeCallback)
    HAL_PCD_SOFCallback                      0x080013bd   Thumb Code     8  usbd_conf.o(i.HAL_PCD_SOFCallback)
    HAL_PCD_SetAddress                       0x080013c5   Thumb Code    40  stm32f4xx_hal_pcd.o(i.HAL_PCD_SetAddress)
    HAL_PCD_SetupStageCallback               0x080013ed   Thumb Code    14  usbd_conf.o(i.HAL_PCD_SetupStageCallback)
    HAL_PCD_SuspendCallback                  0x080013fd   Thumb Code    44  usbd_conf.o(i.HAL_PCD_SuspendCallback)
    HAL_RCCEx_PeriphCLKConfig                0x0800142d   Thumb Code  1072  stm32f4xx_hal_rcc_ex.o(i.HAL_RCCEx_PeriphCLKConfig)
    HAL_RCC_ClockConfig                      0x0800185d   Thumb Code   288  stm32f4xx_hal_rcc.o(i.HAL_RCC_ClockConfig)
    HAL_RCC_GetHCLKFreq                      0x08001991   Thumb Code     6  stm32f4xx_hal_rcc.o(i.HAL_RCC_GetHCLKFreq)
    HAL_RCC_GetSysClockFreq                  0x0800199d   Thumb Code   140  stm32f4xx_hal_rcc_ex.o(i.HAL_RCC_GetSysClockFreq)
    HAL_RCC_OscConfig                        0x08001a35   Thumb Code   814  stm32f4xx_hal_rcc_ex.o(i.HAL_RCC_OscConfig)
    HAL_SPI_Init                             0x08001d79   Thumb Code   128  stm32f4xx_hal_spi.o(i.HAL_SPI_Init)
    HAL_SPI_MspInit                          0x08001df9   Thumb Code   188  spi.o(i.HAL_SPI_MspInit)
    HAL_SPI_TransmitReceive                  0x08001ec9   Thumb Code   482  stm32f4xx_hal_spi.o(i.HAL_SPI_TransmitReceive)
    HAL_SYSTICK_Config                       0x080020ab   Thumb Code    40  stm32f4xx_hal_cortex.o(i.HAL_SYSTICK_Config)
    HAL_TIMEx_MasterConfigSynchronization    0x080020d5   Thumb Code   116  stm32f4xx_hal_tim_ex.o(i.HAL_TIMEx_MasterConfigSynchronization)
    HAL_TIM_Base_Start                       0x08002165   Thumb Code    36  stm32f4xx_hal_tim.o(i.HAL_TIM_Base_Start)
    HAL_TIM_MspPostInit                      0x08002189   Thumb Code    82  tim.o(i.HAL_TIM_MspPostInit)
    HAL_TIM_PWM_ConfigChannel                0x080021ed   Thumb Code   208  stm32f4xx_hal_tim.o(i.HAL_TIM_PWM_ConfigChannel)
    HAL_TIM_PWM_Init                         0x080022bd   Thumb Code    54  stm32f4xx_hal_tim.o(i.HAL_TIM_PWM_Init)
    HAL_TIM_PWM_MspInit                      0x080022f5   Thumb Code    30  tim.o(i.HAL_TIM_PWM_MspInit)
    HAL_TIM_PWM_Start                        0x0800231d   Thumb Code    58  stm32f4xx_hal_tim.o(i.HAL_TIM_PWM_Start)
    HardFault_Handler                        0x08002361   Thumb Code     2  stm32f4xx_it.o(i.HardFault_Handler)
    MX_DMA_Init                              0x08002365   Thumb Code    56  dma.o(i.MX_DMA_Init)
    MX_FREERTOS_Init                         0x080023a1   Thumb Code    52  freertos.o(i.MX_FREERTOS_Init)
    MX_GPIO_Init                             0x080023dd   Thumb Code   200  gpio.o(i.MX_GPIO_Init)
    MX_SPI2_Init                             0x080024b5   Thumb Code    64  spi.o(i.MX_SPI2_Init)
    MX_TIM3_Init                             0x080024fd   Thumb Code   104  tim.o(i.MX_TIM3_Init)
    MemManage_Handler                        0x0800256d   Thumb Code     2  stm32f4xx_it.o(i.MemManage_Handler)
    NMI_Handler                              0x0800256f   Thumb Code     2  stm32f4xx_it.o(i.NMI_Handler)
    OTG_FS_IRQHandler                        0x08002571   Thumb Code     6  stm32f4xx_it.o(i.OTG_FS_IRQHandler)
    PID_calc                                 0x080026ed   Thumb Code   292  pid.o(i.PID_calc)
    PID_init                                 0x08002815   Thumb Code    88  pid.o(i.PID_init)
    SysTick_Handler                          0x08002967   Thumb Code    24  stm32f4xx_it.o(i.SysTick_Handler)
    SystemClock_Config                       0x08002981   Thumb Code   146  main.o(i.SystemClock_Config)
    SystemInit                               0x08002a1d   Thumb Code    22  system_stm32f4xx.o(i.SystemInit)
    TIM_Base_SetConfig                       0x08002a39   Thumb Code   156  stm32f4xx_hal_tim.o(i.TIM_Base_SetConfig)
    TIM_CCxChannelCmd                        0x08002b01   Thumb Code    26  stm32f4xx_hal_tim.o(i.TIM_CCxChannelCmd)
    TIM_OC2_SetConfig                        0x08002b7d   Thumb Code    98  stm32f4xx_hal_tim.o(i.TIM_OC2_SetConfig)
    USBD_ClrClassConfig                      0x08002ca1   Thumb Code    16  usbd_core.o(i.USBD_ClrClassConfig)
    USBD_CtlContinueRx                       0x08002cb1   Thumb Code    16  usbd_ioreq.o(i.USBD_CtlContinueRx)
    USBD_CtlContinueSendData                 0x08002cc1   Thumb Code    16  usbd_ioreq.o(i.USBD_CtlContinueSendData)
    USBD_CtlError                            0x08002cd1   Thumb Code    22  usbd_ctlreq.o(i.USBD_CtlError)
    USBD_CtlReceiveStatus                    0x08002ce7   Thumb Code    22  usbd_ioreq.o(i.USBD_CtlReceiveStatus)
    USBD_CtlSendData                         0x08002cfd   Thumb Code    26  usbd_ioreq.o(i.USBD_CtlSendData)
    USBD_CtlSendStatus                       0x08002d17   Thumb Code    22  usbd_ioreq.o(i.USBD_CtlSendStatus)
    USBD_Get_USB_Status                      0x08002e27   Thumb Code    24  usbd_conf.o(i.USBD_Get_USB_Status)
    USBD_LL_ClearStallEP                     0x08002e3f   Thumb Code    18  usbd_conf.o(i.USBD_LL_ClearStallEP)
    USBD_LL_DataInStage                      0x08002e51   Thumb Code   170  usbd_core.o(i.USBD_LL_DataInStage)
    USBD_LL_DataOutStage                     0x08002efb   Thumb Code   110  usbd_core.o(i.USBD_LL_DataOutStage)
    USBD_LL_DevConnected                     0x08002f69   Thumb Code     4  usbd_core.o(i.USBD_LL_DevConnected)
    USBD_LL_DevDisconnected                  0x08002f6d   Thumb Code    24  usbd_core.o(i.USBD_LL_DevDisconnected)
    USBD_LL_IsStallEP                        0x08002f85   Thumb Code    32  usbd_conf.o(i.USBD_LL_IsStallEP)
    USBD_LL_IsoINIncomplete                  0x08002fa5   Thumb Code     4  usbd_core.o(i.USBD_LL_IsoINIncomplete)
    USBD_LL_IsoOUTIncomplete                 0x08002fa9   Thumb Code     4  usbd_core.o(i.USBD_LL_IsoOUTIncomplete)
    USBD_LL_OpenEP                           0x08002fad   Thumb Code    24  usbd_conf.o(i.USBD_LL_OpenEP)
    USBD_LL_PrepareReceive                   0x08002fc5   Thumb Code    18  usbd_conf.o(i.USBD_LL_PrepareReceive)
    USBD_LL_Reset                            0x08002fd7   Thumb Code    82  usbd_core.o(i.USBD_LL_Reset)
    USBD_LL_Resume                           0x08003029   Thumb Code    20  usbd_core.o(i.USBD_LL_Resume)
    USBD_LL_SOF                              0x0800303d   Thumb Code    24  usbd_core.o(i.USBD_LL_SOF)
    USBD_LL_SetSpeed                         0x08003055   Thumb Code     6  usbd_core.o(i.USBD_LL_SetSpeed)
    USBD_LL_SetUSBAddress                    0x0800305b   Thumb Code    18  usbd_conf.o(i.USBD_LL_SetUSBAddress)
    USBD_LL_SetupStage                       0x0800306d   Thumb Code    96  usbd_core.o(i.USBD_LL_SetupStage)
    USBD_LL_StallEP                          0x080030cd   Thumb Code    18  usbd_conf.o(i.USBD_LL_StallEP)
    USBD_LL_Suspend                          0x080030df   Thumb Code    18  usbd_core.o(i.USBD_LL_Suspend)
    USBD_LL_Transmit                         0x080030f1   Thumb Code    18  usbd_conf.o(i.USBD_LL_Transmit)
    USBD_ParseSetupRequest                   0x08003103   Thumb Code    44  usbd_ctlreq.o(i.USBD_ParseSetupRequest)
    USBD_SetClassConfig                      0x0800312f   Thumb Code    20  usbd_core.o(i.USBD_SetClassConfig)
    USBD_StdDevReq                           0x08003201   Thumb Code   276  usbd_ctlreq.o(i.USBD_StdDevReq)
    USBD_StdEPReq                            0x08003315   Thumb Code   332  usbd_ctlreq.o(i.USBD_StdEPReq)
    USBD_StdItfReq                           0x08003461   Thumb Code    82  usbd_ctlreq.o(i.USBD_StdItfReq)
    USB_ActivateEndpoint                     0x080034b5   Thumb Code   122  stm32f4xx_ll_usb.o(i.USB_ActivateEndpoint)
    USB_ActivateSetup                        0x08003535   Thumb Code    28  stm32f4xx_ll_usb.o(i.USB_ActivateSetup)
    USB_EP0StartXfer                         0x08003551   Thumb Code   276  stm32f4xx_ll_usb.o(i.USB_EP0StartXfer)
    USB_EP0_OutStart                         0x08003669   Thumb Code    84  stm32f4xx_ll_usb.o(i.USB_EP0_OutStart)
    USB_EPClearStall                         0x080036c1   Thumb Code    88  stm32f4xx_ll_usb.o(i.USB_EPClearStall)
    USB_EPSetStall                           0x08003719   Thumb Code    88  stm32f4xx_ll_usb.o(i.USB_EPSetStall)
    USB_EPStartXfer                          0x08003771   Thumb Code   482  stm32f4xx_ll_usb.o(i.USB_EPStartXfer)
    USB_FlushTxFifo                          0x08003959   Thumb Code    32  stm32f4xx_ll_usb.o(i.USB_FlushTxFifo)
    USB_GetDevSpeed                          0x0800397d   Thumb Code    26  stm32f4xx_ll_usb.o(i.USB_GetDevSpeed)
    USB_GetMode                              0x08003997   Thumb Code     8  stm32f4xx_ll_usb.o(i.USB_GetMode)
    USB_ReadDevAllInEpInterrupt              0x0800399f   Thumb Code    14  stm32f4xx_ll_usb.o(i.USB_ReadDevAllInEpInterrupt)
    USB_ReadDevAllOutEpInterrupt             0x080039ad   Thumb Code    14  stm32f4xx_ll_usb.o(i.USB_ReadDevAllOutEpInterrupt)
    USB_ReadDevInEPInterrupt                 0x080039bb   Thumb Code    36  stm32f4xx_ll_usb.o(i.USB_ReadDevInEPInterrupt)
    USB_ReadDevOutEPInterrupt                0x080039df   Thumb Code    16  stm32f4xx_ll_usb.o(i.USB_ReadDevOutEPInterrupt)
    USB_ReadInterrupts                       0x080039ef   Thumb Code     8  stm32f4xx_ll_usb.o(i.USB_ReadInterrupts)
    USB_ReadPacket                           0x080039f7   Thumb Code    28  stm32f4xx_ll_usb.o(i.USB_ReadPacket)
    USB_SetDevAddress                        0x08003a13   Thumb Code    34  stm32f4xx_ll_usb.o(i.USB_SetDevAddress)
    USB_SetTurnaroundTime                    0x08003a35   Thumb Code   158  stm32f4xx_ll_usb.o(i.USB_SetTurnaroundTime)
    USB_WritePacket                          0x08003b1d   Thumb Code    36  stm32f4xx_ll_usb.o(i.USB_WritePacket)
    UsageFault_Handler                       0x08003b41   Thumb Code     2  stm32f4xx_it.o(i.UsageFault_Handler)
    __scatterload_copy                       0x08003b63   Thumb Code    14  handlers.o(i.__scatterload_copy)
    __scatterload_null                       0x08003b71   Thumb Code     2  handlers.o(i.__scatterload_null)
    __scatterload_zeroinit                   0x08003b73   Thumb Code    14  handlers.o(i.__scatterload_zeroinit)
    bmi088_accel_init                        0x08003b81   Thumb Code   266  bmi088driver.o(i.bmi088_accel_init)
    bmi088_gyro_init                         0x08003c91   Thumb Code   214  bmi088driver.o(i.bmi088_gyro_init)
    imu_pwm_set                              0x08003d6d   Thumb Code     6  bsp_imu_pwm.o(i.imu_pwm_set)
    imu_temp_control_task                    0x08003d79   Thumb Code   168  imu_temp_control_task.o(i.imu_temp_control_task)
    led_task                                 0x08003e3d   Thumb Code    26  led_task.o(i.led_task)
    main                                     0x08003e5d   Thumb Code    34  main.o(i.main)
    osDelay                                  0x08003e8b   Thumb Code    14  cmsis_os.o(i.osDelay)
    osKernelStart                            0x08003e99   Thumb Code    10  cmsis_os.o(i.osKernelStart)
    osThreadCreate                           0x08003ea3   Thumb Code    84  cmsis_os.o(i.osThreadCreate)
    pcTaskGetName                            0x08003ef9   Thumb Code    28  tasks.o(i.pcTaskGetName)
    pvPortMalloc                             0x080042bd   Thumb Code   210  heap_4.o(i.pvPortMalloc)
    pxPortInitialiseStack                    0x08004395   Thumb Code    40  port.o(i.pxPortInitialiseStack)
    ulTaskNotifyTake                         0x080043c1   Thumb Code    96  tasks.o(i.ulTaskNotifyTake)
    uxListRemove                             0x08004429   Thumb Code    38  list.o(i.uxListRemove)
    vApplicationGetIdleTaskMemory            0x08004451   Thumb Code    16  freertos.o(i.vApplicationGetIdleTaskMemory)
    vListInitialise                          0x08004465   Thumb Code    22  list.o(i.vListInitialise)
    vListInitialiseItem                      0x0800447b   Thumb Code     6  list.o(i.vListInitialiseItem)
    vListInsert                              0x08004481   Thumb Code    48  list.o(i.vListInsert)
    vListInsertEnd                           0x080044b1   Thumb Code    24  list.o(i.vListInsertEnd)
    vPortEnterCritical                       0x080044c9   Thumb Code    54  port.o(i.vPortEnterCritical)
    vPortExitCritical                        0x08004509   Thumb Code    34  port.o(i.vPortExitCritical)
    vPortFree                                0x08004531   Thumb Code    88  heap_4.o(i.vPortFree)
    vPortSetupTimerInterrupt                 0x0800458d   Thumb Code    32  port.o(i.vPortSetupTimerInterrupt)
    vPortValidateInterruptPriority           0x080045b1   Thumb Code    74  port.o(i.vPortValidateInterruptPriority)
    vTaskDelay                               0x08004605   Thumb Code    66  tasks.o(i.vTaskDelay)
    vTaskNotifyGiveFromISR                   0x08004651   Thumb Code   172  tasks.o(i.vTaskNotifyGiveFromISR)
    vTaskStartScheduler                      0x08004705   Thumb Code    90  tasks.o(i.vTaskStartScheduler)
    vTaskSuspendAll                          0x08004771   Thumb Code    10  tasks.o(i.vTaskSuspendAll)
    vTaskSwitchContext                       0x08004781   Thumb Code    82  tasks.o(i.vTaskSwitchContext)
    xPortStartScheduler                      0x080047dd   Thumb Code   222  port.o(i.xPortStartScheduler)
    xPortSysTickHandler                      0x080048d1   Thumb Code    38  port.o(i.xPortSysTickHandler)
    xTaskCreate                              0x080048fd   Thumb Code    90  tasks.o(i.xTaskCreate)
    xTaskCreateStatic                        0x08004957   Thumb Code    86  tasks.o(i.xTaskCreateStatic)
    xTaskGetHandle                           0x080049ad   Thumb Code   124  tasks.o(i.xTaskGetHandle)
    xTaskGetSchedulerState                   0x08004a31   Thumb Code    22  tasks.o(i.xTaskGetSchedulerState)
    xTaskIncrementTick                       0x08004a4d   Thumb Code   192  tasks.o(i.xTaskIncrementTick)
    xTaskResumeAll                           0x08004b15   Thumb Code   182  tasks.o(i.xTaskResumeAll)
    imu_temp_PID                             0x08004bd8   Data          12  imu_temp_control_task.o(.constdata)
    AHBPrescTable                            0x08004c24   Data          16  system_stm32f4xx.o(.constdata)
    Region$$Table$$Base                      0x08004c44   Number         0  anon$$obj.o(Region$$Table)
    Region$$Table$$Limit                     0x08004c64   Number         0  anon$$obj.o(Region$$Table)
    BMI088_ACCEL_SEN                         0x20000000   Data           4  bmi088driver.o(.data)
    BMI088_GYRO_SEN                          0x20000004   Data           4  bmi088driver.o(.data)
    imu_start_flag                           0x2000002c   Data           1  imu_temp_control_task.o(.data)
    INS_task_local_handler                   0x20000034   Data           4  imu_temp_control_task.o(.data)
    temp                                     0x20000038   Data           4  imu_temp_control_task.o(.data)
    TEMP_IMUHandle                           0x2000003c   Data           4  freertos.o(.data)
    LEDHandle                                0x20000040   Data           4  freertos.o(.data)
    uwTickFreq                               0x20000044   Data           1  stm32f4xx_hal.o(.data)
    uwTickPrio                               0x20000048   Data           4  stm32f4xx_hal.o(.data)
    uwTick                                   0x2000004c   Data           4  stm32f4xx_hal.o(.data)
    SystemCoreClock                          0x20000050   Data           4  system_stm32f4xx.o(.data)
    pxCurrentTCB                             0x20000054   Data           4  tasks.o(.data)
    gyro                                     0x200000b8   Data          12  imu_temp_control_task.o(.bss)
    accel                                    0x200000c4   Data          12  imu_temp_control_task.o(.bss)
    imu_temp_pid                             0x200000d0   Data          72  imu_temp_control_task.o(.bss)
    hspi2                                    0x2000036c   Data          88  spi.o(.bss)
    hdma_spi2_rx                             0x200003c4   Data          96  spi.o(.bss)
    hdma_spi2_tx                             0x20000424   Data          96  spi.o(.bss)
    htim3                                    0x20000484   Data          64  tim.o(.bss)
    hpcd_USB_OTG_FS                          0x200004c4   Data        1032  usbd_conf.o(.bss)
    __initial_sp                             0x200065c0   Data           0  startup_stm32f446xx.o(STACK)



==============================================================================

Memory Map of the image

  Image Entry point : 0x080001c5

  Load Region LR_IROM1 (Base: 0x08000000, Size: 0x00004d1c, Max: 0x00040000, ABSOLUTE)

    Execution Region ER_IROM1 (Exec base: 0x08000000, Load base: 0x08000000, Size: 0x00004c64, Max: 0x00040000, ABSOLUTE)

    Exec Addr    Load Addr    Size         Type   Attr      Idx    E Section Name        Object

    0x08000000   0x08000000   0x000001c4   Data   RO            3    RESET               startup_stm32f446xx.o
    0x080001c4   0x080001c4   0x00000000   Code   RO         6075  * .ARM.Collect$$$$00000000  mc_w.l(entry.o)
    0x080001c4   0x080001c4   0x00000004   Code   RO         6118    .ARM.Collect$$$$00000001  mc_w.l(entry2.o)
    0x080001c8   0x080001c8   0x00000004   Code   RO         6121    .ARM.Collect$$$$00000004  mc_w.l(entry5.o)
    0x080001cc   0x080001cc   0x00000000   Code   RO         6123    .ARM.Collect$$$$00000008  mc_w.l(entry7b.o)
    0x080001cc   0x080001cc   0x00000000   Code   RO         6125    .ARM.Collect$$$$0000000A  mc_w.l(entry8b.o)
    0x080001cc   0x080001cc   0x00000008   Code   RO         6126    .ARM.Collect$$$$0000000B  mc_w.l(entry9a.o)
    0x080001d4   0x080001d4   0x00000004   Code   RO         6133    .ARM.Collect$$$$0000000E  mc_w.l(entry12b.o)
    0x080001d8   0x080001d8   0x00000000   Code   RO         6128    .ARM.Collect$$$$0000000F  mc_w.l(entry10a.o)
    0x080001d8   0x080001d8   0x00000000   Code   RO         6130    .ARM.Collect$$$$00000011  mc_w.l(entry11a.o)
    0x080001d8   0x080001d8   0x00000004   Code   RO         6119    .ARM.Collect$$$$00002712  mc_w.l(entry2.o)
    0x080001dc   0x080001dc   0x000000be   Code   RO         5621    .emb_text           port.o
    0x0800029a   0x0800029a   0x00000002   PAD
    0x0800029c   0x0800029c   0x00000024   Code   RO            4    .text               startup_stm32f446xx.o
    0x080002c0   0x080002c0   0x00000062   Code   RO         6078    .text               mc_w.l(uldiv.o)
    0x08000322   0x08000322   0x00000024   Code   RO         6080    .text               mc_w.l(memcpya.o)
    0x08000346   0x08000346   0x00000024   Code   RO         6084    .text               mc_w.l(memseta.o)
    0x0800036a   0x0800036a   0x0000000e   Code   RO         6086    .text               mc_w.l(strlen.o)
    0x08000378   0x08000378   0x0000001e   Code   RO         6134    .text               mc_w.l(llshl.o)
    0x08000396   0x08000396   0x00000020   Code   RO         6136    .text               mc_w.l(llushr.o)
    0x080003b6   0x080003b6   0x00000002   PAD
    0x080003b8   0x080003b8   0x00000024   Code   RO         6140    .text               mc_w.l(init.o)
    0x080003dc   0x080003dc   0x00000010   Code   RO          191    i.BMI088_ACCEL_NS_H  bmi088middleware.o
    0x080003ec   0x080003ec   0x00000010   Code   RO          192    i.BMI088_ACCEL_NS_L  bmi088middleware.o
    0x080003fc   0x080003fc   0x00000002   Code   RO          193    i.BMI088_GPIO_init  bmi088middleware.o
    0x080003fe   0x080003fe   0x00000002   PAD
    0x08000400   0x08000400   0x00000010   Code   RO          194    i.BMI088_GYRO_NS_H  bmi088middleware.o
    0x08000410   0x08000410   0x00000010   Code   RO          195    i.BMI088_GYRO_NS_L  bmi088middleware.o
    0x08000420   0x08000420   0x00000002   Code   RO          196    i.BMI088_com_init   bmi088middleware.o
    0x08000422   0x08000422   0x00000018   Code   RO          197    i.BMI088_delay_ms   bmi088middleware.o
    0x0800043a   0x0800043a   0x0000002e   Code   RO          198    i.BMI088_delay_us   bmi088middleware.o
    0x08000468   0x08000468   0x00000018   Code   RO           13    i.BMI088_init       bmi088driver.o
    0x08000480   0x08000480   0x00000158   Code   RO           14    i.BMI088_read       bmi088driver.o
    0x080005d8   0x080005d8   0x00000024   Code   RO           15    i.BMI088_read_muli_reg  bmi088driver.o
    0x080005fc   0x080005fc   0x00000016   Code   RO           16    i.BMI088_read_single_reg  bmi088driver.o
    0x08000612   0x08000612   0x00000002   PAD
    0x08000614   0x08000614   0x00000020   Code   RO          199    i.BMI088_read_write_byte  bmi088middleware.o
    0x08000634   0x08000634   0x00000012   Code   RO           17    i.BMI088_write_single_reg  bmi088driver.o
    0x08000646   0x08000646   0x00000002   Code   RO          793    i.BusFault_Handler  stm32f4xx_it.o
    0x08000648   0x08000648   0x0000000c   Code   RO          794    i.DMA1_Stream3_IRQHandler  stm32f4xx_it.o
    0x08000654   0x08000654   0x0000000c   Code   RO          795    i.DMA1_Stream4_IRQHandler  stm32f4xx_it.o
    0x08000660   0x08000660   0x00000028   Code   RO         2432    i.DMA_CalcBaseAndBitshift  stm32f4xx_hal_dma.o
    0x08000688   0x08000688   0x00000054   Code   RO         2433    i.DMA_CheckFifoParam  stm32f4xx_hal_dma.o
    0x080006dc   0x080006dc   0x00000002   Code   RO          796    i.DebugMon_Handler  stm32f4xx_it.o
    0x080006de   0x080006de   0x00000006   Code   RO          797    i.EXTI2_IRQHandler  stm32f4xx_it.o
    0x080006e4   0x080006e4   0x00000006   Code   RO          798    i.EXTI3_IRQHandler  stm32f4xx_it.o
    0x080006ea   0x080006ea   0x00000002   Code   RO          446    i.Error_Handler     main.o
    0x080006ec   0x080006ec   0x000001a0   Code   RO         2440    i.HAL_DMA_IRQHandler  stm32f4xx_hal_dma.o
    0x0800088c   0x0800088c   0x000000d4   Code   RO         2441    i.HAL_DMA_Init      stm32f4xx_hal_dma.o
    0x08000960   0x08000960   0x00000040   Code   RO          291    i.HAL_GPIO_EXTI_Callback  imu_temp_control_task.o
    0x080009a0   0x080009a0   0x00000018   Code   RO         2327    i.HAL_GPIO_EXTI_IRQHandler  stm32f4xx_hal_gpio.o
    0x080009b8   0x080009b8   0x000001a8   Code   RO         2328    i.HAL_GPIO_Init     stm32f4xx_hal_gpio.o
    0x08000b60   0x08000b60   0x0000000e   Code   RO         2331    i.HAL_GPIO_TogglePin  stm32f4xx_hal_gpio.o
    0x08000b6e   0x08000b6e   0x0000000a   Code   RO         2332    i.HAL_GPIO_WritePin  stm32f4xx_hal_gpio.o
    0x08000b78   0x08000b78   0x0000000c   Code   RO         2878    i.HAL_GetTick       stm32f4xx_hal.o
    0x08000b84   0x08000b84   0x00000010   Code   RO         2884    i.HAL_IncTick       stm32f4xx_hal.o
    0x08000b94   0x08000b94   0x00000034   Code   RO         2885    i.HAL_Init          stm32f4xx_hal.o
    0x08000bc8   0x08000bc8   0x00000040   Code   RO         2886    i.HAL_InitTick      stm32f4xx_hal.o
    0x08000c08   0x08000c08   0x00000030   Code   RO          887    i.HAL_MspInit       stm32f4xx_hal_msp.o
    0x08000c38   0x08000c38   0x0000001a   Code   RO         2735    i.HAL_NVIC_EnableIRQ  stm32f4xx_hal_cortex.o
    0x08000c52   0x08000c52   0x00000002   PAD
    0x08000c54   0x08000c54   0x00000040   Code   RO         2741    i.HAL_NVIC_SetPriority  stm32f4xx_hal_cortex.o
    0x08000c94   0x08000c94   0x00000024   Code   RO         2742    i.HAL_NVIC_SetPriorityGrouping  stm32f4xx_hal_cortex.o
    0x08000cb8   0x08000cb8   0x00000060   Code   RO         1108    i.HAL_PCDEx_LPM_Callback  usbd_conf.o
    0x08000d18   0x08000d18   0x00000008   Code   RO         1109    i.HAL_PCD_ConnectCallback  usbd_conf.o
    0x08000d20   0x08000d20   0x00000012   Code   RO         1110    i.HAL_PCD_DataInStageCallback  usbd_conf.o
    0x08000d32   0x08000d32   0x00000014   Code   RO         1111    i.HAL_PCD_DataOutStageCallback  usbd_conf.o
    0x08000d46   0x08000d46   0x00000008   Code   RO         1112    i.HAL_PCD_DisconnectCallback  usbd_conf.o
    0x08000d4e   0x08000d4e   0x0000005c   Code   RO         1319    i.HAL_PCD_EP_ClrStall  stm32f4xx_hal_pcd.o
    0x08000daa   0x08000daa   0x00000060   Code   RO         1322    i.HAL_PCD_EP_Open   stm32f4xx_hal_pcd.o
    0x08000e0a   0x08000e0a   0x00000048   Code   RO         1323    i.HAL_PCD_EP_Receive  stm32f4xx_hal_pcd.o
    0x08000e52   0x08000e52   0x00000074   Code   RO         1324    i.HAL_PCD_EP_SetStall  stm32f4xx_hal_pcd.o
    0x08000ec6   0x08000ec6   0x00000040   Code   RO         1325    i.HAL_PCD_EP_Transmit  stm32f4xx_hal_pcd.o
    0x08000f06   0x08000f06   0x00000002   PAD
    0x08000f08   0x08000f08   0x00000470   Code   RO         1327    i.HAL_PCD_IRQHandler  stm32f4xx_hal_pcd.o
    0x08001378   0x08001378   0x00000008   Code   RO         1113    i.HAL_PCD_ISOINIncompleteCallback  usbd_conf.o
    0x08001380   0x08001380   0x00000008   Code   RO         1114    i.HAL_PCD_ISOOUTIncompleteCallback  usbd_conf.o
    0x08001388   0x08001388   0x0000002c   Code   RO         1117    i.HAL_PCD_ResetCallback  usbd_conf.o
    0x080013b4   0x080013b4   0x00000008   Code   RO         1118    i.HAL_PCD_ResumeCallback  usbd_conf.o
    0x080013bc   0x080013bc   0x00000008   Code   RO         1119    i.HAL_PCD_SOFCallback  usbd_conf.o
    0x080013c4   0x080013c4   0x00000028   Code   RO         1336    i.HAL_PCD_SetAddress  stm32f4xx_hal_pcd.o
    0x080013ec   0x080013ec   0x0000000e   Code   RO         1120    i.HAL_PCD_SetupStageCallback  usbd_conf.o
    0x080013fa   0x080013fa   0x00000002   PAD
    0x080013fc   0x080013fc   0x00000030   Code   RO         1121    i.HAL_PCD_SuspendCallback  usbd_conf.o
    0x0800142c   0x0800142c   0x00000430   Code   RO         1997    i.HAL_RCCEx_PeriphCLKConfig  stm32f4xx_hal_rcc_ex.o
    0x0800185c   0x0800185c   0x00000134   Code   RO         1890    i.HAL_RCC_ClockConfig  stm32f4xx_hal_rcc.o
    0x08001990   0x08001990   0x0000000c   Code   RO         1895    i.HAL_RCC_GetHCLKFreq  stm32f4xx_hal_rcc.o
    0x0800199c   0x0800199c   0x00000098   Code   RO         2001    i.HAL_RCC_GetSysClockFreq  stm32f4xx_hal_rcc_ex.o
    0x08001a34   0x08001a34   0x00000344   Code   RO         2002    i.HAL_RCC_OscConfig  stm32f4xx_hal_rcc_ex.o
    0x08001d78   0x08001d78   0x00000080   Code   RO         3134    i.HAL_SPI_Init      stm32f4xx_hal_spi.o
    0x08001df8   0x08001df8   0x000000d0   Code   RO          704    i.HAL_SPI_MspInit   spi.o
    0x08001ec8   0x08001ec8   0x000001e2   Code   RO         3143    i.HAL_SPI_TransmitReceive  stm32f4xx_hal_spi.o
    0x080020aa   0x080020aa   0x00000028   Code   RO         2746    i.HAL_SYSTICK_Config  stm32f4xx_hal_cortex.o
    0x080020d2   0x080020d2   0x00000002   PAD
    0x080020d4   0x080020d4   0x00000090   Code   RO         4140    i.HAL_TIMEx_MasterConfigSynchronization  stm32f4xx_hal_tim_ex.o
    0x08002164   0x08002164   0x00000024   Code   RO         3450    i.HAL_TIM_Base_Start  stm32f4xx_hal_tim.o
    0x08002188   0x08002188   0x00000064   Code   RO          745    i.HAL_TIM_MspPostInit  tim.o
    0x080021ec   0x080021ec   0x000000d0   Code   RO         3514    i.HAL_TIM_PWM_ConfigChannel  stm32f4xx_hal_tim.o
    0x080022bc   0x080022bc   0x00000036   Code   RO         3517    i.HAL_TIM_PWM_Init  stm32f4xx_hal_tim.o
    0x080022f2   0x080022f2   0x00000002   PAD
    0x080022f4   0x080022f4   0x00000028   Code   RO          747    i.HAL_TIM_PWM_MspInit  tim.o
    0x0800231c   0x0800231c   0x00000044   Code   RO         3522    i.HAL_TIM_PWM_Start  stm32f4xx_hal_tim.o
    0x08002360   0x08002360   0x00000002   Code   RO          799    i.HardFault_Handler  stm32f4xx_it.o
    0x08002362   0x08002362   0x00000002   PAD
    0x08002364   0x08002364   0x0000003c   Code   RO          679    i.MX_DMA_Init       dma.o
    0x080023a0   0x080023a0   0x0000003c   Code   RO          629    i.MX_FREERTOS_Init  freertos.o
    0x080023dc   0x080023dc   0x000000d8   Code   RO          605    i.MX_GPIO_Init      gpio.o
    0x080024b4   0x080024b4   0x00000048   Code   RO          705    i.MX_SPI2_Init      spi.o
    0x080024fc   0x080024fc   0x00000070   Code   RO          748    i.MX_TIM3_Init      tim.o
    0x0800256c   0x0800256c   0x00000002   Code   RO          800    i.MemManage_Handler  stm32f4xx_it.o
    0x0800256e   0x0800256e   0x00000002   Code   RO          801    i.NMI_Handler       stm32f4xx_it.o
    0x08002570   0x08002570   0x0000000c   Code   RO          802    i.OTG_FS_IRQHandler  stm32f4xx_it.o
    0x0800257c   0x0800257c   0x000000cc   Code   RO         1342    i.PCD_EP_OutXfrComplete_int  stm32f4xx_hal_pcd.o
    0x08002648   0x08002648   0x000000a2   Code   RO         1343    i.PCD_WriteEmptyTxFifo  stm32f4xx_hal_pcd.o
    0x080026ea   0x080026ea   0x00000002   PAD
    0x080026ec   0x080026ec   0x00000128   Code   RO          375    i.PID_calc          pid.o
    0x08002814   0x08002814   0x0000005c   Code   RO          377    i.PID_init          pid.o
    0x08002870   0x08002870   0x00000058   Code   RO         3172    i.SPI_EndRxTxTransaction  stm32f4xx_hal_spi.o
    0x080028c8   0x080028c8   0x00000094   Code   RO         3177    i.SPI_WaitFlagStateUntilTimeout  stm32f4xx_hal_spi.o
    0x0800295c   0x0800295c   0x0000000a   Code   RO         5839    i.SWAPBYTE          usbd_ctlreq.o
    0x08002966   0x08002966   0x00000018   Code   RO          803    i.SysTick_Handler   stm32f4xx_it.o
    0x0800297e   0x0800297e   0x00000002   PAD
    0x08002980   0x08002980   0x0000009c   Code   RO          447    i.SystemClock_Config  main.o
    0x08002a1c   0x08002a1c   0x0000001c   Code   RO         4374    i.SystemInit        system_stm32f4xx.o
    0x08002a38   0x08002a38   0x000000c8   Code   RO         3535    i.TIM_Base_SetConfig  stm32f4xx_hal_tim.o
    0x08002b00   0x08002b00   0x0000001a   Code   RO         3536    i.TIM_CCxChannelCmd  stm32f4xx_hal_tim.o
    0x08002b1a   0x08002b1a   0x00000002   PAD
    0x08002b1c   0x08002b1c   0x00000060   Code   RO         3548    i.TIM_OC1_SetConfig  stm32f4xx_hal_tim.o
    0x08002b7c   0x08002b7c   0x0000006c   Code   RO         3549    i.TIM_OC2_SetConfig  stm32f4xx_hal_tim.o
    0x08002be8   0x08002be8   0x00000068   Code   RO         3550    i.TIM_OC3_SetConfig  stm32f4xx_hal_tim.o
    0x08002c50   0x08002c50   0x00000050   Code   RO         3551    i.TIM_OC4_SetConfig  stm32f4xx_hal_tim.o
    0x08002ca0   0x08002ca0   0x00000010   Code   RO         5701    i.USBD_ClrClassConfig  usbd_core.o
    0x08002cb0   0x08002cb0   0x00000010   Code   RO         5912    i.USBD_CtlContinueRx  usbd_ioreq.o
    0x08002cc0   0x08002cc0   0x00000010   Code   RO         5913    i.USBD_CtlContinueSendData  usbd_ioreq.o
    0x08002cd0   0x08002cd0   0x00000016   Code   RO         5840    i.USBD_CtlError     usbd_ctlreq.o
    0x08002ce6   0x08002ce6   0x00000016   Code   RO         5915    i.USBD_CtlReceiveStatus  usbd_ioreq.o
    0x08002cfc   0x08002cfc   0x0000001a   Code   RO         5916    i.USBD_CtlSendData  usbd_ioreq.o
    0x08002d16   0x08002d16   0x00000016   Code   RO         5917    i.USBD_CtlSendStatus  usbd_ioreq.o
    0x08002d2c   0x08002d2c   0x000000fa   Code   RO         5841    i.USBD_GetDescriptor  usbd_ctlreq.o
    0x08002e26   0x08002e26   0x00000018   Code   RO         1122    i.USBD_Get_USB_Status  usbd_conf.o
    0x08002e3e   0x08002e3e   0x00000012   Code   RO         1123    i.USBD_LL_ClearStallEP  usbd_conf.o
    0x08002e50   0x08002e50   0x000000aa   Code   RO         5704    i.USBD_LL_DataInStage  usbd_core.o
    0x08002efa   0x08002efa   0x0000006e   Code   RO         5705    i.USBD_LL_DataOutStage  usbd_core.o
    0x08002f68   0x08002f68   0x00000004   Code   RO         5706    i.USBD_LL_DevConnected  usbd_core.o
    0x08002f6c   0x08002f6c   0x00000018   Code   RO         5707    i.USBD_LL_DevDisconnected  usbd_core.o
    0x08002f84   0x08002f84   0x00000020   Code   RO         1130    i.USBD_LL_IsStallEP  usbd_conf.o
    0x08002fa4   0x08002fa4   0x00000004   Code   RO         5708    i.USBD_LL_IsoINIncomplete  usbd_core.o
    0x08002fa8   0x08002fa8   0x00000004   Code   RO         5709    i.USBD_LL_IsoOUTIncomplete  usbd_core.o
    0x08002fac   0x08002fac   0x00000018   Code   RO         1131    i.USBD_LL_OpenEP    usbd_conf.o
    0x08002fc4   0x08002fc4   0x00000012   Code   RO         1132    i.USBD_LL_PrepareReceive  usbd_conf.o
    0x08002fd6   0x08002fd6   0x00000052   Code   RO         5710    i.USBD_LL_Reset     usbd_core.o
    0x08003028   0x08003028   0x00000014   Code   RO         5711    i.USBD_LL_Resume    usbd_core.o
    0x0800303c   0x0800303c   0x00000018   Code   RO         5712    i.USBD_LL_SOF       usbd_core.o
    0x08003054   0x08003054   0x00000006   Code   RO         5713    i.USBD_LL_SetSpeed  usbd_core.o
    0x0800305a   0x0800305a   0x00000012   Code   RO         1133    i.USBD_LL_SetUSBAddress  usbd_conf.o
    0x0800306c   0x0800306c   0x00000060   Code   RO         5714    i.USBD_LL_SetupStage  usbd_core.o
    0x080030cc   0x080030cc   0x00000012   Code   RO         1134    i.USBD_LL_StallEP   usbd_conf.o
    0x080030de   0x080030de   0x00000012   Code   RO         5715    i.USBD_LL_Suspend   usbd_core.o
    0x080030f0   0x080030f0   0x00000012   Code   RO         1137    i.USBD_LL_Transmit  usbd_conf.o
    0x08003102   0x08003102   0x0000002c   Code   RO         5843    i.USBD_ParseSetupRequest  usbd_ctlreq.o
    0x0800312e   0x0800312e   0x00000014   Code   RO         5718    i.USBD_SetClassConfig  usbd_core.o
    0x08003142   0x08003142   0x00000002   PAD
    0x08003144   0x08003144   0x000000bc   Code   RO         5844    i.USBD_SetConfig    usbd_ctlreq.o
    0x08003200   0x08003200   0x00000114   Code   RO         5845    i.USBD_StdDevReq    usbd_ctlreq.o
    0x08003314   0x08003314   0x0000014c   Code   RO         5846    i.USBD_StdEPReq     usbd_ctlreq.o
    0x08003460   0x08003460   0x00000052   Code   RO         5847    i.USBD_StdItfReq    usbd_ctlreq.o
    0x080034b2   0x080034b2   0x00000002   PAD
    0x080034b4   0x080034b4   0x00000080   Code   RO         1590    i.USB_ActivateEndpoint  stm32f4xx_ll_usb.o
    0x08003534   0x08003534   0x0000001c   Code   RO         1592    i.USB_ActivateSetup  stm32f4xx_ll_usb.o
    0x08003550   0x08003550   0x00000118   Code   RO         1605    i.USB_EP0StartXfer  stm32f4xx_ll_usb.o
    0x08003668   0x08003668   0x00000058   Code   RO         1606    i.USB_EP0_OutStart  stm32f4xx_ll_usb.o
    0x080036c0   0x080036c0   0x00000058   Code   RO         1607    i.USB_EPClearStall  stm32f4xx_ll_usb.o
    0x08003718   0x08003718   0x00000058   Code   RO         1608    i.USB_EPSetStall    stm32f4xx_ll_usb.o
    0x08003770   0x08003770   0x000001e8   Code   RO         1609    i.USB_EPStartXfer   stm32f4xx_ll_usb.o
    0x08003958   0x08003958   0x00000024   Code   RO         1612    i.USB_FlushTxFifo   stm32f4xx_ll_usb.o
    0x0800397c   0x0800397c   0x0000001a   Code   RO         1614    i.USB_GetDevSpeed   stm32f4xx_ll_usb.o
    0x08003996   0x08003996   0x00000008   Code   RO         1616    i.USB_GetMode       stm32f4xx_ll_usb.o
    0x0800399e   0x0800399e   0x0000000e   Code   RO         1623    i.USB_ReadDevAllInEpInterrupt  stm32f4xx_ll_usb.o
    0x080039ac   0x080039ac   0x0000000e   Code   RO         1624    i.USB_ReadDevAllOutEpInterrupt  stm32f4xx_ll_usb.o
    0x080039ba   0x080039ba   0x00000024   Code   RO         1625    i.USB_ReadDevInEPInterrupt  stm32f4xx_ll_usb.o
    0x080039de   0x080039de   0x00000010   Code   RO         1626    i.USB_ReadDevOutEPInterrupt  stm32f4xx_ll_usb.o
    0x080039ee   0x080039ee   0x00000008   Code   RO         1627    i.USB_ReadInterrupts  stm32f4xx_ll_usb.o
    0x080039f6   0x080039f6   0x0000001c   Code   RO         1628    i.USB_ReadPacket    stm32f4xx_ll_usb.o
    0x08003a12   0x08003a12   0x00000022   Code   RO         1631    i.USB_SetDevAddress  stm32f4xx_ll_usb.o
    0x08003a34   0x08003a34   0x000000e8   Code   RO         1633    i.USB_SetTurnaroundTime  stm32f4xx_ll_usb.o
    0x08003b1c   0x08003b1c   0x00000024   Code   RO         1636    i.USB_WritePacket   stm32f4xx_ll_usb.o
    0x08003b40   0x08003b40   0x00000002   Code   RO          804    i.UsageFault_Handler  stm32f4xx_it.o
    0x08003b42   0x08003b42   0x00000020   Code   RO         2748    i.__NVIC_SetPriority  stm32f4xx_hal_cortex.o
    0x08003b62   0x08003b62   0x0000000e   Code   RO         6144    i.__scatterload_copy  mc_w.l(handlers.o)
    0x08003b70   0x08003b70   0x00000002   Code   RO         6145    i.__scatterload_null  mc_w.l(handlers.o)
    0x08003b72   0x08003b72   0x0000000e   Code   RO         6146    i.__scatterload_zeroinit  mc_w.l(handlers.o)
    0x08003b80   0x08003b80   0x00000110   Code   RO           18    i.bmi088_accel_init  bmi088driver.o
    0x08003c90   0x08003c90   0x000000dc   Code   RO           19    i.bmi088_gyro_init  bmi088driver.o
    0x08003d6c   0x08003d6c   0x0000000c   Code   RO          264    i.imu_pwm_set       bsp_imu_pwm.o
    0x08003d78   0x08003d78   0x000000c4   Code   RO          292    i.imu_temp_control_task  imu_temp_control_task.o
    0x08003e3c   0x08003e3c   0x00000020   Code   RO          411    i.led_task          led_task.o
    0x08003e5c   0x08003e5c   0x00000022   Code   RO          448    i.main              main.o
    0x08003e7e   0x08003e7e   0x0000000c   Code   RO         5193    i.makeFreeRtosPriority  cmsis_os.o
    0x08003e8a   0x08003e8a   0x0000000e   Code   RO         5195    i.osDelay           cmsis_os.o
    0x08003e98   0x08003e98   0x0000000a   Code   RO         5198    i.osKernelStart     cmsis_os.o
    0x08003ea2   0x08003ea2   0x00000054   Code   RO         5232    i.osThreadCreate    cmsis_os.o
    0x08003ef6   0x08003ef6   0x00000002   PAD
    0x08003ef8   0x08003ef8   0x00000020   Code   RO         4875    i.pcTaskGetName     tasks.o
    0x08003f18   0x08003f18   0x00000070   Code   RO         4876    i.prvAddCurrentTaskToDelayedList  tasks.o
    0x08003f88   0x08003f88   0x000000d0   Code   RO         4877    i.prvAddNewTaskToReadyList  tasks.o
    0x08004058   0x08004058   0x00000034   Code   RO         4878    i.prvDeleteTCB      tasks.o
    0x0800408c   0x0800408c   0x0000004c   Code   RO         5560    i.prvHeapInit       heap_4.o
    0x080040d8   0x080040d8   0x00000060   Code   RO         4879    i.prvIdleTask       tasks.o
    0x08004138   0x08004138   0x00000098   Code   RO         4880    i.prvInitialiseNewTask  tasks.o
    0x080041d0   0x080041d0   0x0000004c   Code   RO         5561    i.prvInsertBlockIntoFreeList  heap_4.o
    0x0800421c   0x0800421c   0x00000020   Code   RO         4881    i.prvResetNextTaskUnblockTime  tasks.o
    0x0800423c   0x0800423c   0x00000058   Code   RO         4882    i.prvSearchForNameWithinSingleList  tasks.o
    0x08004294   0x08004294   0x00000028   Code   RO         5622    i.prvTaskExitError  port.o
    0x080042bc   0x080042bc   0x000000d8   Code   RO         5562    i.pvPortMalloc      heap_4.o
    0x08004394   0x08004394   0x0000002c   Code   RO         5623    i.pxPortInitialiseStack  port.o
    0x080043c0   0x080043c0   0x00000068   Code   RO         4885    i.ulTaskNotifyTake  tasks.o
    0x08004428   0x08004428   0x00000026   Code   RO         4512    i.uxListRemove      list.o
    0x0800444e   0x0800444e   0x00000002   PAD
    0x08004450   0x08004450   0x00000014   Code   RO          631    i.vApplicationGetIdleTaskMemory  freertos.o
    0x08004464   0x08004464   0x00000016   Code   RO         4513    i.vListInitialise   list.o
    0x0800447a   0x0800447a   0x00000006   Code   RO         4514    i.vListInitialiseItem  list.o
    0x08004480   0x08004480   0x00000030   Code   RO         4515    i.vListInsert       list.o
    0x080044b0   0x080044b0   0x00000018   Code   RO         4516    i.vListInsertEnd    list.o
    0x080044c8   0x080044c8   0x00000040   Code   RO         5625    i.vPortEnterCritical  port.o
    0x08004508   0x08004508   0x00000028   Code   RO         5626    i.vPortExitCritical  port.o
    0x08004530   0x08004530   0x0000005c   Code   RO         5563    i.vPortFree         heap_4.o
    0x0800458c   0x0800458c   0x00000024   Code   RO         5627    i.vPortSetupTimerInterrupt  port.o
    0x080045b0   0x080045b0   0x00000054   Code   RO         5628    i.vPortValidateInterruptPriority  port.o
    0x08004604   0x08004604   0x0000004c   Code   RO         4890    i.vTaskDelay        tasks.o
    0x08004650   0x08004650   0x000000b4   Code   RO         4895    i.vTaskNotifyGiveFromISR  tasks.o
    0x08004704   0x08004704   0x0000006c   Code   RO         4903    i.vTaskStartScheduler  tasks.o
    0x08004770   0x08004770   0x00000010   Code   RO         4905    i.vTaskSuspendAll   tasks.o
    0x08004780   0x08004780   0x0000005c   Code   RO         4906    i.vTaskSwitchContext  tasks.o
    0x080047dc   0x080047dc   0x000000f4   Code   RO         5629    i.xPortStartScheduler  port.o
    0x080048d0   0x080048d0   0x0000002c   Code   RO         5630    i.xPortSysTickHandler  port.o
    0x080048fc   0x080048fc   0x0000005a   Code   RO         4908    i.xTaskCreate       tasks.o
    0x08004956   0x08004956   0x00000056   Code   RO         4909    i.xTaskCreateStatic  tasks.o
    0x080049ac   0x080049ac   0x00000084   Code   RO         4913    i.xTaskGetHandle    tasks.o
    0x08004a30   0x08004a30   0x0000001c   Code   RO         4914    i.xTaskGetSchedulerState  tasks.o
    0x08004a4c   0x08004a4c   0x000000c8   Code   RO         4917    i.xTaskIncrementTick  tasks.o
    0x08004b14   0x08004b14   0x000000c4   Code   RO         4923    i.xTaskResumeAll    tasks.o
    0x08004bd8   0x08004bd8   0x0000000c   Data   RO          294    .constdata          imu_temp_control_task.o
    0x08004be4   0x08004be4   0x00000038   Data   RO          633    .constdata          freertos.o
    0x08004c1c   0x08004c1c   0x00000008   Data   RO         2447    .constdata          stm32f4xx_hal_dma.o
    0x08004c24   0x08004c24   0x00000010   Data   RO         4375    .constdata          system_stm32f4xx.o
    0x08004c34   0x08004c34   0x0000000d   Data   RO          634    .conststring        freertos.o
    0x08004c41   0x08004c41   0x00000003   PAD
    0x08004c44   0x08004c44   0x00000020   Data   RO         6142    Region$$Table       anon$$obj.o


    Execution Region RW_IRAM1 (Exec base: 0x20000000, Load base: 0x08004c64, Size: 0x000065c0, Max: 0x00020000, ABSOLUTE)

    Exec Addr    Load Addr    Size         Type   Attr      Idx    E Section Name        Object

    0x20000000   0x08004c64   0x0000002c   Data   RW           20    .data               bmi088driver.o
    0x2000002c   0x08004c90   0x00000010   Data   RW          295    .data               imu_temp_control_task.o
    0x2000003c   0x08004ca0   0x00000008   Data   RW          635    .data               freertos.o
    0x20000044   0x08004ca8   0x0000000c   Data   RW         2892    .data               stm32f4xx_hal.o
    0x20000050   0x08004cb4   0x00000004   Data   RW         4377    .data               system_stm32f4xx.o
    0x20000054   0x08004cb8   0x0000003c   Data   RW         4926    .data               tasks.o
    0x20000090   0x08004cf4   0x00000018   Data   RW         5568    .data               heap_4.o
    0x200000a8   0x08004d0c   0x0000000c   Data   RW         5631    .data               port.o
    0x200000b4   0x08004d18   0x00000001   Data   RW         5848    .data               usbd_ctlreq.o
    0x200000b5   0x08004d19   0x00000003   PAD
    0x200000b8        -       0x00000060   Zero   RW          293    .bss                imu_temp_control_task.o
    0x20000118        -       0x00000254   Zero   RW          632    .bss                freertos.o
    0x2000036c        -       0x00000118   Zero   RW          706    .bss                spi.o
    0x20000484        -       0x00000040   Zero   RW          749    .bss                tim.o
    0x200004c4        -       0x00000408   Zero   RW         1138    .bss                usbd_conf.o
    0x200008cc        -       0x000000f0   Zero   RW         4925    .bss                tasks.o
    0x200009bc        -       0x00003c00   Zero   RW         5567    .bss                heap_4.o
    0x200045bc   0x08004d19   0x00000004   PAD
    0x200045c0        -       0x00002000   Zero   RW            1    STACK               startup_stm32f446xx.o


==============================================================================

Image component sizes


      Code (inc. data)   RO Data    RW Data    ZI Data      Debug   Object Name

       936         16          0         44          0     603374   bmi088driver.o
       170         28          0          0          0       4652   bmi088middleware.o
        12          6          0          0          0        486   bsp_imu_pwm.o
       120          0          0          0          0      23145   cmsis_os.o
        60          4          0          0          0        790   dma.o
         0          0          0          0          0      15740   event_groups.o
        80         12         69          8        596       2050   freertos.o
       216         16          0          0          0       1007   gpio.o
       460         24          0         24      15360       7347   heap_4.o
       260         38         12         16         96      15863   imu_temp_control_task.o
        32          6          0          0          0        487   led_task.o
       138          0          0          0          0       3570   list.o
       192         10          0          0          0     739372   main.o
       388          8          0          0          0       1814   pid.o
       786         82          0         12          0      11997   port.o
       280         28          0          0        280       1871   spi.o
        36          8        452          0       8192        840   startup_stm32f446xx.o
       144         24          0         12          0       8661   stm32f4xx_hal.o
       198         14          0          0          0      33971   stm32f4xx_hal_cortex.o
       752         16          8          0          0       4088   stm32f4xx_hal_dma.o
       472         46          0          0          0       3656   stm32f4xx_hal_gpio.o
        48          6          0          0          0        862   stm32f4xx_hal_msp.o
      1982         14          0          0          0       9675   stm32f4xx_hal_pcd.o
       320         26          0          0          0       2192   stm32f4xx_hal_rcc.o
      2060         74          0          0          0       4514   stm32f4xx_hal_rcc_ex.o
       846          8          0          0          0       4753   stm32f4xx_hal_spi.o
       980         90          0          0          0       8823   stm32f4xx_hal_tim.o
       144         28          0          0          0       1352   stm32f4xx_hal_tim_ex.o
        84         18          0          0          0       5729   stm32f4xx_it.o
      1676         98          0          0          0      15623   stm32f4xx_ll_usb.o
         0          0          0          0          0        392   stream_buffer.o
        28          6         16          4          0       1167   system_stm32f4xx.o
      2080        144          0         60        240      25192   tasks.o
       252         36          0          0         64       2327   tim.o
       458          8          0          0       1032      13262   usbd_conf.o
       598          0          0          0          0      10295   usbd_core.o
      1204         22          0          1          0      13151   usbd_ctlreq.o
       102          0          0          0          0       3828   usbd_ioreq.o

    ----------------------------------------------------------------------
     18626        964        592        184      25864    1607918   Object Totals
         0          0         32          0          0          0   (incl. Generated)
        32          0          3          3          4          0   (incl. Padding)

    ----------------------------------------------------------------------

      Code (inc. data)   RO Data    RW Data    ZI Data      Debug   Library Member Name

         0          0          0          0          0          0   entry.o
         0          0          0          0          0          0   entry10a.o
         0          0          0          0          0          0   entry11a.o
         4          0          0          0          0          0   entry12b.o
         8          4          0          0          0          0   entry2.o
         4          0          0          0          0          0   entry5.o
         0          0          0          0          0          0   entry7b.o
         0          0          0          0          0          0   entry8b.o
         8          4          0          0          0          0   entry9a.o
        30          0          0          0          0          0   handlers.o
        36          8          0          0          0         68   init.o
        30          0          0          0          0         68   llshl.o
        32          0          0          0          0         68   llushr.o
        36          0          0          0          0         68   memcpya.o
        36          0          0          0          0        108   memseta.o
        14          0          0          0          0         68   strlen.o
        98          0          0          0          0         92   uldiv.o

    ----------------------------------------------------------------------
       338         16          0          0          0        540   Library Totals
         2          0          0          0          0          0   (incl. Padding)

    ----------------------------------------------------------------------

      Code (inc. data)   RO Data    RW Data    ZI Data      Debug   Library Name

       336         16          0          0          0        540   mc_w.l

    ----------------------------------------------------------------------
       338         16          0          0          0        540   Library Totals

    ----------------------------------------------------------------------

==============================================================================


      Code (inc. data)   RO Data    RW Data    ZI Data      Debug   

     18964        980        592        184      25864    1589306   Grand Totals
     18964        980        592        184      25864    1589306   ELF Image Totals
     18964        980        592        184          0          0   ROM Totals

==============================================================================

    Total RO  Size (Code + RO Data)                19556 (  19.10kB)
    Total RW  Size (RW Data + ZI Data)             26048 (  25.44kB)
    Total ROM Size (Code + RO Data + RW Data)      19740 (  19.28kB)

==============================================================================

