Component: ARM Compiler 5.06 update 7 (build 960) Tool: armlink [4d3601]

==============================================================================

Section Cross References

    startup_stm32f446xx.o(RESET) refers to startup_stm32f446xx.o(STACK) for __initial_sp
    startup_stm32f446xx.o(RESET) refers to startup_stm32f446xx.o(.text) for Reset_Handler
    startup_stm32f446xx.o(RESET) refers to stm32f4xx_it.o(i.NMI_Handler) for NMI_Handler
    startup_stm32f446xx.o(RESET) refers to stm32f4xx_it.o(i.HardFault_Handler) for HardFault_Handler
    startup_stm32f446xx.o(RESET) refers to stm32f4xx_it.o(i.MemManage_Handler) for MemManage_Handler
    startup_stm32f446xx.o(RESET) refers to stm32f4xx_it.o(i.BusFault_Handler) for BusFault_Handler
    startup_stm32f446xx.o(RESET) refers to stm32f4xx_it.o(i.UsageFault_Handler) for UsageFault_Handler
    startup_stm32f446xx.o(RESET) refers to stm32f4xx_it.o(i.SVC_Handler) for SVC_Handler
    startup_stm32f446xx.o(RESET) refers to stm32f4xx_it.o(i.DebugMon_Handler) for DebugMon_Handler
    startup_stm32f446xx.o(RESET) refers to stm32f4xx_it.o(i.PendSV_Handler) for PendSV_Handler
    startup_stm32f446xx.o(RESET) refers to stm32f4xx_it.o(i.SysTick_Handler) for SysTick_Handler
    startup_stm32f446xx.o(RESET) refers to stm32f4xx_it.o(i.DMA1_Stream3_IRQHandler) for DMA1_Stream3_IRQHandler
    startup_stm32f446xx.o(RESET) refers to stm32f4xx_it.o(i.DMA1_Stream4_IRQHandler) for DMA1_Stream4_IRQHandler
    startup_stm32f446xx.o(RESET) refers to stm32f4xx_it.o(i.OTG_FS_IRQHandler) for OTG_FS_IRQHandler
    startup_stm32f446xx.o(.text) refers to system_stm32f4xx.o(i.SystemInit) for SystemInit
    startup_stm32f446xx.o(.text) refers to entry.o(.ARM.Collect$$$$00000000) for __main
    bmi088driver.o(i.BMI088_init) refers to bmi088middleware.o(i.BMI088_GPIO_init) for BMI088_GPIO_init
    bmi088driver.o(i.BMI088_init) refers to bmi088middleware.o(i.BMI088_com_init) for BMI088_com_init
    bmi088driver.o(i.BMI088_init) refers to bmi088driver.o(i.bmi088_accel_init) for bmi088_accel_init
    bmi088driver.o(i.BMI088_init) refers to bmi088driver.o(i.bmi088_gyro_init) for bmi088_gyro_init
    bmi088driver.o(i.BMI088_read) refers to bmi088middleware.o(i.BMI088_ACCEL_NS_L) for BMI088_ACCEL_NS_L
    bmi088driver.o(i.BMI088_read) refers to bmi088middleware.o(i.BMI088_read_write_byte) for BMI088_read_write_byte
    bmi088driver.o(i.BMI088_read) refers to bmi088driver.o(i.BMI088_read_muli_reg) for BMI088_read_muli_reg
    bmi088driver.o(i.BMI088_read) refers to bmi088middleware.o(i.BMI088_ACCEL_NS_H) for BMI088_ACCEL_NS_H
    bmi088driver.o(i.BMI088_read) refers to bmi088middleware.o(i.BMI088_GYRO_NS_L) for BMI088_GYRO_NS_L
    bmi088driver.o(i.BMI088_read) refers to bmi088middleware.o(i.BMI088_GYRO_NS_H) for BMI088_GYRO_NS_H
    bmi088driver.o(i.BMI088_read) refers to bmi088driver.o(.data) for .data
    bmi088driver.o(i.BMI088_read_muli_reg) refers to bmi088middleware.o(i.BMI088_read_write_byte) for BMI088_read_write_byte
    bmi088driver.o(i.BMI088_read_single_reg) refers to bmi088middleware.o(i.BMI088_read_write_byte) for BMI088_read_write_byte
    bmi088driver.o(i.BMI088_write_single_reg) refers to bmi088middleware.o(i.BMI088_read_write_byte) for BMI088_read_write_byte
    bmi088driver.o(i.bmi088_accel_init) refers to bmi088middleware.o(i.BMI088_ACCEL_NS_L) for BMI088_ACCEL_NS_L
    bmi088driver.o(i.bmi088_accel_init) refers to bmi088middleware.o(i.BMI088_read_write_byte) for BMI088_read_write_byte
    bmi088driver.o(i.bmi088_accel_init) refers to bmi088middleware.o(i.BMI088_ACCEL_NS_H) for BMI088_ACCEL_NS_H
    bmi088driver.o(i.bmi088_accel_init) refers to bmi088middleware.o(i.BMI088_delay_us) for BMI088_delay_us
    bmi088driver.o(i.bmi088_accel_init) refers to bmi088driver.o(i.BMI088_write_single_reg) for BMI088_write_single_reg
    bmi088driver.o(i.bmi088_accel_init) refers to bmi088middleware.o(i.BMI088_delay_ms) for BMI088_delay_ms
    bmi088driver.o(i.bmi088_accel_init) refers to bmi088driver.o(.data) for .data
    bmi088driver.o(i.bmi088_gyro_init) refers to bmi088middleware.o(i.BMI088_GYRO_NS_L) for BMI088_GYRO_NS_L
    bmi088driver.o(i.bmi088_gyro_init) refers to bmi088driver.o(i.BMI088_read_single_reg) for BMI088_read_single_reg
    bmi088driver.o(i.bmi088_gyro_init) refers to bmi088middleware.o(i.BMI088_GYRO_NS_H) for BMI088_GYRO_NS_H
    bmi088driver.o(i.bmi088_gyro_init) refers to bmi088middleware.o(i.BMI088_delay_us) for BMI088_delay_us
    bmi088driver.o(i.bmi088_gyro_init) refers to bmi088driver.o(i.BMI088_write_single_reg) for BMI088_write_single_reg
    bmi088driver.o(i.bmi088_gyro_init) refers to bmi088middleware.o(i.BMI088_delay_ms) for BMI088_delay_ms
    bmi088driver.o(i.bmi088_gyro_init) refers to bmi088driver.o(.data) for .data
    bmi088middleware.o(i.BMI088_ACCEL_NS_H) refers to stm32f4xx_hal_gpio.o(i.HAL_GPIO_WritePin) for HAL_GPIO_WritePin
    bmi088middleware.o(i.BMI088_ACCEL_NS_L) refers to stm32f4xx_hal_gpio.o(i.HAL_GPIO_WritePin) for HAL_GPIO_WritePin
[...]
    i.HAL_PCD_DataOutStageCallback           0x08000d2a   Section        0  usbd_conf.o(i.HAL_PCD_DataOutStageCallback)
    i.HAL_PCD_DisconnectCallback             0x08000d3e   Section        0  usbd_conf.o(i.HAL_PCD_DisconnectCallback)
    i.HAL_PCD_EP_Close                       0x08000d46   Section        0  stm32f4xx_hal_pcd.o(i.HAL_PCD_EP_Close)
    i.HAL_PCD_EP_ClrStall                    0x08000d92   Section        0  stm32f4xx_hal_pcd.o(i.HAL_PCD_EP_ClrStall)
    i.HAL_PCD_EP_GetRxCount                  0x08000dee   Section        0  stm32f4xx_hal_pcd.o(i.HAL_PCD_EP_GetRxCount)
    i.HAL_PCD_EP_Open                        0x08000e00   Section        0  stm32f4xx_hal_pcd.o(i.HAL_PCD_EP_Open)
    i.HAL_PCD_EP_Receive                     0x08000e60   Section        0  stm32f4xx_hal_pcd.o(i.HAL_PCD_EP_Receive)
    i.HAL_PCD_EP_SetStall                    0x08000ea8   Section        0  stm32f4xx_hal_pcd.o(i.HAL_PCD_EP_SetStall)
    i.HAL_PCD_EP_Transmit                    0x08000f1c   Section        0  stm32f4xx_hal_pcd.o(i.HAL_PCD_EP_Transmit)
    i.HAL_PCD_IRQHandler                     0x08000f5c   Section        0  stm32f4xx_hal_pcd.o(i.HAL_PCD_IRQHandler)
    i.HAL_PCD_ISOINIncompleteCallback        0x080013cc   Section        0  usbd_conf.o(i.HAL_PCD_ISOINIncompleteCallback)
    i.HAL_PCD_ISOOUTIncompleteCallback       0x080013d4   Section        0  usbd_conf.o(i.HAL_PCD_ISOOUTIncompleteCallback)
    i.HAL_PCD_Init                           0x080013dc   Section        0  stm32f4xx_hal_pcd.o(i.HAL_PCD_Init)
    i.HAL_PCD_MspInit                        0x080014cc   Section        0  usbd_conf.o(i.HAL_PCD_MspInit)
    i.HAL_PCD_ResetCallback                  0x08001550   Section        0  usbd_conf.o(i.HAL_PCD_ResetCallback)
    i.HAL_PCD_ResumeCallback                 0x0800157c   Section        0  usbd_conf.o(i.HAL_PCD_ResumeCallback)
    i.HAL_PCD_SOFCallback                    0x08001584   Section        0  usbd_conf.o(i.HAL_PCD_SOFCallback)
    i.HAL_PCD_SetAddress                     0x0800158c   Section        0  stm32f4xx_hal_pcd.o(i.HAL_PCD_SetAddress)
    i.HAL_PCD_SetupStageCallback             0x080015b4   Section        0  usbd_conf.o(i.HAL_PCD_SetupStageCallback)
    i.HAL_PCD_Start                          0x080015c2   Section        0  stm32f4xx_hal_pcd.o(i.HAL_PCD_Start)
    i.HAL_PCD_SuspendCallback                0x08001604   Section        0  usbd_conf.o(i.HAL_PCD_SuspendCallback)
    i.HAL_RCCEx_PeriphCLKConfig              0x08001634   Section        0  stm32f4xx_hal_rcc_ex.o(i.HAL_RCCEx_PeriphCLKConfig)
    i.HAL_RCC_ClockConfig                    0x08001a64   Section        0  stm32f4xx_hal_rcc.o(i.HAL_RCC_ClockConfig)
    i.HAL_RCC_GetHCLKFreq                    0x08001b98   Section        0  stm32f4xx_hal_rcc.o(i.HAL_RCC_GetHCLKFreq)
    i.HAL_RCC_GetSysClockFreq                0x08001ba4   Section        0  stm32f4xx_hal_rcc_ex.o(i.HAL_RCC_GetSysClockFreq)
    i.HAL_RCC_OscConfig                      0x08001c3c   Section        0  stm32f4xx_hal_rcc_ex.o(i.HAL_RCC_OscConfig)
    i.HAL_SPI_Init                           0x08001f80   Section        0  stm32f4xx_hal_spi.o(i.HAL_SPI_Init)
    i.HAL_SPI_MspInit                        0x08002000   Section        0  spi.o(i.HAL_SPI_MspInit)
    i.HAL_SPI_TransmitReceive                0x080020d0   Section        0  stm32f4xx_hal_spi.o(i.HAL_SPI_TransmitReceive)
    i.HAL_SYSTICK_Config                     0x080022b2   Section        0  stm32f4xx_hal_cortex.o(i.HAL_SYSTICK_Config)
    i.HAL_TIMEx_MasterConfigSynchronization  0x080022dc   Section        0  stm32f4xx_hal_tim_ex.o(i.HAL_TIMEx_MasterConfigSynchronization)
    i.HAL_TIM_MspPostInit                    0x0800236c   Section        0  tim.o(i.HAL_TIM_MspPostInit)
    i.HAL_TIM_PWM_ConfigChannel              0x080023bc   Section        0  stm32f4xx_hal_tim.o(i.HAL_TIM_PWM_ConfigChannel)
    i.HAL_TIM_PWM_Init                       0x0800248c   Section        0  stm32f4xx_hal_tim.o(i.HAL_TIM_PWM_Init)
    i.HAL_TIM_PWM_MspInit                    0x080024c4   Section        0  tim.o(i.HAL_TIM_PWM_MspInit)
    i.HardFault_Handler                      0x080024ec   Section        0  stm32f4xx_it.o(i.HardFault_Handler)
    i.IntToUnicode                           0x080024f0   Section        0  usbd_desc.o(i.IntToUnicode)
    IntToUnicode                             0x080024f1   Thumb Code    56  usbd_desc.o(i.IntToUnicode)
    i.MX_DMA_Init                            0x08002528   Section        0  dma.o(i.MX_DMA_Init)
    i.MX_GPIO_Init                           0x08002564   Section        0  gpio.o(i.MX_GPIO_Init)
    i.MX_SPI2_Init                           0x08002610   Section        0  spi.o(i.MX_SPI2_Init)
    i.MX_TIM3_Init                           0x08002658   Section        0  tim.o(i.MX_TIM3_Init)
    i.MX_USB_DEVICE_Init                     0x080026c8   Section        0  usb_device.o(i.MX_USB_DEVICE_Init)
    i.MemManage_Handler                      0x0800271c   Section        0  stm32f4xx_it.o(i.MemManage_Handler)
    i.NMI_Handler                            0x0800271e   Section        0  stm32f4xx_it.o(i.NMI_Handler)
    i.OTG_FS_IRQHandler                      0x08002720   Section        0  stm32f4xx_it.o(i.OTG_FS_IRQHandler)
    i.PCD_EP_OutXfrComplete_int              0x0800272c   Section        0  stm32f4xx_hal_pcd.o(i.PCD_EP_OutXfrComplete_int)
    PCD_EP_OutXfrComplete_int                0x0800272d   Thumb Code   196  stm32f4xx_hal_pcd.o(i.PCD_EP_OutXfrComplete_int)
    i.PCD_WriteEmptyTxFifo                   0x080027f8   Section        0  stm32f4xx_hal_pcd.o(i.PCD_WriteEmptyTxFifo)
    PCD_WriteEmptyTxFifo                     0x080027f9   Thumb Code   162  stm32f4xx_hal_pcd.o(i.PCD_WriteEmptyTxFifo)
    i.PendSV_Handler                         0x0800289a   Section        0  stm32f4xx_it.o(i.PendSV_Handler)
    i.SPI_EndRxTxTransaction                 0x0800289c   Section        0  stm32f4xx_hal_spi.o(i.SPI_EndRxTxTransaction)
    SPI_EndRxTxTransaction                   0x0800289d   Thumb Code    80  stm32f4xx_hal_spi.o(i.SPI_EndRxTxTransaction)
    i.SPI_WaitFlagStateUntilTimeout          0x080028f4   Section        0  stm32f4xx_hal_spi.o(i.SPI_WaitFlagStateUntilTimeout)
    SPI_WaitFlagStateUntilTimeout            0x080028f5   Thumb Code   148  stm32f4xx_hal_spi.o(i.SPI_WaitFlagStateUntilTimeout)
    i.SVC_Handler                            0x08002988   Section        0  stm32f4xx_it.o(i.SVC_Handler)
    i.SWAPBYTE                               0x0800298a   Section        0  usbd_ctlreq.o(i.SWAPBYTE)
    SWAPBYTE                                 0x0800298b   Thumb Code    10  usbd_ctlreq.o(i.SWAPBYTE)
    i.SysTick_Handler                        0x08002994   Section        0  stm32f4xx_it.o(i.SysTick_Handler)
    i.SystemClock_Config                     0x08002998   Section        0  main.o(i.SystemClock_Config)
    i.SystemInit                             0x08002a34   Section        0  system_stm32f4xx.o(i.SystemInit)
    i.TIM_Base_SetConfig                     0x08002a50   Section        0  stm32f4xx_hal_tim.o(i.TIM_Base_SetConfig)
    i.TIM_OC1_SetConfig                      0x08002b18   Section        0  stm32f4xx_hal_tim.o(i.TIM_OC1_SetConfig)
    TIM_OC1_SetConfig                        0x08002b19   Thumb Code    88  stm32f4xx_hal_tim.o(i.TIM_OC1_SetConfig)
    i.TIM_OC2_SetConfig                      0x08002b78   Section        0  stm32f4xx_hal_tim.o(i.TIM_OC2_SetConfig)
    i.TIM_OC3_SetConfig                      0x08002be4   Section        0  stm32f4xx_hal_tim.o(i.TIM_OC3_SetConfig)
    TIM_OC3_SetConfig                        0x08002be5   Thumb Code    96  stm32f4xx_hal_tim.o(i.TIM_OC3_SetConfig)
    i.TIM_OC4_SetConfig                      0x08002c4c   Section        0  stm32f4xx_hal_tim.o(i.TIM_OC4_SetConfig)
    TIM_OC4_SetConfig                        0x08002c4d   Thumb Code    70  stm32f4xx_hal_tim.o(i.TIM_OC4_SetConfig)
    i.USBD_CDC_DataIn                        0x08002c9c   Section        0  usbd_cdc.o(i.USBD_CDC_DataIn)
    USBD_CDC_DataIn                          0x08002c9d   Thumb Code    98  usbd_cdc.o(i.USBD_CDC_DataIn)
    i.USBD_CDC_DataOut                       0x08002cfe   Section        0  usbd_cdc.o(i.USBD_CDC_DataOut)
    USBD_CDC_DataOut                         0x08002cff   Thumb Code    42  usbd_cdc.o(i.USBD_CDC_DataOut)
    i.USBD_CDC_DeInit                        0x08002d28   Section        0  usbd_cdc.o(i.USBD_CDC_DeInit)
    USBD_CDC_DeInit                          0x08002d29   Thumb Code    74  usbd_cdc.o(i.USBD_CDC_DeInit)
    i.USBD_CDC_EP0_RxReady                   0x08002d72   Section        0  usbd_cdc.o(i.USBD_CDC_EP0_RxReady)
    USBD_CDC_EP0_RxReady                     0x08002d73   Thumb Code    36  usbd_cdc.o(i.USBD_CDC_EP0_RxReady)
    i.USBD_CDC_GetDeviceQualifierDescriptor  0x08002d98   Section        0  usbd_cdc.o(i.USBD_CDC_GetDeviceQualifierDescriptor)
    i.USBD_CDC_GetFSCfgDesc                  0x08002da4   Section        0  usbd_cdc.o(i.USBD_CDC_GetFSCfgDesc)
    USBD_CDC_GetFSCfgDesc                    0x08002da5   Thumb Code     8  usbd_cdc.o(i.USBD_CDC_GetFSCfgDesc)
    i.USBD_CDC_GetHSCfgDesc                  0x08002db0   Section        0  usbd_cdc.o(i.USBD_CDC_GetHSCfgDesc)
    USBD_CDC_GetHSCfgDesc                    0x08002db1   Thumb Code     8  usbd_cdc.o(i.USBD_CDC_GetHSCfgDesc)
    i.USBD_CDC_GetOtherSpeedCfgDesc          0x08002dbc   Section        0  usbd_cdc.o(i.USBD_CDC_GetOtherSpeedCfgDesc)
    USBD_CDC_GetOtherSpeedCfgDesc            0x08002dbd   Thumb Code     8  usbd_cdc.o(i.USBD_CDC_GetOtherSpeedCfgDesc)
    i.USBD_CDC_Init                          0x08002dc8   Section        0  usbd_cdc.o(i.USBD_CDC_Init)
    USBD_CDC_Init                            0x08002dc9   Thumb Code   162  usbd_cdc.o(i.USBD_CDC_Init)
    i.USBD_CDC_ReceivePacket                 0x08002e6a   Section        0  usbd_cdc.o(i.USBD_CDC_ReceivePacket)
    i.USBD_CDC_RegisterInterface             0x08002e92   Section        0  usbd_cdc.o(i.USBD_CDC_RegisterInterface)
    i.USBD_CDC_SetRxBuffer                   0x08002ea0   Section        0  usbd_cdc.o(i.USBD_CDC_SetRxBuffer)
    i.USBD_CDC_SetTxBuffer                   0x08002eac   Section        0  usbd_cdc.o(i.USBD_CDC_SetTxBuffer)
    i.USBD_CDC_Setup                         0x08002ebc   Section        0  usbd_cdc.o(i.USBD_CDC_Setup)
    USBD_CDC_Setup                           0x08002ebd   Thumb Code   176  usbd_cdc.o(i.USBD_CDC_Setup)
    i.USBD_ClrClassConfig                    0x08002f6c   Section        0  usbd_core.o(i.USBD_ClrClassConfig)
    i.USBD_CtlContinueRx                     0x08002f7c   Section        0  usbd_ioreq.o(i.USBD_CtlContinueRx)
    i.USBD_CtlContinueSendData               0x08002f8c   Section        0  usbd_ioreq.o(i.USBD_CtlContinueSendData)
    i.USBD_CtlError                          0x08002f9c   Section        0  usbd_ctlreq.o(i.USBD_CtlError)
    i.USBD_CtlPrepareRx                      0x08002fb2   Section        0  usbd_ioreq.o(i.USBD_CtlPrepareRx)
    i.USBD_CtlReceiveStatus                  0x08002fd0   Section        0  usbd_ioreq.o(i.USBD_CtlReceiveStatus)
    i.USBD_CtlSendData                       0x08002fe6   Section        0  usbd_ioreq.o(i.USBD_CtlSendData)
    i.USBD_CtlSendStatus                     0x08003000   Section        0  usbd_ioreq.o(i.USBD_CtlSendStatus)
    i.USBD_FS_ConfigStrDescriptor            0x08003018   Section        0  usbd_desc.o(i.USBD_FS_ConfigStrDescriptor)
    i.USBD_FS_DeviceDescriptor               0x08003038   Section        0  usbd_desc.o(i.USBD_FS_DeviceDescriptor)
    i.USBD_FS_InterfaceStrDescriptor         0x08003044   Section        0  usbd_desc.o(i.USBD_FS_InterfaceStrDescriptor)
    i.USBD_FS_LangIDStrDescriptor            0x08003068   Section        0  usbd_desc.o(i.USBD_FS_LangIDStrDescriptor)
    i.USBD_FS_ManufacturerStrDescriptor      0x08003074   Section        0  usbd_desc.o(i.USBD_FS_ManufacturerStrDescriptor)
    i.USBD_FS_ProductStrDescriptor           0x0800309c   Section        0  usbd_desc.o(i.USBD_FS_ProductStrDescriptor)
    i.USBD_FS_SerialStrDescriptor            0x080030c8   Section        0  usbd_desc.o(i.USBD_FS_SerialStrDescriptor)
    i.USBD_FS_USR_BOSDescriptor              0x08003100   Section        0  usbd_desc.o(i.USBD_FS_USR_BOSDescriptor)
    i.USBD_GetDescriptor                     0x0800310c   Section        0  usbd_ctlreq.o(i.USBD_GetDescriptor)
    USBD_GetDescriptor                       0x0800310d   Thumb Code   250  usbd_ctlreq.o(i.USBD_GetDescriptor)
    i.USBD_GetString                         0x08003206   Section        0  usbd_ctlreq.o(i.USBD_GetString)
    i.USBD_Get_USB_Status                    0x0800324e   Section        0  usbd_conf.o(i.USBD_Get_USB_Status)
    i.USBD_Init                              0x08003266   Section        0  usbd_core.o(i.USBD_Init)
    i.USBD_LL_ClearStallEP                   0x0800329a   Section        0  usbd_conf.o(i.USBD_LL_ClearStallEP)
    i.USBD_LL_CloseEP                        0x080032ac   Section        0  usbd_conf.o(i.USBD_LL_CloseEP)
    i.USBD_LL_DataInStage                    0x080032be   Section        0  usbd_core.o(i.USBD_LL_DataInStage)
    i.USBD_LL_DataOutStage                   0x08003368   Section        0  usbd_core.o(i.USBD_LL_DataOutStage)
    i.USBD_LL_DevConnected                   0x080033d6   Section        0  usbd_core.o(i.USBD_LL_DevConnected)
    i.USBD_LL_DevDisconnected                0x080033da   Section        0  usbd_core.o(i.USBD_LL_DevDisconnected)
    i.USBD_LL_GetRxDataSize                  0x080033f2   Section        0  usbd_conf.o(i.USBD_LL_GetRxDataSize)
    i.USBD_LL_Init                           0x080033fc   Section        0  usbd_conf.o(i.USBD_LL_Init)
    i.USBD_LL_IsStallEP                      0x0800345c   Section        0  usbd_conf.o(i.USBD_LL_IsStallEP)
    i.USBD_LL_IsoINIncomplete                0x0800347c   Section        0  usbd_core.o(i.USBD_LL_IsoINIncomplete)
    i.USBD_LL_IsoOUTIncomplete               0x08003480   Section        0  usbd_core.o(i.USBD_LL_IsoOUTIncomplete)
    i.USBD_LL_OpenEP                         0x08003484   Section        0  usbd_conf.o(i.USBD_LL_OpenEP)
    i.USBD_LL_PrepareReceive                 0x0800349c   Section        0  usbd_conf.o(i.USBD_LL_PrepareReceive)
    i.USBD_LL_Reset                          0x080034ae   Section        0  usbd_core.o(i.USBD_LL_Reset)
    i.USBD_LL_Resume                         0x08003500   Section        0  usbd_core.o(i.USBD_LL_Resume)
    i.USBD_LL_SOF                            0x08003514   Section        0  usbd_core.o(i.USBD_LL_SOF)
    i.USBD_LL_SetSpeed                       0x0800352c   Section        0  usbd_core.o(i.USBD_LL_SetSpeed)
    i.USBD_LL_SetUSBAddress                  0x08003532   Section        0  usbd_conf.o(i.USBD_LL_SetUSBAddress)
    i.USBD_LL_SetupStage                     0x08003544   Section        0  usbd_core.o(i.USBD_LL_SetupStage)
    i.USBD_LL_StallEP                        0x080035a4   Section        0  usbd_conf.o(i.USBD_LL_StallEP)
    i.USBD_LL_Start                          0x080035b6   Section        0  usbd_conf.o(i.USBD_LL_Start)
    i.USBD_LL_Suspend                        0x080035c8   Section        0  usbd_core.o(i.USBD_LL_Suspend)
    i.USBD_LL_Transmit                       0x080035da   Section        0  usbd_conf.o(i.USBD_LL_Transmit)
    i.USBD_ParseSetupRequest                 0x080035ec   Section        0  usbd_ctlreq.o(i.USBD_ParseSetupRequest)
    i.USBD_RegisterClass                     0x08003618   Section        0  usbd_core.o(i.USBD_RegisterClass)
    i.USBD_SetClassConfig                    0x0800363a   Section        0  usbd_core.o(i.USBD_SetClassConfig)
    i.USBD_SetConfig                         0x08003650   Section        0  usbd_ctlreq.o(i.USBD_SetConfig)
    USBD_SetConfig                           0x08003651   Thumb Code   182  usbd_ctlreq.o(i.USBD_SetConfig)
    i.USBD_Start                             0x0800370c   Section        0  usbd_core.o(i.USBD_Start)
    i.USBD_StdDevReq                         0x08003710   Section        0  usbd_ctlreq.o(i.USBD_StdDevReq)
    i.USBD_StdEPReq                          0x08003824   Section        0  usbd_ctlreq.o(i.USBD_StdEPReq)
    i.USBD_StdItfReq                         0x08003970   Section        0  usbd_ctlreq.o(i.USBD_StdItfReq)
    i.USB_ActivateEndpoint                   0x080039c4   Section        0  stm32f4xx_ll_usb.o(i.USB_ActivateEndpoint)
    i.USB_ActivateSetup                      0x08003a44   Section        0  stm32f4xx_ll_usb.o(i.USB_ActivateSetup)
    i.USB_CoreInit                           0x08003a60   Section        0  stm32f4xx_ll_usb.o(i.USB_CoreInit)
    i.USB_CoreReset                          0x08003ad4   Section        0  stm32f4xx_ll_usb.o(i.USB_CoreReset)
    USB_CoreReset                            0x08003ad5   Thumb Code    50  stm32f4xx_ll_usb.o(i.USB_CoreReset)
    i.USB_DeactivateEndpoint                 0x08003b0c   Section        0  stm32f4xx_ll_usb.o(i.USB_DeactivateEndpoint)
    i.USB_DevConnect                         0x08003bd8   Section        0  stm32f4xx_ll_usb.o(i.USB_DevConnect)
    i.USB_DevDisconnect                      0x08003bf4   Section        0  stm32f4xx_ll_usb.o(i.USB_DevDisconnect)
    i.USB_DevInit                            0x08003c10   Section        0  stm32f4xx_ll_usb.o(i.USB_DevInit)
    i.USB_DisableGlobalInt                   0x08003d80   Section        0  stm32f4xx_ll_usb.o(i.USB_DisableGlobalInt)
    i.USB_EP0StartXfer                       0x08003d8c   Section        0  stm32f4xx_ll_usb.o(i.USB_EP0StartXfer)
    i.USB_EP0_OutStart                       0x08003ea4   Section        0  stm32f4xx_ll_usb.o(i.USB_EP0_OutStart)
    i.USB_EPClearStall                       0x08003efc   Section        0  stm32f4xx_ll_usb.o(i.USB_EPClearStall)
    i.USB_EPSetStall                         0x08003f54   Section        0  stm32f4xx_ll_usb.o(i.USB_EPSetStall)
    i.USB_EPStartXfer                        0x08003fac   Section        0  stm32f4xx_ll_usb.o(i.USB_EPStartXfer)
    i.USB_EnableGlobalInt                    0x08004194   Section        0  stm32f4xx_ll_usb.o(i.USB_EnableGlobalInt)
    i.USB_FlushRxFifo                        0x080041a0   Section        0  stm32f4xx_ll_usb.o(i.USB_FlushRxFifo)
    i.USB_FlushTxFifo                        0x080041c0   Section        0  stm32f4xx_ll_usb.o(i.USB_FlushTxFifo)
    i.USB_GetDevSpeed                        0x080041e4   Section        0  stm32f4xx_ll_usb.o(i.USB_GetDevSpeed)
    i.USB_GetMode                            0x080041fe   Section        0  stm32f4xx_ll_usb.o(i.USB_GetMode)
    i.USB_ReadDevAllInEpInterrupt            0x08004206   Section        0  stm32f4xx_ll_usb.o(i.USB_ReadDevAllInEpInterrupt)
    i.USB_ReadDevAllOutEpInterrupt           0x08004214   Section        0  stm32f4xx_ll_usb.o(i.USB_ReadDevAllOutEpInterrupt)
    i.USB_ReadDevInEPInterrupt               0x08004222   Section        0  stm32f4xx_ll_usb.o(i.USB_ReadDevInEPInterrupt)
    i.USB_ReadDevOutEPInterrupt              0x08004246   Section        0  stm32f4xx_ll_usb.o(i.USB_ReadDevOutEPInterrupt)
    i.USB_ReadInterrupts                     0x08004256   Section        0  stm32f4xx_ll_usb.o(i.USB_ReadInterrupts)
    i.USB_ReadPacket                         0x0800425e   Section        0  stm32f4xx_ll_usb.o(i.USB_ReadPacket)
    i.USB_SetCurrentMode                     0x0800427a   Section        0  stm32f4xx_ll_usb.o(i.USB_SetCurrentMode)
    i.USB_SetDevAddress                      0x080042a8   Section        0  stm32f4xx_ll_usb.o(i.USB_SetDevAddress)
    i.USB_SetTurnaroundTime                  0x080042cc   Section        0  stm32f4xx_ll_usb.o(i.USB_SetTurnaroundTime)
    i.USB_WritePacket                        0x080043b4   Section        0  stm32f4xx_ll_usb.o(i.USB_WritePacket)
    i.UsageFault_Handler                     0x080043d8   Section        0  stm32f4xx_it.o(i.UsageFault_Handler)
    i.__NVIC_SetPriority                     0x080043da   Section        0  stm32f4xx_hal_cortex.o(i.__NVIC_SetPriority)
    __NVIC_SetPriority                       0x080043db   Thumb Code    32  stm32f4xx_hal_cortex.o(i.__NVIC_SetPriority)
    i.__scatterload_copy                     0x080043fa   Section       14  handlers.o(i.__scatterload_copy)
    i.__scatterload_null                     0x08004408   Section        2  handlers.o(i.__scatterload_null)
    i.__scatterload_zeroinit                 0x0800440a   Section       14  handlers.o(i.__scatterload_zeroinit)
    i.bmi088_accel_init                      0x08004418   Section        0  bmi088driver.o(i.bmi088_accel_init)
    i.bmi088_gyro_init                       0x08004528   Section        0  bmi088driver.o(i.bmi088_gyro_init)
    i.free                                   0x08004604   Section        0  malloc.o(i.free)
    i.main                                   0x08004654   Section        0  main.o(i.main)
    i.malloc                                 0x08004694   Section        0  malloc.o(i.malloc)
    .constdata                               0x08004700   Section        8  stm32f4xx_hal_dma.o(.constdata)
    flagBitshiftOffset                       0x08004700   Data           8  stm32f4xx_hal_dma.o(.constdata)
    .constdata                               0x08004708   Section       16  system_stm32f4xx.o(.constdata)
    .data                                    0x20000000   Section       44  bmi088driver.o(.data)
    write_BMI088_accel_reg_data_error        0x20000008   Data          18  bmi088driver.o(.data)
    write_BMI088_gyro_reg_data_error         0x2000001a   Data          18  bmi088driver.o(.data)
    .data                                    0x2000002c   Section        4  main.o(.data)
    .data                                    0x20000030   Section       32  usbd_desc.o(.data)
    .data                                    0x20000050   Section       62  usbd_desc.o(.data)
    .data                                    0x20000090   Section       20  usbd_cdc_if.o(.data)
    .data                                    0x200000a4   Section       12  stm32f4xx_hal.o(.data)
    .data                                    0x200000b0   Section        4  system_stm32f4xx.o(.data)
    .data                                    0x200000b4   Section        1  usbd_ctlreq.o(.data)
    cfgidx                                   0x200000b4   Data           1  usbd_ctlreq.o(.data)
    .data                                    0x200000b8   Section      215  usbd_cdc.o(.data)
    USBD_CDC_DeviceQualifierDesc             0x200000b8   Data          10  usbd_cdc.o(.data)
    USBD_CDC_CfgHSDesc                       0x200000c4   Data          67  usbd_cdc.o(.data)
    USBD_CDC_CfgFSDesc                       0x20000108   Data          67  usbd_cdc.o(.data)
    USBD_CDC_OtherSpeedCfgDesc               0x2000014c   Data          67  usbd_cdc.o(.data)
    .data                                    0x20000190   Section       56  usbd_cdc.o(.data)
    .data                                    0x200001c8   Section        4  mvars.o(.data)
    .data                                    0x200001cc   Section        4  mvars.o(.data)
    .bss                                     0x200001d0   Section       24  main.o(.bss)
    .bss                                     0x200001e8   Section      280  spi.o(.bss)
    .bss                                     0x20000300   Section       64  tim.o(.bss)
    .bss                                     0x20000340   Section      720  usb_device.o(.bss)
    .bss                                     0x20000610   Section      512  usbd_desc.o(.bss)
    .bss                                     0x20000810   Section     4096  usbd_cdc_if.o(.bss)
    .bss                                     0x20001810   Section     1032  usbd_conf.o(.bss)
    HEAP                                     0x20001c18   Section     1024  startup_stm32f446xx.o(HEAP)
    STACK                                    0x20002018   Section     2048  startup_stm32f446xx.o(STACK)

    Global Symbols

    Symbol Name                              Value     Ov Type        Size  Object(Section)

    BuildAttributes$$THM_ISAv4$E$P$D$K$B$S$7EM$VFPi3$EXTD16$VFPS$VFMA$PE$A:L22UL41UL21$X:L11$S22US41US21$IEEE1$IW$USESV6$~STKCKD$USESV7$~SHL$OSPACE$EBA8$MICROLIB$REQ8$PRES8$EABIv2 0x00000000   Number         0  anon$$obj.o ABSOLUTE
    __ARM_use_no_argv                        0x00000000   Number         0  main.o ABSOLUTE
    __arm_fini_                               - Undefined Weak Reference
    __cpp_initialize__aeabi_                  - Undefined Weak Reference
    __cxa_finalize                            - Undefined Weak Reference
    _clock_init                               - Undefined Weak Reference
    _microlib_exit                            - Undefined Weak Reference
    __Vectors_Size                           0x000001c4   Number         0  startup_stm32f446xx.o ABSOLUTE
    __Vectors                                0x08000000   Data           4  startup_stm32f446xx.o(RESET)
    __Vectors_End                            0x080001c4   Data           0  startup_stm32f446xx.o(RESET)
    __main                                   0x080001c5   Thumb Code     0  entry.o(.ARM.Collect$$$$00000000)
    _main_stk                                0x080001c5   Thumb Code     0  entry2.o(.ARM.Collect$$$$00000001)
    _main_scatterload                        0x080001c9   Thumb Code     0  entry5.o(.ARM.Collect$$$$00000004)
    __main_after_scatterload                 0x080001cd   Thumb Code     0  entry5.o(.ARM.Collect$$$$00000004)
    _main_clock                              0x080001cd   Thumb Code     0  entry7b.o(.ARM.Collect$$$$00000008)
    _main_cpp_init                           0x080001cd   Thumb Code     0  entry8b.o(.ARM.Collect$$$$0000000A)
    _main_init                               0x080001cd   Thumb Code     0  entry9a.o(.ARM.Collect$$$$0000000B)
    __rt_lib_shutdown_fini                   0x080001d5   Thumb Code     0  entry12b.o(.ARM.Collect$$$$0000000E)
    __rt_final_cpp                           0x080001d9   Thumb Code     0  entry10a.o(.ARM.Collect$$$$0000000F)
    __rt_final_exit                          0x080001d9   Thumb Code     0  entry11a.o(.ARM.Collect$$$$00000011)
    Reset_Handler                            0x080001dd   Thumb Code     8  startup_stm32f446xx.o(.text)
    ADC_IRQHandler                           0x080001f7   Thumb Code     0  startup_stm32f446xx.o(.text)
    CAN1_RX0_IRQHandler                      0x080001f7   Thumb Code     0  startup_stm32f446xx.o(.text)
    CAN1_RX1_IRQHandler                      0x080001f7   Thumb Code     0  startup_stm32f446xx.o(.text)
    CAN1_SCE_IRQHandler                      0x080001f7   Thumb Code     0  startup_stm32f446xx.o(.text)
    CAN1_TX_IRQHandler                       0x080001f7   Thumb Code     0  startup_stm32f446xx.o(.text)
    CAN2_RX0_IRQHandler                      0x080001f7   Thumb Code     0  startup_stm32f446xx.o(.text)
    CAN2_RX1_IRQHandler                      0x080001f7   Thumb Code     0  startup_stm32f446xx.o(.text)
    CAN2_SCE_IRQHandler                      0x080001f7   Thumb Code     0  startup_stm32f446xx.o(.text)
    CAN2_TX_IRQHandler                       0x080001f7   Thumb Code     0  startup_stm32f446xx.o(.text)
    CEC_IRQHandler                           0x080001f7   Thumb Code     0  startup_stm32f446xx.o(.text)
    DCMI_IRQHandler                          0x080001f7   Thumb Code     0  startup_stm32f446xx.o(.text)
    DMA1_Stream0_IRQHandler                  0x080001f7   Thumb Code     0  startup_stm32f446xx.o(.text)
    DMA1_Stream1_IRQHandler                  0x080001f7   Thumb Code     0  startup_stm32f446xx.o(.text)
    DMA1_Stream2_IRQHandler                  0x080001f7   Thumb Code     0  startup_stm32f446xx.o(.text)
    DMA1_Stream5_IRQHandler                  0x080001f7   Thumb Code     0  startup_stm32f446xx.o(.text)
    DMA1_Stream6_IRQHandler                  0x080001f7   Thumb Code     0  startup_stm32f446xx.o(.text)
    DMA1_Stream7_IRQHandler                  0x080001f7   Thumb Code     0  startup_stm32f446xx.o(.text)
    DMA2_Stream0_IRQHandler                  0x080001f7   Thumb Code     0  startup_stm32f446xx.o(.text)
    DMA2_Stream1_IRQHandler                  0x080001f7   Thumb Code     0  startup_stm32f446xx.o(.text)
    DMA2_Stream2_IRQHandler                  0x080001f7   Thumb Code     0  startup_stm32f446xx.o(.text)
    DMA2_Stream3_IRQHandler                  0x080001f7   Thumb Code     0  startup_stm32f446xx.o(.text)
    DMA2_Stream4_IRQHandler                  0x080001f7   Thumb Code     0  startup_stm32f446xx.o(.text)
    DMA2_Stream5_IRQHandler                  0x080001f7   Thumb Code     0  startup_stm32f446xx.o(.text)
    DMA2_Stream6_IRQHandler                  0x080001f7   Thumb Code     0  startup_stm32f446xx.o(.text)
    DMA2_Stream7_IRQHandler                  0x080001f7   Thumb Code     0  startup_stm32f446xx.o(.text)
    EXTI0_IRQHandler                         0x080001f7   Thumb Code     0  startup_stm32f446xx.o(.text)
    EXTI15_10_IRQHandler                     0x080001f7   Thumb Code     0  startup_stm32f446xx.o(.text)
    EXTI1_IRQHandler                         0x080001f7   Thumb Code     0  startup_stm32f446xx.o(.text)
    EXTI2_IRQHandler                         0x080001f7   Thumb Code     0  startup_stm32f446xx.o(.text)
    EXTI3_IRQHandler                         0x080001f7   Thumb Code     0  startup_stm32f446xx.o(.text)
    EXTI4_IRQHandler                         0x080001f7   Thumb Code     0  startup_stm32f446xx.o(.text)
    EXTI9_5_IRQHandler                       0x080001f7   Thumb Code     0  startup_stm32f446xx.o(.text)
    FLASH_IRQHandler                         0x080001f7   Thumb Code     0  startup_stm32f446xx.o(.text)
    FMC_IRQHandler                           0x080001f7   Thumb Code     0  startup_stm32f446xx.o(.text)
    FMPI2C1_ER_IRQHandler                    0x080001f7   Thumb Code     0  startup_stm32f446xx.o(.text)
    FMPI2C1_EV_IRQHandler                    0x080001f7   Thumb Code     0  startup_stm32f446xx.o(.text)
    FPU_IRQHandler                           0x080001f7   Thumb Code     0  startup_stm32f446xx.o(.text)
    I2C1_ER_IRQHandler                       0x080001f7   Thumb Code     0  startup_stm32f446xx.o(.text)
    I2C1_EV_IRQHandler                       0x080001f7   Thumb Code     0  startup_stm32f446xx.o(.text)
    I2C2_ER_IRQHandler                       0x080001f7   Thumb Code     0  startup_stm32f446xx.o(.text)
    I2C2_EV_IRQHandler                       0x080001f7   Thumb Code     0  startup_stm32f446xx.o(.text)
    I2C3_ER_IRQHandler                       0x080001f7   Thumb Code     0  startup_stm32f446xx.o(.text)
    I2C3_EV_IRQHandler                       0x080001f7   Thumb Code     0  startup_stm32f446xx.o(.text)
    OTG_FS_WKUP_IRQHandler                   0x080001f7   Thumb Code     0  startup_stm32f446xx.o(.text)
    OTG_HS_EP1_IN_IRQHandler                 0x080001f7   Thumb Code     0  startup_stm32f446xx.o(.text)
    OTG_HS_EP1_OUT_IRQHandler                0x080001f7   Thumb Code     0  startup_stm32f446xx.o(.text)
    OTG_HS_IRQHandler                        0x080001f7   Thumb Code     0  startup_stm32f446xx.o(.text)
    OTG_HS_WKUP_IRQHandler                   0x080001f7   Thumb Code     0  startup_stm32f446xx.o(.text)
    PVD_IRQHandler                           0x080001f7   Thumb Code     0  startup_stm32f446xx.o(.text)
    QUADSPI_IRQHandler                       0x080001f7   Thumb Code     0  startup_stm32f446xx.o(.text)
    RCC_IRQHandler                           0x080001f7   Thumb Code     0  startup_stm32f446xx.o(.text)
    RTC_Alarm_IRQHandler                     0x080001f7   Thumb Code     0  startup_stm32f446xx.o(.text)
    RTC_WKUP_IRQHandler                      0x080001f7   Thumb Code     0  startup_stm32f446xx.o(.text)
    SAI1_IRQHandler                          0x080001f7   Thumb Code     0  startup_stm32f446xx.o(.text)
    SAI2_IRQHandler                          0x080001f7   Thumb Code     0  startup_stm32f446xx.o(.text)
    SDIO_IRQHandler                          0x080001f7   Thumb Code     0  startup_stm32f446xx.o(.text)
    SPDIF_RX_IRQHandler                      0x080001f7   Thumb Code     0  startup_stm32f446xx.o(.text)
    SPI1_IRQHandler                          0x080001f7   Thumb Code     0  startup_stm32f446xx.o(.text)
    SPI2_IRQHandler                          0x080001f7   Thumb Code     0  startup_stm32f446xx.o(.text)
    SPI3_IRQHandler                          0x080001f7   Thumb Code     0  startup_stm32f446xx.o(.text)
    SPI4_IRQHandler                          0x080001f7   Thumb Code     0  startup_stm32f446xx.o(.text)
    TAMP_STAMP_IRQHandler                    0x080001f7   Thumb Code     0  startup_stm32f446xx.o(.text)
    TIM1_BRK_TIM9_IRQHandler                 0x080001f7   Thumb Code     0  startup_stm32f446xx.o(.text)
    TIM1_CC_IRQHandler                       0x080001f7   Thumb Code     0  startup_stm32f446xx.o(.text)
    TIM1_TRG_COM_TIM11_IRQHandler            0x080001f7   Thumb Code     0  startup_stm32f446xx.o(.text)
    TIM1_UP_TIM10_IRQHandler                 0x080001f7   Thumb Code     0  startup_stm32f446xx.o(.text)
    TIM2_IRQHandler                          0x080001f7   Thumb Code     0  startup_stm32f446xx.o(.text)
    TIM3_IRQHandler                          0x080001f7   Thumb Code     0  startup_stm32f446xx.o(.text)
    TIM4_IRQHandler                          0x080001f7   Thumb Code     0  startup_stm32f446xx.o(.text)
    TIM5_IRQHandler                          0x080001f7   Thumb Code     0  startup_stm32f446xx.o(.text)
    TIM6_DAC_IRQHandler                      0x080001f7   Thumb Code     0  startup_stm32f446xx.o(.text)
    TIM7_IRQHandler                          0x080001f7   Thumb Code     0  startup_stm32f446xx.o(.text)
    TIM8_BRK_TIM12_IRQHandler                0x080001f7   Thumb Code     0  startup_stm32f446xx.o(.text)
    TIM8_CC_IRQHandler                       0x080001f7   Thumb Code     0  startup_stm32f446xx.o(.text)
    TIM8_TRG_COM_TIM14_IRQHandler            0x080001f7   Thumb Code     0  startup_stm32f446xx.o(.text)
    TIM8_UP_TIM13_IRQHandler                 0x080001f7   Thumb Code     0  startup_stm32f446xx.o(.text)
    UART4_IRQHandler                         0x080001f7   Thumb Code     0  startup_stm32f446xx.o(.text)
    UART5_IRQHandler                         0x080001f7   Thumb Code     0  startup_stm32f446xx.o(.text)
    USART1_IRQHandler                        0x080001f7   Thumb Code     0  startup_stm32f446xx.o(.text)
    USART2_IRQHandler                        0x080001f7   Thumb Code     0  startup_stm32f446xx.o(.text)
    USART3_IRQHandler                        0x080001f7   Thumb Code     0  startup_stm32f446xx.o(.text)
    USART6_IRQHandler                        0x080001f7   Thumb Code     0  startup_stm32f446xx.o(.text)
    WWDG_IRQHandler                          0x080001f7   Thumb Code     0  startup_stm32f446xx.o(.text)
    __aeabi_uldivmod                         0x08000201   Thumb Code    98  uldiv.o(.text)
    __aeabi_memcpy                           0x08000263   Thumb Code    36  memcpya.o(.text)
    __aeabi_memcpy4                          0x08000263   Thumb Code     0  memcpya.o(.text)
    __aeabi_memcpy8                          0x08000263   Thumb Code     0  memcpya.o(.text)
    __aeabi_memset                           0x08000287   Thumb Code    14  memseta.o(.text)
    __aeabi_memset4                          0x08000287   Thumb Code     0  memseta.o(.text)
    __aeabi_memset8                          0x08000287   Thumb Code     0  memseta.o(.text)
    __aeabi_memclr                           0x08000295   Thumb Code     4  memseta.o(.text)
    __aeabi_memclr4                          0x08000295   Thumb Code     0  memseta.o(.text)
    __aeabi_memclr8                          0x08000295   Thumb Code     0  memseta.o(.text)
    _memset$wrapper                          0x08000299   Thumb Code    18  memseta.o(.text)
    __aeabi_llsl                             0x080002ab   Thumb Code    30  llshl.o(.text)
    _ll_shift_l                              0x080002ab   Thumb Code     0  llshl.o(.text)
    __aeabi_llsr                             0x080002c9   Thumb Code    32  llushr.o(.text)
    _ll_ushift_r                             0x080002c9   Thumb Code     0  llushr.o(.text)
    __scatterload                            0x080002e9   Thumb Code    28  init.o(.text)
    __scatterload_rt2                        0x080002e9   Thumb Code     0  init.o(.text)
    __decompress                             0x0800030d   Thumb Code     0  __dczerorl2.o(.text)
    __decompress1                            0x0800030d   Thumb Code    86  __dczerorl2.o(.text)
    BMI088_ACCEL_NS_H                        0x08000365   Thumb Code    10  bmi088middleware.o(i.BMI088_ACCEL_NS_H)
    BMI088_ACCEL_NS_L                        0x08000375   Thumb Code    10  bmi088middleware.o(i.BMI088_ACCEL_NS_L)
    BMI088_GPIO_init                         0x08000385   Thumb Code     2  bmi088middleware.o(i.BMI088_GPIO_init)
    BMI088_GYRO_NS_H                         0x08000389   Thumb Code    10  bmi088middleware.o(i.BMI088_GYRO_NS_H)
    BMI088_GYRO_NS_L                         0x08000399   Thumb Code    10  bmi088middleware.o(i.BMI088_GYRO_NS_L)
    BMI088_com_init                          0x080003a9   Thumb Code     2  bmi088middleware.o(i.BMI088_com_init)
    BMI088_delay_ms                          0x080003ab   Thumb Code    24  bmi088middleware.o(i.BMI088_delay_ms)
    BMI088_delay_us                          0x080003c3   Thumb Code    46  bmi088middleware.o(i.BMI088_delay_us)
    BMI088_init                              0x080003f1   Thumb Code    24  bmi088driver.o(i.BMI088_init)
    BMI088_read                              0x08000409   Thumb Code   340  bmi088driver.o(i.BMI088_read)
    BMI088_read_write_byte                   0x0800059d   Thumb Code    28  bmi088middleware.o(i.BMI088_read_write_byte)
    BusFault_Handler                         0x080005cf   Thumb Code     2  stm32f4xx_it.o(i.BusFault_Handler)
    DMA1_Stream3_IRQHandler                  0x08000619   Thumb Code     6  stm32f4xx_it.o(i.DMA1_Stream3_IRQHandler)
    DMA1_Stream4_IRQHandler                  0x08000625   Thumb Code     6  stm32f4xx_it.o(i.DMA1_Stream4_IRQHandler)
    DebugMon_Handler                         0x080006ad   Thumb Code     2  stm32f4xx_it.o(i.DebugMon_Handler)
    Error_Handler                            0x080006af   Thumb Code     2  main.o(i.Error_Handler)
    HAL_DMA_IRQHandler                       0x080006b1   Thumb Code   412  stm32f4xx_hal_dma.o(i.HAL_DMA_IRQHandler)
    HAL_DMA_Init                             0x08000851   Thumb Code   206  stm32f4xx_hal_dma.o(i.HAL_DMA_Init)
    HAL_Delay                                0x08000925   Thumb Code    32  stm32f4xx_hal.o(i.HAL_Delay)
    HAL_GPIO_Init                            0x08000949   Thumb Code   384  stm32f4xx_hal_gpio.o(i.HAL_GPIO_Init)
    HAL_GPIO_WritePin                        0x08000af1   Thumb Code    10  stm32f4xx_hal_gpio.o(i.HAL_GPIO_WritePin)
    HAL_GetTick                              0x08000afd   Thumb Code     6  stm32f4xx_hal.o(i.HAL_GetTick)
    HAL_IncTick                              0x08000b09   Thumb Code    12  stm32f4xx_hal.o(i.HAL_IncTick)
    HAL_Init                                 0x08000b19   Thumb Code    48  stm32f4xx_hal.o(i.HAL_Init)
    HAL_InitTick                             0x08000b4d   Thumb Code    54  stm32f4xx_hal.o(i.HAL_InitTick)
    HAL_MspInit                              0x08000b8d   Thumb Code    42  stm32f4xx_hal_msp.o(i.HAL_MspInit)
    HAL_NVIC_EnableIRQ                       0x08000bbd   Thumb Code    26  stm32f4xx_hal_cortex.o(i.HAL_NVIC_EnableIRQ)
    HAL_NVIC_SetPriority                     0x08000bd9   Thumb Code    60  stm32f4xx_hal_cortex.o(i.HAL_NVIC_SetPriority)
    HAL_NVIC_SetPriorityGrouping             0x08000c19   Thumb Code    26  stm32f4xx_hal_cortex.o(i.HAL_NVIC_SetPriorityGrouping)
    HAL_PCDEx_ActivateLPM                    0x08000c3d   Thumb Code    34  stm32f4xx_hal_pcd_ex.o(i.HAL_PCDEx_ActivateLPM)
    HAL_PCDEx_LPM_Callback                   0x08000c65   Thumb Code    92  usbd_conf.o(i.HAL_PCDEx_LPM_Callback)
    HAL_PCDEx_SetRxFiFo                      0x08000cc5   Thumb Code     8  stm32f4xx_hal_pcd_ex.o(i.HAL_PCDEx_SetRxFiFo)
    HAL_PCDEx_SetTxFiFo                      0x08000ccd   Thumb Code    68  stm32f4xx_hal_pcd_ex.o(i.HAL_PCDEx_SetTxFiFo)
    HAL_PCD_ConnectCallback                  0x08000d11   Thumb Code     8  usbd_conf.o(i.HAL_PCD_ConnectCallback)
    HAL_PCD_DataInStageCallback              0x08000d19   Thumb Code    18  usbd_conf.o(i.HAL_PCD_DataInStageCallback)
    HAL_PCD_DataOutStageCallback             0x08000d2b   Thumb Code    20  usbd_conf.o(i.HAL_PCD_DataOutStageCallback)
    HAL_PCD_DisconnectCallback               0x08000d3f   Thumb Code     8  usbd_conf.o(i.HAL_PCD_DisconnectCallback)
    HAL_PCD_EP_Close                         0x08000d47   Thumb Code    76  stm32f4xx_hal_pcd.o(i.HAL_PCD_EP_Close)
    HAL_PCD_EP_ClrStall                      0x08000d93   Thumb Code    92  stm32f4xx_hal_pcd.o(i.HAL_PCD_EP_ClrStall)
    HAL_PCD_EP_GetRxCount                    0x08000def   Thumb Code    18  stm32f4xx_hal_pcd.o(i.HAL_PCD_EP_GetRxCount)
    HAL_PCD_EP_Open                          0x08000e01   Thumb Code    96  stm32f4xx_hal_pcd.o(i.HAL_PCD_EP_Open)
    HAL_PCD_EP_Receive                       0x08000e61   Thumb Code    72  stm32f4xx_hal_pcd.o(i.HAL_PCD_EP_Receive)
    HAL_PCD_EP_SetStall                      0x08000ea9   Thumb Code   116  stm32f4xx_hal_pcd.o(i.HAL_PCD_EP_SetStall)
    HAL_PCD_EP_Transmit                      0x08000f1d   Thumb Code    64  stm32f4xx_hal_pcd.o(i.HAL_PCD_EP_Transmit)
    HAL_PCD_IRQHandler                       0x08000f5d   Thumb Code  1130  stm32f4xx_hal_pcd.o(i.HAL_PCD_IRQHandler)
    HAL_PCD_ISOINIncompleteCallback          0x080013cd   Thumb Code     8  usbd_conf.o(i.HAL_PCD_ISOINIncompleteCallback)
    HAL_PCD_ISOOUTIncompleteCallback         0x080013d5   Thumb Code     8  usbd_conf.o(i.HAL_PCD_ISOOUTIncompleteCallback)
    HAL_PCD_Init                             0x080013dd   Thumb Code   238  stm32f4xx_hal_pcd.o(i.HAL_PCD_Init)
    HAL_PCD_MspInit                          0x080014cd   Thumb Code   122  usbd_conf.o(i.HAL_PCD_MspInit)
    HAL_PCD_ResetCallback                    0x08001551   Thumb Code    44  usbd_conf.o(i.HAL_PCD_ResetCallback)
    HAL_PCD_ResumeCallback                   0x0800157d   Thumb Code     8  usbd_conf.o(i.HAL_PCD_ResumeCallback)
    HAL_PCD_SOFCallback                      0x08001585   Thumb Code     8  usbd_conf.o(i.HAL_PCD_SOFCallback)
    HAL_PCD_SetAddress                       0x0800158d   Thumb Code    40  stm32f4xx_hal_pcd.o(i.HAL_PCD_SetAddress)
    HAL_PCD_SetupStageCallback               0x080015b5   Thumb Code    14  usbd_conf.o(i.HAL_PCD_SetupStageCallback)
    HAL_PCD_Start                            0x080015c3   Thumb Code    66  stm32f4xx_hal_pcd.o(i.HAL_PCD_Start)
    HAL_PCD_SuspendCallback                  0x08001605   Thumb Code    44  usbd_conf.o(i.HAL_PCD_SuspendCallback)
    HAL_RCCEx_PeriphCLKConfig                0x08001635   Thumb Code  1072  stm32f4xx_hal_rcc_ex.o(i.HAL_RCCEx_PeriphCLKConfig)
    HAL_RCC_ClockConfig                      0x08001a65   Thumb Code   288  stm32f4xx_hal_rcc.o(i.HAL_RCC_ClockConfig)
    HAL_RCC_GetHCLKFreq                      0x08001b99   Thumb Code     6  stm32f4xx_hal_rcc.o(i.HAL_RCC_GetHCLKFreq)
    HAL_RCC_GetSysClockFreq                  0x08001ba5   Thumb Code   140  stm32f4xx_hal_rcc_ex.o(i.HAL_RCC_GetSysClockFreq)
    HAL_RCC_OscConfig                        0x08001c3d   Thumb Code   814  stm32f4xx_hal_rcc_ex.o(i.HAL_RCC_OscConfig)
    HAL_SPI_Init                             0x08001f81   Thumb Code   128  stm32f4xx_hal_spi.o(i.HAL_SPI_Init)
    HAL_SPI_MspInit                          0x08002001   Thumb Code   188  spi.o(i.HAL_SPI_MspInit)
    HAL_SPI_TransmitReceive                  0x080020d1   Thumb Code   482  stm32f4xx_hal_spi.o(i.HAL_SPI_TransmitReceive)
    HAL_SYSTICK_Config                       0x080022b3   Thumb Code    40  stm32f4xx_hal_cortex.o(i.HAL_SYSTICK_Config)
    HAL_TIMEx_MasterConfigSynchronization    0x080022dd   Thumb Code   116  stm32f4xx_hal_tim_ex.o(i.HAL_TIMEx_MasterConfigSynchronization)
    HAL_TIM_MspPostInit                      0x0800236d   Thumb Code    68  tim.o(i.HAL_TIM_MspPostInit)
    HAL_TIM_PWM_ConfigChannel                0x080023bd   Thumb Code   208  stm32f4xx_hal_tim.o(i.HAL_TIM_PWM_ConfigChannel)
    HAL_TIM_PWM_Init                         0x0800248d   Thumb Code    54  stm32f4xx_hal_tim.o(i.HAL_TIM_PWM_Init)
    HAL_TIM_PWM_MspInit                      0x080024c5   Thumb Code    30  tim.o(i.HAL_TIM_PWM_MspInit)
    HardFault_Handler                        0x080024ed   Thumb Code     2  stm32f4xx_it.o(i.HardFault_Handler)
    MX_DMA_Init                              0x08002529   Thumb Code    56  dma.o(i.MX_DMA_Init)
    MX_GPIO_Init                             0x08002565   Thumb Code   160  gpio.o(i.MX_GPIO_Init)
    MX_SPI2_Init                             0x08002611   Thumb Code    64  spi.o(i.MX_SPI2_Init)
    MX_TIM3_Init                             0x08002659   Thumb Code   102  tim.o(i.MX_TIM3_Init)
    MX_USB_DEVICE_Init                       0x080026c9   Thumb Code    66  usb_device.o(i.MX_USB_DEVICE_Init)
    MemManage_Handler                        0x0800271d   Thumb Code     2  stm32f4xx_it.o(i.MemManage_Handler)
    NMI_Handler                              0x0800271f   Thumb Code     2  stm32f4xx_it.o(i.NMI_Handler)
    OTG_FS_IRQHandler                        0x08002721   Thumb Code     6  stm32f4xx_it.o(i.OTG_FS_IRQHandler)
    PendSV_Handler                           0x0800289b   Thumb Code     2  stm32f4xx_it.o(i.PendSV_Handler)
    SVC_Handler                              0x08002989   Thumb Code     2  stm32f4xx_it.o(i.SVC_Handler)
    SysTick_Handler                          0x08002995   Thumb Code     4  stm32f4xx_it.o(i.SysTick_Handler)
    SystemClock_Config                       0x08002999   Thumb Code   146  main.o(i.SystemClock_Config)
    SystemInit                               0x08002a35   Thumb Code    22  system_stm32f4xx.o(i.SystemInit)
    TIM_Base_SetConfig                       0x08002a51   Thumb Code   156  stm32f4xx_hal_tim.o(i.TIM_Base_SetConfig)
    TIM_OC2_SetConfig                        0x08002b79   Thumb Code    98  stm32f4xx_hal_tim.o(i.TIM_OC2_SetConfig)
    USBD_CDC_GetDeviceQualifierDescriptor    0x08002d99   Thumb Code     8  usbd_cdc.o(i.USBD_CDC_GetDeviceQualifierDescriptor)
    USBD_CDC_ReceivePacket                   0x08002e6b   Thumb Code    40  usbd_cdc.o(i.USBD_CDC_ReceivePacket)
    USBD_CDC_RegisterInterface               0x08002e93   Thumb Code    14  usbd_cdc.o(i.USBD_CDC_RegisterInterface)
    USBD_CDC_SetRxBuffer                     0x08002ea1   Thumb Code    12  usbd_cdc.o(i.USBD_CDC_SetRxBuffer)
    USBD_CDC_SetTxBuffer                     0x08002ead   Thumb Code    16  usbd_cdc.o(i.USBD_CDC_SetTxBuffer)
    USBD_ClrClassConfig                      0x08002f6d   Thumb Code    16  usbd_core.o(i.USBD_ClrClassConfig)
    USBD_CtlContinueRx                       0x08002f7d   Thumb Code    16  usbd_ioreq.o(i.USBD_CtlContinueRx)
    USBD_CtlContinueSendData                 0x08002f8d   Thumb Code    16  usbd_ioreq.o(i.USBD_CtlContinueSendData)
    USBD_CtlError                            0x08002f9d   Thumb Code    22  usbd_ctlreq.o(i.USBD_CtlError)
    USBD_CtlPrepareRx                        0x08002fb3   Thumb Code    30  usbd_ioreq.o(i.USBD_CtlPrepareRx)
    USBD_CtlReceiveStatus                    0x08002fd1   Thumb Code    22  usbd_ioreq.o(i.USBD_CtlReceiveStatus)
    USBD_CtlSendData                         0x08002fe7   Thumb Code    26  usbd_ioreq.o(i.USBD_CtlSendData)
    USBD_CtlSendStatus                       0x08003001   Thumb Code    22  usbd_ioreq.o(i.USBD_CtlSendStatus)
    USBD_FS_ConfigStrDescriptor              0x08003019   Thumb Code    16  usbd_desc.o(i.USBD_FS_ConfigStrDescriptor)
    USBD_FS_DeviceDescriptor                 0x08003039   Thumb Code     8  usbd_desc.o(i.USBD_FS_DeviceDescriptor)
    USBD_FS_InterfaceStrDescriptor           0x08003045   Thumb Code    16  usbd_desc.o(i.USBD_FS_InterfaceStrDescriptor)
    USBD_FS_LangIDStrDescriptor              0x08003069   Thumb Code     8  usbd_desc.o(i.USBD_FS_LangIDStrDescriptor)
    USBD_FS_ManufacturerStrDescriptor        0x08003075   Thumb Code    16  usbd_desc.o(i.USBD_FS_ManufacturerStrDescriptor)
    USBD_FS_ProductStrDescriptor             0x0800309d   Thumb Code    16  usbd_desc.o(i.USBD_FS_ProductStrDescriptor)
    USBD_FS_SerialStrDescriptor              0x080030c9   Thumb Code    48  usbd_desc.o(i.USBD_FS_SerialStrDescriptor)
    USBD_FS_USR_BOSDescriptor                0x08003101   Thumb Code     8  usbd_desc.o(i.USBD_FS_USR_BOSDescriptor)
    USBD_GetString                           0x08003207   Thumb Code    72  usbd_ctlreq.o(i.USBD_GetString)
    USBD_Get_USB_Status                      0x0800324f   Thumb Code    24  usbd_conf.o(i.USBD_Get_USB_Status)
    USBD_Init                                0x08003267   Thumb Code    52  usbd_core.o(i.USBD_Init)
    USBD_LL_ClearStallEP                     0x0800329b   Thumb Code    18  usbd_conf.o(i.USBD_LL_ClearStallEP)
    USBD_LL_CloseEP                          0x080032ad   Thumb Code    18  usbd_conf.o(i.USBD_LL_CloseEP)
    USBD_LL_DataInStage                      0x080032bf   Thumb Code   170  usbd_core.o(i.USBD_LL_DataInStage)
    USBD_LL_DataOutStage                     0x08003369   Thumb Code   110  usbd_core.o(i.USBD_LL_DataOutStage)
    USBD_LL_DevConnected                     0x080033d7   Thumb Code     4  usbd_core.o(i.USBD_LL_DevConnected)
    USBD_LL_DevDisconnected                  0x080033db   Thumb Code    24  usbd_core.o(i.USBD_LL_DevDisconnected)
    USBD_LL_GetRxDataSize                    0x080033f3   Thumb Code     8  usbd_conf.o(i.USBD_LL_GetRxDataSize)
    USBD_LL_Init                             0x080033fd   Thumb Code    90  usbd_conf.o(i.USBD_LL_Init)
    USBD_LL_IsStallEP                        0x0800345d   Thumb Code    32  usbd_conf.o(i.USBD_LL_IsStallEP)
    USBD_LL_IsoINIncomplete                  0x0800347d   Thumb Code     4  usbd_core.o(i.USBD_LL_IsoINIncomplete)
    USBD_LL_IsoOUTIncomplete                 0x08003481   Thumb Code     4  usbd_core.o(i.USBD_LL_IsoOUTIncomplete)
    USBD_LL_OpenEP                           0x08003485   Thumb Code    24  usbd_conf.o(i.USBD_LL_OpenEP)
    USBD_LL_PrepareReceive                   0x0800349d   Thumb Code    18  usbd_conf.o(i.USBD_LL_PrepareReceive)
    USBD_LL_Reset                            0x080034af   Thumb Code    82  usbd_core.o(i.USBD_LL_Reset)
    USBD_LL_Resume                           0x08003501   Thumb Code    20  usbd_core.o(i.USBD_LL_Resume)
    USBD_LL_SOF                              0x08003515   Thumb Code    24  usbd_core.o(i.USBD_LL_SOF)
    USBD_LL_SetSpeed                         0x0800352d   Thumb Code     6  usbd_core.o(i.USBD_LL_SetSpeed)
    USBD_LL_SetUSBAddress                    0x08003533   Thumb Code    18  usbd_conf.o(i.USBD_LL_SetUSBAddress)
    USBD_LL_SetupStage                       0x08003545   Thumb Code    96  usbd_core.o(i.USBD_LL_SetupStage)
    USBD_LL_StallEP                          0x080035a5   Thumb Code    18  usbd_conf.o(i.USBD_LL_StallEP)
    USBD_LL_Start                            0x080035b7   Thumb Code    18  usbd_conf.o(i.USBD_LL_Start)
    USBD_LL_Suspend                          0x080035c9   Thumb Code    18  usbd_core.o(i.USBD_LL_Suspend)
    USBD_LL_Transmit                         0x080035db   Thumb Code    18  usbd_conf.o(i.USBD_LL_Transmit)
    USBD_ParseSetupRequest                   0x080035ed   Thumb Code    44  usbd_ctlreq.o(i.USBD_ParseSetupRequest)
    USBD_RegisterClass                       0x08003619   Thumb Code    34  usbd_core.o(i.USBD_RegisterClass)
    USBD_SetClassConfig                      0x0800363b   Thumb Code    20  usbd_core.o(i.USBD_SetClassConfig)
    USBD_Start                               0x0800370d   Thumb Code     4  usbd_core.o(i.USBD_Start)
    USBD_StdDevReq                           0x08003711   Thumb Code   276  usbd_ctlreq.o(i.USBD_StdDevReq)
    USBD_StdEPReq                            0x08003825   Thumb Code   332  usbd_ctlreq.o(i.USBD_StdEPReq)
    USBD_StdItfReq                           0x08003971   Thumb Code    82  usbd_ctlreq.o(i.USBD_StdItfReq)
    USB_ActivateEndpoint                     0x080039c5   Thumb Code   122  stm32f4xx_ll_usb.o(i.USB_ActivateEndpoint)
    USB_ActivateSetup                        0x08003a45   Thumb Code    28  stm32f4xx_ll_usb.o(i.USB_ActivateSetup)
    USB_CoreInit                             0x08003a61   Thumb Code   112  stm32f4xx_ll_usb.o(i.USB_CoreInit)
    USB_DeactivateEndpoint                   0x08003b0d   Thumb Code   194  stm32f4xx_ll_usb.o(i.USB_DeactivateEndpoint)
    USB_DevConnect                           0x08003bd9   Thumb Code    28  stm32f4xx_ll_usb.o(i.USB_DevConnect)
    USB_DevDisconnect                        0x08003bf5   Thumb Code    28  stm32f4xx_ll_usb.o(i.USB_DevDisconnect)
    USB_DevInit                              0x08003c11   Thumb Code   358  stm32f4xx_ll_usb.o(i.USB_DevInit)
    USB_DisableGlobalInt                     0x08003d81   Thumb Code    12  stm32f4xx_ll_usb.o(i.USB_DisableGlobalInt)
    USB_EP0StartXfer                         0x08003d8d   Thumb Code   276  stm32f4xx_ll_usb.o(i.USB_EP0StartXfer)
    USB_EP0_OutStart                         0x08003ea5   Thumb Code    84  stm32f4xx_ll_usb.o(i.USB_EP0_OutStart)
    USB_EPClearStall                         0x08003efd   Thumb Code    88  stm32f4xx_ll_usb.o(i.USB_EPClearStall)
    USB_EPSetStall                           0x08003f55   Thumb Code    88  stm32f4xx_ll_usb.o(i.USB_EPSetStall)
    USB_EPStartXfer                          0x08003fad   Thumb Code   482  stm32f4xx_ll_usb.o(i.USB_EPStartXfer)
    USB_EnableGlobalInt                      0x08004195   Thumb Code    12  stm32f4xx_ll_usb.o(i.USB_EnableGlobalInt)
    USB_FlushRxFifo                          0x080041a1   Thumb Code    28  stm32f4xx_ll_usb.o(i.USB_FlushRxFifo)
    USB_FlushTxFifo                          0x080041c1   Thumb Code    32  stm32f4xx_ll_usb.o(i.USB_FlushTxFifo)
    USB_GetDevSpeed                          0x080041e5   Thumb Code    26  stm32f4xx_ll_usb.o(i.USB_GetDevSpeed)
    USB_GetMode                              0x080041ff   Thumb Code     8  stm32f4xx_ll_usb.o(i.USB_GetMode)
    USB_ReadDevAllInEpInterrupt              0x08004207   Thumb Code    14  stm32f4xx_ll_usb.o(i.USB_ReadDevAllInEpInterrupt)
    USB_ReadDevAllOutEpInterrupt             0x08004215   Thumb Code    14  stm32f4xx_ll_usb.o(i.USB_ReadDevAllOutEpInterrupt)
    USB_ReadDevInEPInterrupt                 0x08004223   Thumb Code    36  stm32f4xx_ll_usb.o(i.USB_ReadDevInEPInterrupt)
    USB_ReadDevOutEPInterrupt                0x08004247   Thumb Code    16  stm32f4xx_ll_usb.o(i.USB_ReadDevOutEPInterrupt)
    USB_ReadInterrupts                       0x08004257   Thumb Code     8  stm32f4xx_ll_usb.o(i.USB_ReadInterrupts)
    USB_ReadPacket                           0x0800425f   Thumb Code    28  stm32f4xx_ll_usb.o(i.USB_ReadPacket)
    USB_SetCurrentMode                       0x0800427b   Thumb Code    46  stm32f4xx_ll_usb.o(i.USB_SetCurrentMode)
    USB_SetDevAddress                        0x080042a9   Thumb Code    34  stm32f4xx_ll_usb.o(i.USB_SetDevAddress)
    USB_SetTurnaroundTime                    0x080042cd   Thumb Code   158  stm32f4xx_ll_usb.o(i.USB_SetTurnaroundTime)
    USB_WritePacket                          0x080043b5   Thumb Code    36  stm32f4xx_ll_usb.o(i.USB_WritePacket)
    UsageFault_Handler                       0x080043d9   Thumb Code     2  stm32f4xx_it.o(i.UsageFault_Handler)
    __scatterload_copy                       0x080043fb   Thumb Code    14  handlers.o(i.__scatterload_copy)
    __scatterload_null                       0x08004409   Thumb Code     2  handlers.o(i.__scatterload_null)
    __scatterload_zeroinit                   0x0800440b   Thumb Code    14  handlers.o(i.__scatterload_zeroinit)
    bmi088_accel_init                        0x08004419   Thumb Code   266  bmi088driver.o(i.bmi088_accel_init)
    bmi088_gyro_init                         0x08004529   Thumb Code   214  bmi088driver.o(i.bmi088_gyro_init)
    free                                     0x08004605   Thumb Code    76  malloc.o(i.free)
    main                                     0x08004655   Thumb Code    56  main.o(i.main)
    malloc                                   0x08004695   Thumb Code    92  malloc.o(i.malloc)
    AHBPrescTable                            0x08004708   Data          16  system_stm32f4xx.o(.constdata)
    Region$$Table$$Base                      0x08004718   Number         0  anon$$obj.o(Region$$Table)
    Region$$Table$$Limit                     0x08004738   Number         0  anon$$obj.o(Region$$Table)
    BMI088_ACCEL_SEN                         0x20000000   Data           4  bmi088driver.o(.data)
    BMI088_GYRO_SEN                          0x20000004   Data           4  bmi088driver.o(.data)
    temp                                     0x2000002c   Data           4  main.o(.data)
    FS_Desc                                  0x20000030   Data          32  usbd_desc.o(.data)
    USBD_LangIDDesc                          0x20000050   Data           4  usbd_desc.o(.data)
    USBD_FS_DeviceDesc                       0x20000054   Data          18  usbd_desc.o(.data)
    USBD_FS_BOSDesc                          0x20000068   Data          12  usbd_desc.o(.data)
    USBD_StringSerial                        0x20000074   Data          26  usbd_desc.o(.data)
    USBD_Interface_fops_FS                   0x20000090   Data          20  usbd_cdc_if.o(.data)
    uwTickFreq                               0x200000a4   Data           1  stm32f4xx_hal.o(.data)
    uwTickPrio                               0x200000a8   Data           4  stm32f4xx_hal.o(.data)
    uwTick                                   0x200000ac   Data           4  stm32f4xx_hal.o(.data)
    SystemCoreClock                          0x200000b0   Data           4  system_stm32f4xx.o(.data)
    USBD_CDC                                 0x20000190   Data          56  usbd_cdc.o(.data)
    __microlib_freelist                      0x200001c8   Data           4  mvars.o(.data)
    __microlib_freelist_initialised          0x200001cc   Data           4  mvars.o(.data)
    gyro                                     0x200001d0   Data          12  main.o(.bss)
    accel                                    0x200001dc   Data          12  main.o(.bss)
    hspi2                                    0x200001e8   Data          88  spi.o(.bss)
    hdma_spi2_rx                             0x20000240   Data          96  spi.o(.bss)
    hdma_spi2_tx                             0x200002a0   Data          96  spi.o(.bss)
    htim3                                    0x20000300   Data          64  tim.o(.bss)
    hUsbDeviceFS                             0x20000340   Data         720  usb_device.o(.bss)
    USBD_StrDesc                             0x20000610   Data         512  usbd_desc.o(.bss)
    UserRxBufferFS                           0x20000810   Data        2048  usbd_cdc_if.o(.bss)
    UserTxBufferFS                           0x20001010   Data        2048  usbd_cdc_if.o(.bss)
    hpcd_USB_OTG_FS                          0x20001810   Data        1032  usbd_conf.o(.bss)
    __heap_base                              0x20001c18   Data           0  startup_stm32f446xx.o(HEAP)
    __heap_limit                             0x20002018   Data           0  startup_stm32f446xx.o(HEAP)
    __initial_sp                             0x20002818   Data           0  startup_stm32f446xx.o(STACK)



==============================================================================

Memory Map of the image

  Image Entry point : 0x080001c5

  Load Region LR_IROM1 (Base: 0x08000000, Size: 0x00004908, Max: 0x00040000, ABSOLUTE, COMPRESSED[0x00004838])

    Execution Region ER_IROM1 (Exec base: 0x08000000, Load base: 0x08000000, Size: 0x00004738, Max: 0x00040000, ABSOLUTE)

    Exec Addr    Load Addr    Size         Type   Attr      Idx    E Section Name        Object

    0x08000000   0x08000000   0x000001c4   Data   RO            3    RESET               startup_stm32f446xx.o
    0x080001c4   0x080001c4   0x00000000   Code   RO         4539  * .ARM.Collect$$$$00000000  mc_w.l(entry.o)
    0x080001c4   0x080001c4   0x00000004   Code   RO         4578    .ARM.Collect$$$$00000001  mc_w.l(entry2.o)
    0x080001c8   0x080001c8   0x00000004   Code   RO         4581    .ARM.Collect$$$$00000004  mc_w.l(entry5.o)
    0x080001cc   0x080001cc   0x00000000   Code   RO         4583    .ARM.Collect$$$$00000008  mc_w.l(entry7b.o)
    0x080001cc   0x080001cc   0x00000000   Code   RO         4585    .ARM.Collect$$$$0000000A  mc_w.l(entry8b.o)
    0x080001cc   0x080001cc   0x00000008   Code   RO         4586    .ARM.Collect$$$$0000000B  mc_w.l(entry9a.o)
    0x080001d4   0x080001d4   0x00000004   Code   RO         4593    .ARM.Collect$$$$0000000E  mc_w.l(entry12b.o)
    0x080001d8   0x080001d8   0x00000000   Code   RO         4588    .ARM.Collect$$$$0000000F  mc_w.l(entry10a.o)
    0x080001d8   0x080001d8   0x00000000   Code   RO         4590    .ARM.Collect$$$$00000011  mc_w.l(entry11a.o)
    0x080001d8   0x080001d8   0x00000004   Code   RO         4579    .ARM.Collect$$$$00002712  mc_w.l(entry2.o)
    0x080001dc   0x080001dc   0x00000024   Code   RO            4    .text               startup_stm32f446xx.o
    0x08000200   0x08000200   0x00000062   Code   RO         4542    .text               mc_w.l(uldiv.o)
    0x08000262   0x08000262   0x00000024   Code   RO         4544    .text               mc_w.l(memcpya.o)
    0x08000286   0x08000286   0x00000024   Code   RO         4546    .text               mc_w.l(memseta.o)
    0x080002aa   0x080002aa   0x0000001e   Code   RO         4594    .text               mc_w.l(llshl.o)
    0x080002c8   0x080002c8   0x00000020   Code   RO         4596    .text               mc_w.l(llushr.o)
    0x080002e8   0x080002e8   0x00000024   Code   RO         4600    .text               mc_w.l(init.o)
    0x0800030c   0x0800030c   0x00000056   Code   RO         4610    .text               mc_w.l(__dczerorl2.o)
    0x08000362   0x08000362   0x00000002   PAD
    0x08000364   0x08000364   0x00000010   Code   RO          191    i.BMI088_ACCEL_NS_H  bmi088middleware.o
    0x08000374   0x08000374   0x00000010   Code   RO          192    i.BMI088_ACCEL_NS_L  bmi088middleware.o
    0x08000384   0x08000384   0x00000002   Code   RO          193    i.BMI088_GPIO_init  bmi088middleware.o
    0x08000386   0x08000386   0x00000002   PAD
    0x08000388   0x08000388   0x00000010   Code   RO          194    i.BMI088_GYRO_NS_H  bmi088middleware.o
    0x08000398   0x08000398   0x00000010   Code   RO          195    i.BMI088_GYRO_NS_L  bmi088middleware.o
    0x080003a8   0x080003a8   0x00000002   Code   RO          196    i.BMI088_com_init   bmi088middleware.o
    0x080003aa   0x080003aa   0x00000018   Code   RO          197    i.BMI088_delay_ms   bmi088middleware.o
    0x080003c2   0x080003c2   0x0000002e   Code   RO          198    i.BMI088_delay_us   bmi088middleware.o
    0x080003f0   0x080003f0   0x00000018   Code   RO           13    i.BMI088_init       bmi088driver.o
    0x08000408   0x08000408   0x00000158   Code   RO           14    i.BMI088_read       bmi088driver.o
    0x08000560   0x08000560   0x00000024   Code   RO           15    i.BMI088_read_muli_reg  bmi088driver.o
    0x08000584   0x08000584   0x00000016   Code   RO           16    i.BMI088_read_single_reg  bmi088driver.o
    0x0800059a   0x0800059a   0x00000002   PAD
    0x0800059c   0x0800059c   0x00000020   Code   RO          199    i.BMI088_read_write_byte  bmi088middleware.o
    0x080005bc   0x080005bc   0x00000012   Code   RO           17    i.BMI088_write_single_reg  bmi088driver.o
    0x080005ce   0x080005ce   0x00000002   Code   RO          547    i.BusFault_Handler  stm32f4xx_it.o
    0x080005d0   0x080005d0   0x00000004   Code   RO          805    i.CDC_Control_FS    usbd_cdc_if.o
    0x080005d4   0x080005d4   0x00000004   Code   RO          806    i.CDC_DeInit_FS     usbd_cdc_if.o
    0x080005d8   0x080005d8   0x00000024   Code   RO          807    i.CDC_Init_FS       usbd_cdc_if.o
    0x080005fc   0x080005fc   0x00000018   Code   RO          808    i.CDC_Receive_FS    usbd_cdc_if.o
    0x08000614   0x08000614   0x00000004   Code   RO          809    i.CDC_TransmitCplt_FS  usbd_cdc_if.o
    0x08000618   0x08000618   0x0000000c   Code   RO          548    i.DMA1_Stream3_IRQHandler  stm32f4xx_it.o
    0x08000624   0x08000624   0x0000000c   Code   RO          549    i.DMA1_Stream4_IRQHandler  stm32f4xx_it.o
    0x08000630   0x08000630   0x00000028   Code   RO         2186    i.DMA_CalcBaseAndBitshift  stm32f4xx_hal_dma.o
    0x08000658   0x08000658   0x00000054   Code   RO         2187    i.DMA_CheckFifoParam  stm32f4xx_hal_dma.o
    0x080006ac   0x080006ac   0x00000002   Code   RO          550    i.DebugMon_Handler  stm32f4xx_it.o
    0x080006ae   0x080006ae   0x00000002   Code   RO          264    i.Error_Handler     main.o
    0x080006b0   0x080006b0   0x000001a0   Code   RO         2194    i.HAL_DMA_IRQHandler  stm32f4xx_hal_dma.o
    0x08000850   0x08000850   0x000000d4   Code   RO         2195    i.HAL_DMA_Init      stm32f4xx_hal_dma.o
    0x08000924   0x08000924   0x00000024   Code   RO         2626    i.HAL_Delay         stm32f4xx_hal.o
    0x08000948   0x08000948   0x000001a8   Code   RO         2082    i.HAL_GPIO_Init     stm32f4xx_hal_gpio.o
    0x08000af0   0x08000af0   0x0000000a   Code   RO         2086    i.HAL_GPIO_WritePin  stm32f4xx_hal_gpio.o
    0x08000afa   0x08000afa   0x00000002   PAD
    0x08000afc   0x08000afc   0x0000000c   Code   RO         2632    i.HAL_GetTick       stm32f4xx_hal.o
    0x08000b08   0x08000b08   0x00000010   Code   RO         2638    i.HAL_IncTick       stm32f4xx_hal.o
    0x08000b18   0x08000b18   0x00000034   Code   RO         2639    i.HAL_Init          stm32f4xx_hal.o
    0x08000b4c   0x08000b4c   0x00000040   Code   RO         2640    i.HAL_InitTick      stm32f4xx_hal.o
    0x08000b8c   0x08000b8c   0x00000030   Code   RO          641    i.HAL_MspInit       stm32f4xx_hal_msp.o
    0x08000bbc   0x08000bbc   0x0000001a   Code   RO         2489    i.HAL_NVIC_EnableIRQ  stm32f4xx_hal_cortex.o
    0x08000bd6   0x08000bd6   0x00000002   PAD
    0x08000bd8   0x08000bd8   0x00000040   Code   RO         2495    i.HAL_NVIC_SetPriority  stm32f4xx_hal_cortex.o
    0x08000c18   0x08000c18   0x00000024   Code   RO         2496    i.HAL_NVIC_SetPriorityGrouping  stm32f4xx_hal_cortex.o
    0x08000c3c   0x08000c3c   0x00000028   Code   RO         1289    i.HAL_PCDEx_ActivateLPM  stm32f4xx_hal_pcd_ex.o
    0x08000c64   0x08000c64   0x00000060   Code   RO          862    i.HAL_PCDEx_LPM_Callback  usbd_conf.o
    0x08000cc4   0x08000cc4   0x00000008   Code   RO         1293    i.HAL_PCDEx_SetRxFiFo  stm32f4xx_hal_pcd_ex.o
    0x08000ccc   0x08000ccc   0x00000044   Code   RO         1294    i.HAL_PCDEx_SetTxFiFo  stm32f4xx_hal_pcd_ex.o
    0x08000d10   0x08000d10   0x00000008   Code   RO          863    i.HAL_PCD_ConnectCallback  usbd_conf.o
    0x08000d18   0x08000d18   0x00000012   Code   RO          864    i.HAL_PCD_DataInStageCallback  usbd_conf.o
    0x08000d2a   0x08000d2a   0x00000014   Code   RO          865    i.HAL_PCD_DataOutStageCallback  usbd_conf.o
    0x08000d3e   0x08000d3e   0x00000008   Code   RO          866    i.HAL_PCD_DisconnectCallback  usbd_conf.o
    0x08000d46   0x08000d46   0x0000004c   Code   RO         1072    i.HAL_PCD_EP_Close  stm32f4xx_hal_pcd.o
    0x08000d92   0x08000d92   0x0000005c   Code   RO         1073    i.HAL_PCD_EP_ClrStall  stm32f4xx_hal_pcd.o
    0x08000dee   0x08000dee   0x00000012   Code   RO         1075    i.HAL_PCD_EP_GetRxCount  stm32f4xx_hal_pcd.o
    0x08000e00   0x08000e00   0x00000060   Code   RO         1076    i.HAL_PCD_EP_Open   stm32f4xx_hal_pcd.o
    0x08000e60   0x08000e60   0x00000048   Code   RO         1077    i.HAL_PCD_EP_Receive  stm32f4xx_hal_pcd.o
    0x08000ea8   0x08000ea8   0x00000074   Code   RO         1078    i.HAL_PCD_EP_SetStall  stm32f4xx_hal_pcd.o
    0x08000f1c   0x08000f1c   0x00000040   Code   RO         1079    i.HAL_PCD_EP_Transmit  stm32f4xx_hal_pcd.o
    0x08000f5c   0x08000f5c   0x00000470   Code   RO         1081    i.HAL_PCD_IRQHandler  stm32f4xx_hal_pcd.o
    0x080013cc   0x080013cc   0x00000008   Code   RO          867    i.HAL_PCD_ISOINIncompleteCallback  usbd_conf.o
    0x080013d4   0x080013d4   0x00000008   Code   RO          868    i.HAL_PCD_ISOOUTIncompleteCallback  usbd_conf.o
    0x080013dc   0x080013dc   0x000000ee   Code   RO         1084    i.HAL_PCD_Init      stm32f4xx_hal_pcd.o
    0x080014ca   0x080014ca   0x00000002   PAD
    0x080014cc   0x080014cc   0x00000084   Code   RO          870    i.HAL_PCD_MspInit   usbd_conf.o
    0x08001550   0x08001550   0x0000002c   Code   RO          871    i.HAL_PCD_ResetCallback  usbd_conf.o
    0x0800157c   0x0800157c   0x00000008   Code   RO          872    i.HAL_PCD_ResumeCallback  usbd_conf.o
    0x08001584   0x08001584   0x00000008   Code   RO          873    i.HAL_PCD_SOFCallback  usbd_conf.o
    0x0800158c   0x0800158c   0x00000028   Code   RO         1090    i.HAL_PCD_SetAddress  stm32f4xx_hal_pcd.o
    0x080015b4   0x080015b4   0x0000000e   Code   RO          874    i.HAL_PCD_SetupStageCallback  usbd_conf.o
    0x080015c2   0x080015c2   0x00000042   Code   RO         1092    i.HAL_PCD_Start     stm32f4xx_hal_pcd.o
    0x08001604   0x08001604   0x00000030   Code   RO          875    i.HAL_PCD_SuspendCallback  usbd_conf.o
    0x08001634   0x08001634   0x00000430   Code   RO         1751    i.HAL_RCCEx_PeriphCLKConfig  stm32f4xx_hal_rcc_ex.o
    0x08001a64   0x08001a64   0x00000134   Code   RO         1644    i.HAL_RCC_ClockConfig  stm32f4xx_hal_rcc.o
    0x08001b98   0x08001b98   0x0000000c   Code   RO         1649    i.HAL_RCC_GetHCLKFreq  stm32f4xx_hal_rcc.o
    0x08001ba4   0x08001ba4   0x00000098   Code   RO         1755    i.HAL_RCC_GetSysClockFreq  stm32f4xx_hal_rcc_ex.o
    0x08001c3c   0x08001c3c   0x00000344   Code   RO         1756    i.HAL_RCC_OscConfig  stm32f4xx_hal_rcc_ex.o
    0x08001f80   0x08001f80   0x00000080   Code   RO         2888    i.HAL_SPI_Init      stm32f4xx_hal_spi.o
    0x08002000   0x08002000   0x000000d0   Code   RO          458    i.HAL_SPI_MspInit   spi.o
    0x080020d0   0x080020d0   0x000001e2   Code   RO         2897    i.HAL_SPI_TransmitReceive  stm32f4xx_hal_spi.o
    0x080022b2   0x080022b2   0x00000028   Code   RO         2500    i.HAL_SYSTICK_Config  stm32f4xx_hal_cortex.o
    0x080022da   0x080022da   0x00000002   PAD
    0x080022dc   0x080022dc   0x00000090   Code   RO         3894    i.HAL_TIMEx_MasterConfigSynchronization  stm32f4xx_hal_tim_ex.o
    0x0800236c   0x0800236c   0x00000050   Code   RO          499    i.HAL_TIM_MspPostInit  tim.o
    0x080023bc   0x080023bc   0x000000d0   Code   RO         3268    i.HAL_TIM_PWM_ConfigChannel  stm32f4xx_hal_tim.o
    0x0800248c   0x0800248c   0x00000036   Code   RO         3271    i.HAL_TIM_PWM_Init  stm32f4xx_hal_tim.o
    0x080024c2   0x080024c2   0x00000002   PAD
    0x080024c4   0x080024c4   0x00000028   Code   RO          501    i.HAL_TIM_PWM_MspInit  tim.o
    0x080024ec   0x080024ec   0x00000002   Code   RO          551    i.HardFault_Handler  stm32f4xx_it.o
    0x080024ee   0x080024ee   0x00000002   PAD
    0x080024f0   0x080024f0   0x00000038   Code   RO          713    i.IntToUnicode      usbd_desc.o
    0x08002528   0x08002528   0x0000003c   Code   RO          433    i.MX_DMA_Init       dma.o
    0x08002564   0x08002564   0x000000ac   Code   RO          409    i.MX_GPIO_Init      gpio.o
    0x08002610   0x08002610   0x00000048   Code   RO          459    i.MX_SPI2_Init      spi.o
    0x08002658   0x08002658   0x00000070   Code   RO          502    i.MX_TIM3_Init      tim.o
    0x080026c8   0x080026c8   0x00000054   Code   RO          665    i.MX_USB_DEVICE_Init  usb_device.o
    0x0800271c   0x0800271c   0x00000002   Code   RO          552    i.MemManage_Handler  stm32f4xx_it.o
    0x0800271e   0x0800271e   0x00000002   Code   RO          553    i.NMI_Handler       stm32f4xx_it.o
    0x08002720   0x08002720   0x0000000c   Code   RO          554    i.OTG_FS_IRQHandler  stm32f4xx_it.o
    0x0800272c   0x0800272c   0x000000cc   Code   RO         1096    i.PCD_EP_OutXfrComplete_int  stm32f4xx_hal_pcd.o
    0x080027f8   0x080027f8   0x000000a2   Code   RO         1097    i.PCD_WriteEmptyTxFifo  stm32f4xx_hal_pcd.o
    0x0800289a   0x0800289a   0x00000002   Code   RO          555    i.PendSV_Handler    stm32f4xx_it.o
    0x0800289c   0x0800289c   0x00000058   Code   RO         2926    i.SPI_EndRxTxTransaction  stm32f4xx_hal_spi.o
    0x080028f4   0x080028f4   0x00000094   Code   RO         2931    i.SPI_WaitFlagStateUntilTimeout  stm32f4xx_hal_spi.o
    0x08002988   0x08002988   0x00000002   Code   RO          556    i.SVC_Handler       stm32f4xx_it.o
    0x0800298a   0x0800298a   0x0000000a   Code   RO         4303    i.SWAPBYTE          usbd_ctlreq.o
    0x08002994   0x08002994   0x00000004   Code   RO          557    i.SysTick_Handler   stm32f4xx_it.o
    0x08002998   0x08002998   0x0000009c   Code   RO          265    i.SystemClock_Config  main.o
    0x08002a34   0x08002a34   0x0000001c   Code   RO         4128    i.SystemInit        system_stm32f4xx.o
    0x08002a50   0x08002a50   0x000000c8   Code   RO         3289    i.TIM_Base_SetConfig  stm32f4xx_hal_tim.o
    0x08002b18   0x08002b18   0x00000060   Code   RO         3302    i.TIM_OC1_SetConfig  stm32f4xx_hal_tim.o
    0x08002b78   0x08002b78   0x0000006c   Code   RO         3303    i.TIM_OC2_SetConfig  stm32f4xx_hal_tim.o
    0x08002be4   0x08002be4   0x00000068   Code   RO         3304    i.TIM_OC3_SetConfig  stm32f4xx_hal_tim.o
    0x08002c4c   0x08002c4c   0x00000050   Code   RO         3305    i.TIM_OC4_SetConfig  stm32f4xx_hal_tim.o
    0x08002c9c   0x08002c9c   0x00000062   Code   RO         4436    i.USBD_CDC_DataIn   usbd_cdc.o
    0x08002cfe   0x08002cfe   0x0000002a   Code   RO         4437    i.USBD_CDC_DataOut  usbd_cdc.o
    0x08002d28   0x08002d28   0x0000004a   Code   RO         4438    i.USBD_CDC_DeInit   usbd_cdc.o
    0x08002d72   0x08002d72   0x00000024   Code   RO         4439    i.USBD_CDC_EP0_RxReady  usbd_cdc.o
    0x08002d96   0x08002d96   0x00000002   PAD
    0x08002d98   0x08002d98   0x0000000c   Code   RO         4440    i.USBD_CDC_GetDeviceQualifierDescriptor  usbd_cdc.o
    0x08002da4   0x08002da4   0x0000000c   Code   RO         4441    i.USBD_CDC_GetFSCfgDesc  usbd_cdc.o
    0x08002db0   0x08002db0   0x0000000c   Code   RO         4442    i.USBD_CDC_GetHSCfgDesc  usbd_cdc.o
    0x08002dbc   0x08002dbc   0x0000000c   Code   RO         4443    i.USBD_CDC_GetOtherSpeedCfgDesc  usbd_cdc.o
    0x08002dc8   0x08002dc8   0x000000a2   Code   RO         4444    i.USBD_CDC_Init     usbd_cdc.o
    0x08002e6a   0x08002e6a   0x00000028   Code   RO         4445    i.USBD_CDC_ReceivePacket  usbd_cdc.o
    0x08002e92   0x08002e92   0x0000000e   Code   RO         4446    i.USBD_CDC_RegisterInterface  usbd_cdc.o
    0x08002ea0   0x08002ea0   0x0000000c   Code   RO         4447    i.USBD_CDC_SetRxBuffer  usbd_cdc.o
    0x08002eac   0x08002eac   0x00000010   Code   RO         4448    i.USBD_CDC_SetTxBuffer  usbd_cdc.o
    0x08002ebc   0x08002ebc   0x000000b0   Code   RO         4449    i.USBD_CDC_Setup    usbd_cdc.o
    0x08002f6c   0x08002f6c   0x00000010   Code   RO         4165    i.USBD_ClrClassConfig  usbd_core.o
    0x08002f7c   0x08002f7c   0x00000010   Code   RO         4376    i.USBD_CtlContinueRx  usbd_ioreq.o
    0x08002f8c   0x08002f8c   0x00000010   Code   RO         4377    i.USBD_CtlContinueSendData  usbd_ioreq.o
    0x08002f9c   0x08002f9c   0x00000016   Code   RO         4304    i.USBD_CtlError     usbd_ctlreq.o
    0x08002fb2   0x08002fb2   0x0000001e   Code   RO         4378    i.USBD_CtlPrepareRx  usbd_ioreq.o
    0x08002fd0   0x08002fd0   0x00000016   Code   RO         4379    i.USBD_CtlReceiveStatus  usbd_ioreq.o
    0x08002fe6   0x08002fe6   0x0000001a   Code   RO         4380    i.USBD_CtlSendData  usbd_ioreq.o
    0x08003000   0x08003000   0x00000016   Code   RO         4381    i.USBD_CtlSendStatus  usbd_ioreq.o
    0x08003016   0x08003016   0x00000002   PAD
    0x08003018   0x08003018   0x00000020   Code   RO          714    i.USBD_FS_ConfigStrDescriptor  usbd_desc.o
    0x08003038   0x08003038   0x0000000c   Code   RO          715    i.USBD_FS_DeviceDescriptor  usbd_desc.o
    0x08003044   0x08003044   0x00000024   Code   RO          716    i.USBD_FS_InterfaceStrDescriptor  usbd_desc.o
    0x08003068   0x08003068   0x0000000c   Code   RO          717    i.USBD_FS_LangIDStrDescriptor  usbd_desc.o
    0x08003074   0x08003074   0x00000028   Code   RO          718    i.USBD_FS_ManufacturerStrDescriptor  usbd_desc.o
    0x0800309c   0x0800309c   0x0000002c   Code   RO          719    i.USBD_FS_ProductStrDescriptor  usbd_desc.o
    0x080030c8   0x080030c8   0x00000038   Code   RO          720    i.USBD_FS_SerialStrDescriptor  usbd_desc.o
    0x08003100   0x08003100   0x0000000c   Code   RO          721    i.USBD_FS_USR_BOSDescriptor  usbd_desc.o
    0x0800310c   0x0800310c   0x000000fa   Code   RO         4305    i.USBD_GetDescriptor  usbd_ctlreq.o
    0x08003206   0x08003206   0x00000048   Code   RO         4306    i.USBD_GetString    usbd_ctlreq.o
    0x0800324e   0x0800324e   0x00000018   Code   RO          876    i.USBD_Get_USB_Status  usbd_conf.o
    0x08003266   0x08003266   0x00000034   Code   RO         4167    i.USBD_Init         usbd_core.o
    0x0800329a   0x0800329a   0x00000012   Code   RO          877    i.USBD_LL_ClearStallEP  usbd_conf.o
    0x080032ac   0x080032ac   0x00000012   Code   RO          878    i.USBD_LL_CloseEP   usbd_conf.o
    0x080032be   0x080032be   0x000000aa   Code   RO         4168    i.USBD_LL_DataInStage  usbd_core.o
    0x08003368   0x08003368   0x0000006e   Code   RO         4169    i.USBD_LL_DataOutStage  usbd_core.o
    0x080033d6   0x080033d6   0x00000004   Code   RO         4170    i.USBD_LL_DevConnected  usbd_core.o
    0x080033da   0x080033da   0x00000018   Code   RO         4171    i.USBD_LL_DevDisconnected  usbd_core.o
    0x080033f2   0x080033f2   0x00000008   Code   RO          882    i.USBD_LL_GetRxDataSize  usbd_conf.o
    0x080033fa   0x080033fa   0x00000002   PAD
    0x080033fc   0x080033fc   0x00000060   Code   RO          883    i.USBD_LL_Init      usbd_conf.o
    0x0800345c   0x0800345c   0x00000020   Code   RO          884    i.USBD_LL_IsStallEP  usbd_conf.o
    0x0800347c   0x0800347c   0x00000004   Code   RO         4172    i.USBD_LL_IsoINIncomplete  usbd_core.o
    0x08003480   0x08003480   0x00000004   Code   RO         4173    i.USBD_LL_IsoOUTIncomplete  usbd_core.o
    0x08003484   0x08003484   0x00000018   Code   RO          885    i.USBD_LL_OpenEP    usbd_conf.o
    0x0800349c   0x0800349c   0x00000012   Code   RO          886    i.USBD_LL_PrepareReceive  usbd_conf.o
    0x080034ae   0x080034ae   0x00000052   Code   RO         4174    i.USBD_LL_Reset     usbd_core.o
    0x08003500   0x08003500   0x00000014   Code   RO         4175    i.USBD_LL_Resume    usbd_core.o
    0x08003514   0x08003514   0x00000018   Code   RO         4176    i.USBD_LL_SOF       usbd_core.o
    0x0800352c   0x0800352c   0x00000006   Code   RO         4177    i.USBD_LL_SetSpeed  usbd_core.o
    0x08003532   0x08003532   0x00000012   Code   RO          887    i.USBD_LL_SetUSBAddress  usbd_conf.o
    0x08003544   0x08003544   0x00000060   Code   RO         4178    i.USBD_LL_SetupStage  usbd_core.o
    0x080035a4   0x080035a4   0x00000012   Code   RO          888    i.USBD_LL_StallEP   usbd_conf.o
    0x080035b6   0x080035b6   0x00000012   Code   RO          889    i.USBD_LL_Start     usbd_conf.o
    0x080035c8   0x080035c8   0x00000012   Code   RO         4179    i.USBD_LL_Suspend   usbd_core.o
    0x080035da   0x080035da   0x00000012   Code   RO          891    i.USBD_LL_Transmit  usbd_conf.o
    0x080035ec   0x080035ec   0x0000002c   Code   RO         4307    i.USBD_ParseSetupRequest  usbd_ctlreq.o
    0x08003618   0x08003618   0x00000022   Code   RO         4180    i.USBD_RegisterClass  usbd_core.o
    0x0800363a   0x0800363a   0x00000014   Code   RO         4182    i.USBD_SetClassConfig  usbd_core.o
    0x0800364e   0x0800364e   0x00000002   PAD
    0x08003650   0x08003650   0x000000bc   Code   RO         4308    i.USBD_SetConfig    usbd_ctlreq.o
    0x0800370c   0x0800370c   0x00000004   Code   RO         4183    i.USBD_Start        usbd_core.o
    0x08003710   0x08003710   0x00000114   Code   RO         4309    i.USBD_StdDevReq    usbd_ctlreq.o
    0x08003824   0x08003824   0x0000014c   Code   RO         4310    i.USBD_StdEPReq     usbd_ctlreq.o
    0x08003970   0x08003970   0x00000052   Code   RO         4311    i.USBD_StdItfReq    usbd_ctlreq.o
    0x080039c2   0x080039c2   0x00000002   PAD
    0x080039c4   0x080039c4   0x00000080   Code   RO         1344    i.USB_ActivateEndpoint  stm32f4xx_ll_usb.o
    0x08003a44   0x08003a44   0x0000001c   Code   RO         1346    i.USB_ActivateSetup  stm32f4xx_ll_usb.o
    0x08003a60   0x08003a60   0x00000074   Code   RO         1348    i.USB_CoreInit      stm32f4xx_ll_usb.o
    0x08003ad4   0x08003ad4   0x00000038   Code   RO         1349    i.USB_CoreReset     stm32f4xx_ll_usb.o
    0x08003b0c   0x08003b0c   0x000000cc   Code   RO         1352    i.USB_DeactivateEndpoint  stm32f4xx_ll_usb.o
    0x08003bd8   0x08003bd8   0x0000001c   Code   RO         1353    i.USB_DevConnect    stm32f4xx_ll_usb.o
    0x08003bf4   0x08003bf4   0x0000001c   Code   RO         1354    i.USB_DevDisconnect  stm32f4xx_ll_usb.o
    0x08003c10   0x08003c10   0x00000170   Code   RO         1355    i.USB_DevInit       stm32f4xx_ll_usb.o
    0x08003d80   0x08003d80   0x0000000c   Code   RO         1356    i.USB_DisableGlobalInt  stm32f4xx_ll_usb.o
    0x08003d8c   0x08003d8c   0x00000118   Code   RO         1359    i.USB_EP0StartXfer  stm32f4xx_ll_usb.o
    0x08003ea4   0x08003ea4   0x00000058   Code   RO         1360    i.USB_EP0_OutStart  stm32f4xx_ll_usb.o
    0x08003efc   0x08003efc   0x00000058   Code   RO         1361    i.USB_EPClearStall  stm32f4xx_ll_usb.o
    0x08003f54   0x08003f54   0x00000058   Code   RO         1362    i.USB_EPSetStall    stm32f4xx_ll_usb.o
    0x08003fac   0x08003fac   0x000001e8   Code   RO         1363    i.USB_EPStartXfer   stm32f4xx_ll_usb.o
    0x08004194   0x08004194   0x0000000c   Code   RO         1364    i.USB_EnableGlobalInt  stm32f4xx_ll_usb.o
    0x080041a0   0x080041a0   0x00000020   Code   RO         1365    i.USB_FlushRxFifo   stm32f4xx_ll_usb.o
    0x080041c0   0x080041c0   0x00000024   Code   RO         1366    i.USB_FlushTxFifo   stm32f4xx_ll_usb.o
    0x080041e4   0x080041e4   0x0000001a   Code   RO         1368    i.USB_GetDevSpeed   stm32f4xx_ll_usb.o
    0x080041fe   0x080041fe   0x00000008   Code   RO         1370    i.USB_GetMode       stm32f4xx_ll_usb.o
    0x08004206   0x08004206   0x0000000e   Code   RO         1377    i.USB_ReadDevAllInEpInterrupt  stm32f4xx_ll_usb.o
    0x08004214   0x08004214   0x0000000e   Code   RO         1378    i.USB_ReadDevAllOutEpInterrupt  stm32f4xx_ll_usb.o
    0x08004222   0x08004222   0x00000024   Code   RO         1379    i.USB_ReadDevInEPInterrupt  stm32f4xx_ll_usb.o
    0x08004246   0x08004246   0x00000010   Code   RO         1380    i.USB_ReadDevOutEPInterrupt  stm32f4xx_ll_usb.o
    0x08004256   0x08004256   0x00000008   Code   RO         1381    i.USB_ReadInterrupts  stm32f4xx_ll_usb.o
    0x0800425e   0x0800425e   0x0000001c   Code   RO         1382    i.USB_ReadPacket    stm32f4xx_ll_usb.o
    0x0800427a   0x0800427a   0x0000002e   Code   RO         1384    i.USB_SetCurrentMode  stm32f4xx_ll_usb.o
    0x080042a8   0x080042a8   0x00000022   Code   RO         1385    i.USB_SetDevAddress  stm32f4xx_ll_usb.o
    0x080042ca   0x080042ca   0x00000002   PAD
    0x080042cc   0x080042cc   0x000000e8   Code   RO         1387    i.USB_SetTurnaroundTime  stm32f4xx_ll_usb.o
    0x080043b4   0x080043b4   0x00000024   Code   RO         1390    i.USB_WritePacket   stm32f4xx_ll_usb.o
    0x080043d8   0x080043d8   0x00000002   Code   RO          558    i.UsageFault_Handler  stm32f4xx_it.o
    0x080043da   0x080043da   0x00000020   Code   RO         2502    i.__NVIC_SetPriority  stm32f4xx_hal_cortex.o
    0x080043fa   0x080043fa   0x0000000e   Code   RO         4604    i.__scatterload_copy  mc_w.l(handlers.o)
    0x08004408   0x08004408   0x00000002   Code   RO         4605    i.__scatterload_null  mc_w.l(handlers.o)
    0x0800440a   0x0800440a   0x0000000e   Code   RO         4606    i.__scatterload_zeroinit  mc_w.l(handlers.o)
    0x08004418   0x08004418   0x00000110   Code   RO           18    i.bmi088_accel_init  bmi088driver.o
    0x08004528   0x08004528   0x000000dc   Code   RO           19    i.bmi088_gyro_init  bmi088driver.o
    0x08004604   0x08004604   0x00000050   Code   RO         4550    i.free              mc_w.l(malloc.o)
    0x08004654   0x08004654   0x00000040   Code   RO          266    i.main              main.o
    0x08004694   0x08004694   0x0000006c   Code   RO         4551    i.malloc            mc_w.l(malloc.o)
    0x08004700   0x08004700   0x00000008   Data   RO         2201    .constdata          stm32f4xx_hal_dma.o
    0x08004708   0x08004708   0x00000010   Data   RO         4129    .constdata          system_stm32f4xx.o
    0x08004718   0x08004718   0x00000020   Data   RO         4602    Region$$Table       anon$$obj.o


    Execution Region RW_IRAM1 (Exec base: 0x20000000, Load base: 0x08004738, Size: 0x00002818, Max: 0x00020000, ABSOLUTE, COMPRESSED[0x00000100])

    Exec Addr    Load Addr    Size         Type   Attr      Idx    E Section Name        Object

    0x20000000   COMPRESSED   0x0000002c   Data   RW           20    .data               bmi088driver.o
    0x2000002c   COMPRESSED   0x00000004   Data   RW          268    .data               main.o
    0x20000030   COMPRESSED   0x00000020   Data   RW          723    .data               usbd_desc.o
    0x20000050   COMPRESSED   0x0000003e   Data   RW          724    .data               usbd_desc.o
    0x2000008e   COMPRESSED   0x00000002   PAD
    0x20000090   COMPRESSED   0x00000014   Data   RW          812    .data               usbd_cdc_if.o
    0x200000a4   COMPRESSED   0x0000000c   Data   RW         2646    .data               stm32f4xx_hal.o
    0x200000b0   COMPRESSED   0x00000004   Data   RW         4131    .data               system_stm32f4xx.o
    0x200000b4   COMPRESSED   0x00000001   Data   RW         4312    .data               usbd_ctlreq.o
    0x200000b5   COMPRESSED   0x00000003   PAD
    0x200000b8   COMPRESSED   0x000000d7   Data   RW         4451    .data               usbd_cdc.o
    0x2000018f   COMPRESSED   0x00000001   PAD
    0x20000190   COMPRESSED   0x00000038   Data   RW         4452    .data               usbd_cdc.o
    0x200001c8   COMPRESSED   0x00000004   Data   RW         4598    .data               mc_w.l(mvars.o)
    0x200001cc   COMPRESSED   0x00000004   Data   RW         4599    .data               mc_w.l(mvars.o)
    0x200001d0        -       0x00000018   Zero   RW          267    .bss                main.o
    0x200001e8        -       0x00000118   Zero   RW          460    .bss                spi.o
    0x20000300        -       0x00000040   Zero   RW          503    .bss                tim.o
    0x20000340        -       0x000002d0   Zero   RW          666    .bss                usb_device.o
    0x20000610        -       0x00000200   Zero   RW          722    .bss                usbd_desc.o
    0x20000810        -       0x00001000   Zero   RW          811    .bss                usbd_cdc_if.o
    0x20001810        -       0x00000408   Zero   RW          892    .bss                usbd_conf.o
    0x20001c18        -       0x00000400   Zero   RW            2    HEAP                startup_stm32f446xx.o
    0x20002018        -       0x00000800   Zero   RW            1    STACK               startup_stm32f446xx.o


==============================================================================

Image component sizes


      Code (inc. data)   RO Data    RW Data    ZI Data      Debug   Object Name

       936         16          0         44          0      10898   bmi088driver.o
       170         28          0          0          0       4608   bmi088middleware.o
        60          4          0          0          0        782   dma.o
       172         12          0          0          0        971   gpio.o
       222         18          0          4         24     715802   main.o
       280         28          0          0        280       1851   spi.o
        36          8        452          0       3072        836   startup_stm32f446xx.o
       180         28          0         12          0       9261   stm32f4xx_hal.o
       198         14          0          0          0      33935   stm32f4xx_hal_cortex.o
       752         16          8          0          0       4068   stm32f4xx_hal_dma.o
       434         40          0          0          0       2388   stm32f4xx_hal_gpio.o
        48          6          0          0          0        854   stm32f4xx_hal_msp.o
      2380         14          0          0          0      12785   stm32f4xx_hal_pcd.o
       116          6          0          0          0       2468   stm32f4xx_hal_pcd_ex.o
       320         26          0          0          0       2176   stm32f4xx_hal_rcc.o
      2060         74          0          0          0       4490   stm32f4xx_hal_rcc_ex.o
       846          8          0          0          0       4729   stm32f4xx_hal_spi.o
       850         80          0          0          0       6810   stm32f4xx_hal_tim.o
       144         28          0          0          0       1340   stm32f4xx_hal_tim_ex.o
        56         18          0          0          0       5578   stm32f4xx_it.o
      2578        132          0          0          0      22683   stm32f4xx_ll_usb.o
        28          6         16          4          0       1155   system_stm32f4xx.o
       232         32          0          0         64       2287   tim.o
        84         18          0          0        720       2587   usb_device.o
       718         16          0        271          0      12679   usbd_cdc.o
        72         16          0         20       4096       3218   usbd_cdc_if.o
       730         24          0          0       1032      16345   usbd_conf.o
       688          0          0          0          0      12373   usbd_core.o
      1276         22          0          1          0      14052   usbd_ctlreq.o
       300        108          0         94        512       6805   usbd_desc.o
       132          0          0          0          0       4500   usbd_ioreq.o

    ----------------------------------------------------------------------
     17126        846        508        456       9800     925314   Object Totals
         0          0         32          0          0          0   (incl. Generated)
        28          0          0          6          0          0   (incl. Padding)

    ----------------------------------------------------------------------

      Code (inc. data)   RO Data    RW Data    ZI Data      Debug   Library Member Name

        86          0          0          0          0          0   __dczerorl2.o
         0          0          0          0          0          0   entry.o
         0          0          0          0          0          0   entry10a.o
         0          0          0          0          0          0   entry11a.o
         4          0          0          0          0          0   entry12b.o
         8          4          0          0          0          0   entry2.o
         4          0          0          0          0          0   entry5.o
         0          0          0          0          0          0   entry7b.o
         0          0          0          0          0          0   entry8b.o
         8          4          0          0          0          0   entry9a.o
        30          0          0          0          0          0   handlers.o
        36          8          0          0          0         68   init.o
        30          0          0          0          0         68   llshl.o
        32          0          0          0          0         68   llushr.o
       188         20          0          0          0        160   malloc.o
        36          0          0          0          0         68   memcpya.o
        36          0          0          0          0        108   memseta.o
         0          0          0          8          0          0   mvars.o
        98          0          0          0          0         92   uldiv.o

    ----------------------------------------------------------------------
       598         36          0          8          0        632   Library Totals
         2          0          0          0          0          0   (incl. Padding)

    ----------------------------------------------------------------------

      Code (inc. data)   RO Data    RW Data    ZI Data      Debug   Library Name

       596         36          0          8          0        632   mc_w.l

    ----------------------------------------------------------------------
       598         36          0          8          0        632   Library Totals

    ----------------------------------------------------------------------

==============================================================================


      Code (inc. data)   RO Data    RW Data    ZI Data      Debug   

     17724        882        508        464       9800     906370   Grand Totals
     17724        882        508        256       9800     906370   ELF Image Totals (compressed)
     17724        882        508        256          0          0   ROM Totals

==============================================================================

    Total RO  Size (Code + RO Data)                18232 (  17.80kB)
    Total RW  Size (RW Data + ZI Data)             10264 (  10.02kB)
    Total ROM Size (Code + RO Data + RW Data)      18488 (  18.05kB)

==============================================================================

